JWlink Version 1.9beta 8
Portions Copyright (c) 1985-2002 Sybase, Inc. All Rights Reserved.
Created on:       12/11/30 12:21:53
Warning! W1171: Locally defined symbol _MessageBoxA@16 is imported
Executable Image: Debug\jwlib.exe
creating a PE executable


                        +------------+
                        |   Groups   |
                        +------------+

Group                           Address              Size
=====                           =======              ====

.rdata                          00428000             00000666
DGROUP                          00429000             00102000



                        +--------------+
                        |   Segments   |
                        +--------------+

Segment                Class          Group          Address         Size
=======                =====          =====          =======         ====

BEGTEXT                CODE           AUTO           00401000        00000007
_TEXT                  CODE           AUTO           00401010        00025ff1
TRANSFER CODE          CODE           AUTO           00427004        0000000a
.idata                 CONST          .rdata         00428000        00000666
_NULL                  BEGDATA        DGROUP         00429000        00000004
_AFTERNULL             BEGDATA        DGROUP         00429004        00000000
CONST                  DATA           DGROUP         00429004        0000005c
CONST2                 DATA           DGROUP         00429060        00000000
_DATA                  DATA           DGROUP         00429060        00000d68
XIB                    DATA           DGROUP         00429dc8        00000000
XI                     DATA           DGROUP         00429dc8        00000024
XIE                    DATA           DGROUP         00429dec        00000000
YIB                    DATA           DGROUP         00429dec        00000000
YI                     DATA           DGROUP         00429dec        0000001e
YIE                    DATA           DGROUP         00429e0a        00000000
TIB                    DATA           DGROUP         00429e0a        00000000
TI                     DATA           DGROUP         00429e0a        00000000
TIE                    DATA           DGROUP         00429e0a        00000000
DATA                   DATA           DGROUP         00429e0a        00000000
_BSS                   BSS            DGROUP         00429e0c        000011f0
STACK                  STACK          DGROUP         0042b000        00100000


                        +----------------+
                        |   Memory Map   |
                        +----------------+

* = unreferenced symbol
+ = symbol only referenced locally

Address        Symbol
=======        ======

Module: Debug/wlib.obj(C:\Projects\JWlink\JWlib\c\wlib.c)
0040104d       InitSubSystems_
004010bb       WlibMainLine_
00401156       FiniSubSystems_
00429e0c       _Env
Module: Debug/libio.obj(C:\Projects\JWlink\JWlib\c\libio.c)
004011a7       InitLibIo_
004011d2       ResetLibIo_
00401234       LibOpen_
00401392       LibReadError_
004013d2+      LibWriteError_
00401412       BadLibrary_
004014a6       LibRead_
0040166a       LibWrite_
0040174e       LibClose_
004017f3       LibSeek_
004018db       LibTell_
Module: Debug/symtable.obj(C:\Projects\JWlink\JWlib\c\symtable.c)
00401bbb       InitFileTab_
00401d3c       CleanFileTab_
00401de0       ResetFileTab_
00401e60       FiniFileTab_
00402425       WriteFile_
00402f1c       WriteFileTable_
00403068       AddSym_
00403214*      DumpFileTable_
004033af*      DumpHashTable_
00403473       RemoveObjectSymbols_
00403564       AddObjectSymbols_
0040369a       OmfMKImport_
004037c8       CoffMKImport_
00403914       ElfMKImport_
00403db8       ListContents_
Module: Debug/omfproc.obj(C:\Projects\JWlink\JWlib\c\omfproc.c)
0040415d       InitOmfRec_
00404197       FiniOmfRec_
00404dfb       OmfCopy_
00404e36       OmfSkipObject_
00404e6c       OmfExtract_
00404ec7       OmfImportSize_
00404f5b       OmfWriteImport_
00405141       OMFWalkSymList_
Module: Debug/writelib.obj(C:\Projects\JWlink\JWlib\c\writelib.c)
004051f3       WriteNew_
00405228       WriteNewLib_
0040540d       WriteBigEndian32_
00405474       WriteLittleEndian32_
004054a5       WriteLittleEndian16_
0042a194       _ExportListFile
0042a198       _NewLibrary
Module: Debug/convert.obj(C:\Projects\JWlink\JWlib\c\convert.c)
00405592       GetARName_
0040569c       GetFFName_
004057c2       GetARHeaderValues_
0040596f       CreateARHeader_
Module: Debug/wlibutil.obj(C:\Projects\JWlink\JWlib\c\wlibutil.c)
00405a87       SymbolNameCmp_
00405ad6       GetFileContents_
00405b5a       NewArchHeader_
00405c37       Copy_
00405c9f       SameFile_
00405d10       SameName_
00405d89       MakeFName_
00405dce       IsExt_
00405e2b       DefaultExtension_
00405e91       MakeObjOutputName_
00405f4c       MakeListName_
00405fa9       MakeBakName_
00406012       MakeTmpName_
004060ff       TrimPath_
0040615a       FormSym_
004061b4       LibFormat_
Module: Debug/libwalk.obj(C:\Projects\JWlink\JWlib\c\libwalk.c)
004062c3       LibWalk_
0040642a       OMFLibWalk_
Module: Debug/symlist.obj(C:\Projects\JWlink\JWlib\c\symlist.c)
0040665f       ObjWalkSymList_
Module: Debug/proclib.obj(C:\Projects\JWlink\JWlib\c\proclib.c)
00406e82       ProcessCommands_
Module: Debug/cmdline.obj(C:\Projects\JWlink\JWlib\c\cmdline.c)
004080a6       ProcessCmdLine_
004082c6       InitCmdLine_
00408313       ResetCmdLine_
0042a628       _Options
0042a64c       _CmdList
Module: Debug/error.obj(C:\Projects\JWlink\JWlib\c\error.c)
00409338       InitMsg_
00409359       MsgGet_
00409392       FiniMsg_
Module: Debug/implib.obj(C:\Projects\JWlink\JWlib\c\implib.c)
0040a34c       ProcessImport_
0040ab06       ElfImportSize_
0040abc4       CoffImportSize_
0040acf8       ElfWriteImport_
0040b076       AddImport_
Module: Debug/elfobjs.obj(C:\Projects\JWlink\JWlib\c\elfobjs.c)
004291d8       _ElfBase
004292fa       _ElfOSInfo
Module: Debug/orlrtns.obj(C:\Projects\JWlink\JWlib\c\orlrtns.c)
0040b323       FiniObj_
0040b34e       InitObj_
0040b4ba       OpenObjFile_
0040b501       OpenLibFile_
0040b5aa       CloseObjFile_
0040b5e7       CloseLibFile_
Module: Debug/memfuncs.obj(C:\Projects\JWlink\JWlib\c\memfuncs.c)
0040b613       InitMem_
0040b63e       MemAlloc_
0040b6cd       MemRealloc_
0040b7ab       MemFree_
0040b82d       MemAllocGlobal_
0040b87d*      MemReallocGlobal_
0040b8d1       MemFreeGlobal_
0040b905       ResetMem_
0040b94d       FiniMem_
0040b96e       DupStr_
0040b9b7       DupStrGlobal_
Module: Debug/ideentry.obj(C:\Projects\JWlink\JWlib\c\ideentry.c)
0040bb52       _MessageBoxA@16
0040bbaa*      IDEGetVersion_
0040bbd5       IDEInitDLL_
0040bc2d       IDEPassInitInfo_
0040bc64       IDERunYourSelf_
0040bcc2*      IDERunYourSelfArgv_
0040bcff       IDEStopRunning_
0040bd5b*      IDEFreeHeap_
0040bd81       IDEFiniDLL_
0040bdaa       WlibGetEnv_
0040be13*      FatalResError_
0040be78       FatalError_
0040bf01       Warning_
0040bf8c       Message_
0040c009       Usage_
0040c141       Banner_
Module: Debug/idedrv.obj(C:\Projects\JWlink\JWlib\c\idedrv.c)
0040c677       IdeDrvExecDLL_
0040c713       IdeDrvUnloadDLL_
0040c75c*      IdeDrvStopRunning_
Module: Debug/idemsgfm.obj(C:\Projects\JWlink\JWlib\c\idemsgfm.c)
0040cb05       IdeMsgFormat_
0040cd84*      IdeMsgStartDll_
Module: Debug/idemsgpr.obj(C:\Projects\JWlink\JWlib\c\idemsgpr.c)
0040cdac       IdeMsgInit_
0040ce3a*      IdeMsgSetReadable_
0040ce65*      IdeMsgSetMsgNo_
0040ce9a*      IdeMsgSetMsgGroup_
0040cef9*      IdeMsgSetLnkFile_
0040cf2e*      IdeMsgSetLnkSymbol_
0040cf63*      IdeMsgSetSrcFile_
0040cf98*      IdeMsgSetSrcLine_
0040cfcd*      IdeMsgSetSrcColumn_
0040d002*      IdeMsgSetHelp_
Module: Debug/maindrv.obj(C:\Projects\JWlink\JWlib\c\maindrv.c)
0040d05d       main_
0042a70c       _ImageName
Module: Debug/demangle.obj(C:\Projects\JWlink\lib_misc\c\demangle.c)
0041037c*      __demangle_t_
00410401       __demangle_l_
00410488*      __demangle_r_
0041053c*      __scope_name_
004105f7+      __is_mangled_
0041074b*      __is_mangled_internal_
004107b4*      __unmangled_name_
0041088a*      __demangled_basename_
Module: Debug/omfutil.obj(C:\Projects\JWlink\JWlib\c\omfutil.c)
00410925       InitOmfUtil_
0041095f       FiniOmfUtil_
004109e6       PadOmf_
00410eea       WriteOmfDict_
00411053       WriteOmfFile_
Module: Debug/coffwrt.obj(C:\Projects\JWlink\JWlib\c\coffwrt.c)
0041186f       CoffWriteImport_
Module: Debug/inlib.obj(C:\Projects\JWlink\JWlib\c\inlib.c)
004127fe       AddInputLib_
00412860       CloseOneInputLib_
004128b9       InitInputLibs_
004128e4       ResetInputLibs_
00412949       FindInLib_
004129a2       InLibHandle_
Module: Debug/debug.obj(C:\Projects\JWlink\JWlib\c\debug.c)
004129f3       _Debug_
004295bc+      _Debug
Module: \watcom\lib386\nt\clib3r.lib(stk)
00412a41       __CHK
00412a51*      __STK
00412a70       __STKOVERFLOW_
00412a80       __GRO
00412aa0*      __alloca_probe
Module: \watcom\lib386\nt\clib3r.lib(setjmp)
00412ab4       _setjmp_
00412aed       longjmp_
Module: \watcom\lib386\nt\clib3r.lib(close.c)
00412b80       close_
Module: \watcom\lib386\nt\clib3r.lib(openwnt.c)
00412da0       open_
00412dc0       sopen_
Module: \watcom\lib386\nt\clib3r.lib(errno.c)
00412df0       __get_errno_ptr_
00412e00*      __get_doserrno_ptr_
Module: \watcom\lib386\nt\clib3r.lib(strerror.c)
00413130       strerror_
00413150*      _strerror_
00413220*      _doserror_
004295d0+      __sys_errlist
00429674+      __sys_nerr
Module: \watcom\lib386\nt\clib3r.lib(write.c)
004134a0       write_
Module: \watcom\lib386\nt\clib3r.lib(memcpy.c)
00413700       memcpy_
Module: \watcom\lib386\nt\clib3r.lib(read.c)
00413720       read_
Module: \watcom\lib386\nt\clib3r.lib(filelen.c)
004138b0       filelength_
Module: \watcom\lib386\nt\clib3r.lib(lseek.c)
00413930       lseek_
Module: \watcom\lib386\nt\clib3r.lib(tell.c)
00413980       tell_
Module: \watcom\lib386\nt\clib3r.lib(memset.c)
004139a0       memset_
Module: \watcom\lib386\nt\clib3r.lib(strlen.c)
004139c0       strlen_
Module: \watcom\lib386\nt\clib3r.lib(_strcmp)
004139e0       strcmp_
Module: \watcom\lib386\nt\clib3r.lib(splitpat.c)
00413b60       _splitpath_
Module: \watcom\lib386\nt\clib3r.lib(qsort.c)
00413c80       qsort_
Module: \watcom\lib386\nt\clib3r.lib(time.c)
00414330       time_
Module: \watcom\lib386\nt\clib3r.lib(strchr.c)
00414370       strchr_
Module: \watcom\lib386\nt\clib3r.lib(strcpy.c)
00414390       strcpy_
Module: \watcom\lib386\nt\clib3r.lib(itoa.c)
004143c0+      utoa_
00414410       itoa_
Module: \watcom\lib386\nt\clib3r.lib(printf.c)
00414440       printf_
Module: \watcom\lib386\nt\clib3r.lib(iob.c)
00429678       ___iob
00429880       __fmode
0042a874       ___OpenStreams
0042a878       ___ClosedStreams
Module: \watcom\lib386\nt\clib3r.lib(fflush.c)
00414470       fflush_
Module: ../orl/osi386/orl.lib(C:\Projects\JWlink\orl\c\orlentry.c)
00414480       ORLInit_
004144db*      ORLGetError_
004144df       ORLFini_
00414529       ORLFileIdentify_
004147e4       ORLFileInit_
0041487f       ORLFileFini_
004148bf       ORLExportTableRVA_
004148da       ORLFileScan_
0041490e       ORLFileGetMachineType_
00414942       ORLFileGetFlags_
00414976*      ORLFileGetSize_
004149aa*      ORLFileGetType_
004149de       ORLFileGetFormat_
004149e2       ORLFileGetSymbolTable_
00414a16*      ORLSecGetName_
00414a40       ORLSecGetBase_
00414a6a       ORLSecGetSize_
00414a94*      ORLSecGetType_
00414abe*      ORLSecGetAlignment_
00414ae8*      ORLSecGetFlags_
00414b12       ORLSecGetStringTable_
00414b3c       ORLSecGetSymbolTable_
00414b66*      ORLSecGetRelocTable_
00414b90*      ORLSecGetLines_
00414bb1*      ORLSecGetNumLines_
00414bd2*      ORLSecGetOffset_
00414bde*      ORLSecGetClassName_
00414bea*      ORLSecGetCombine_
00414bf6*      ORLSecGetAbsFrame_
00414c05*      ORLSecGetAssociated_
00414c11*      ORLSecGetGroup_
00414c1d       ORLSecGetContents_
00414c47*      ORLSecQueryReloc_
00414c71*      ORLSecScanReloc_
00414c9b*      ORLCvtSecHdlToIdx_
00414cc5*      ORLCvtIdxToSecHdl_
00414cf9*      ORLRelocSecScan_
00414d23       ORLSymbolSecScan_
00414d4d*      ORLNoteSecScan_
00414d77       ORLSymbolGetName_
00414da1       ORLSymbolGetValue_
00414dcb       ORLSymbolGetBinding_
00414df5       ORLSymbolGetType_
00414e1f       ORLSymbolGetRawInfo_
00414e42*      ORLSymbolGetSecHandle_
00414e6c*      ORLSymbolGetAssociated_
00414e8f*      ORLGroupsScan_
00414eb3*      ORLGroupName_
00414ebf*      ORLGroupSize_
00414ecb*      ORLGroupMember_
Module: \watcom\lib386\nt\clib3r.lib(bprintf.c)
00414f10       _vbprintf_
00414f40*      _bprintf_
00414f70+      _vsnprintf_
00414fd0       _snprintf_
Module: \watcom\lib386\nt\clib3r.lib(fprintf.c)
00415000       fprintf_
Module: \watcom\lib386\nt\clib3r.lib(fputc.c)
00415030       fputc_
Module: \watcom\lib386\nt\clib3r.lib(localtim.c)
00415110+      _localtime_
00415170       localtime_
Module: \watcom\lib386\nt\clib3r.lib(strftime.c)
004153ed       strftime_
Module: \watcom\lib386\nt\clib3r.lib(fopen.c)
00415930+      __open_flags_
00415b40+      _fsopen_
00415b90       fopen_
00415c20*      freopen_
Module: \watcom\lib386\nt\clib3r.lib(fclose.c)
00415c90       __doclose_
00415d30       __shutdown_stream_
00415d50       fclose_
0042a87c+      ___RmTmpFileFn
Module: \watcom\lib386\nt\clib3r.lib(memcmp.c)
00415da0       memcmp_
Module: \watcom\lib386\nt\clib3r.lib(accsswnt.c)
00415dc0       access_
Module: \watcom\lib386\nt\clib3r.lib(remove.c)
00415df0       remove_
Module: \watcom\lib386\nt\clib3r.lib(renamwnt.c)
00415e00       rename_
Module: \watcom\lib386\nt\clib3r.lib(strtol.c)
00416040       strtoul_
00416050       strtol_
Module: \watcom\lib386\nt\clib3r.lib(strncpy.c)
00416060       strncpy_
Module: \watcom\lib386\nt\clib3r.lib(ltoa.c)
004160a0       ultoa_
004160f0*      ltoa_
Module: \watcom\lib386\nt\clib3r.lib(stricmp.c)
00416120       stricmp_
Module: \watcom\lib386\nt\clib3r.lib(statwnt.c)
00416265       stat_
Module: \watcom\lib386\nt\clib3r.lib(fullpath.c)
004164b0+      _sys_fullpath_
00416530       _fullpath_
Module: \watcom\lib386\nt\clib3r.lib(makepath.c)
004165c0       _makepath_
Module: \watcom\lib386\nt\clib3r.lib(sprintf.c)
00416770       sprintf_
Module: \watcom\lib386\nt\clib3r.lib(strncmp.c)
004167a0       strncmp_
Module: \watcom\lib386\nt\clib3r.lib(unlnkwnt.c)
004167d0       unlink_
Module: \watcom\lib386\nt\clib3r.lib(istable.c)
004167f0       __IsTable
Module: \watcom\lib386\nt\clib3r.lib(tolower.c)
00416900       tolower_
Module: \watcom\lib386\nt\clib3r.lib(fgets.c)
00416910       fgets_
Module: \watcom\lib386\nt\clib3r.lib(strcat.c)
00416980       strcat_
Module: \watcom\lib386\nt\clib3r.lib(nmalloc.c)
004169b0       _nmalloc_
004169b0       malloc_
00429910       ___nheapbeg
00429914       ___MiniHeapRover
00429918       ___LargestSizeB4MiniHeapRover
Module: \watcom\lib386\nt\clib3r.lib(nrealloc.c)
00416ab0*      _nrealloc_
00416ab0       realloc_
Module: \watcom\lib386\nt\clib3r.lib(nfree.c)
00416b30       _nfree_
00416b30       free_
0042a880       ___MiniHeapFreeRover
Module: \watcom\lib386\nt\clib3r.lib(exit.c)
00416c38+      __null_int23_exit_
00416c39       exit_
00416c89*      _exit_
0042991c+      ___int23_exit
00429920+      ___FPE_handler_exit
Module: \watcom\lib386\nt\clib3r.lib(nheapmin.c)
00416ca0       _nheapshrink_
00416ca0*      _nheapmin_
00416ca0*      _heapmin_
00416ca0       _heapshrink_
Module: \watcom\lib386\nt\clib3r.lib(getchwnt.c)
00416e90       getch_
Module: \watcom\lib386\nt\clib3r.lib(fputs.c)
00416f00       fputs_
Module: \watcom\lib386\nt\clib3r.lib(getenv.c)
00416fa0       getenv_
Module: \watcom\lib386\nt\clib3r.lib(signlwnt.c)
00429928+      __SignalTable
00417030+      __SetSignalFunc_
00417080+      __GetSignalFunc_
004170b0+      __GetSignalOSCode_
004170e0+      __CheckSignalExCode_
00417220+      __sigabort_
00417230       __sigfpe_handler_
00417280       signal_
00417310+      raise_
00417380+      __SigInit_
004173d0+      __SigFini_
00417410+      __sig_init_
Module: \watcom\lib386\nt\clib3r.lib(isattwnt.c)
00417430       isatty_
Module: \watcom\lib386\nt\clib3r.lib(assert99.c)
004174a0       _assert99_
00417660*      __assert99_
Module: \watcom\lib386\nt\clib3r.lib(gtcmd.c)
004176d0       _bgetcmd_
00417740*      getcmd_
Module: \watcom\lib386\nt\clib3r.lib(strrchr.c)
00417760       strrchr_
Module: \watcom\lib386\nt\clib3r.lib(putenv.c)
00417780       putenv_
00417a10       __putenv_
Module: \watcom\lib386\nt\clib3r.lib(cstrtwnt)
00417b7a       _cstart_
00417b7a*      mainCRTStartup
Module: \watcom\lib386\nt\clib3r.lib(argcv.c)
0042a894       __argc
0042a898       __argv
0042a89c       ___argv
0042a8a0       ___argc
Module: \watcom\lib386\nt\clib3r.lib(memmove.c)
00417be0       memmove_
Module: \watcom\lib386\nt\clib3r.lib(stackwnt.c)
00417c40       stackavail_
Module: \watcom\lib386\nt\clib3r.lib(toupper.c)
00417c50       toupper_
Module: \watcom\lib386\nt\clib3r.lib(memicmp.c)
00417c60       memicmp_
Module: \watcom\lib386\nt\clib3r.lib(vprintf.c)
00417ca0       vprintf_
Module: \watcom\lib386\nt\clib3r.lib(xmsgwnt.c)
00417cc0+      __exit_with_msg_
00417d20       __fatal_runtime_error_
Module: \watcom\lib386\nt\clib3r.lib(mainwnt.c)
00429994*      ___TlsIndex
00429998+      ___FirstThreadData
0042999c       ___GetThreadPtr
004299a0       __AccessFileH
004299a4       __ReleaseFileH
004299a8       __AccessIOB
004299ac       __ReleaseIOB
004299b0       __AccessNHeap
004299b4*      __AccessFHeap
004299b8       __ReleaseNHeap
00417d50*      __threadid_
00417d70+      __sig_null_rtn_
00417d80+      __NTInit_
00417f60+      __NTFini_
00417fc0       __NTMainInit_
00418020       __exit_
004299bc*      __ReleaseFHeap
004299c0*      __AccessTDList
004299c4*      __ReleaseTDList
004299c8       __AccessFList
004299cc       __ReleaseFList
004299d0+      __ThreadExitRtn
004299d4       ___sig_init_rtn
004299d8       ___sig_fini_rtn
004299dc       ___process_fini
0042a8ac       ___Is_DLL
Module: \watcom\lib386\nt\clib3r.lib(ljmphdl.c)
004299e0       ___longjmp_handler
Module: \watcom\lib386\nt\clib3r.lib(iomode.c)
00418080       __GetIOMode_
004180a0       __SetIOMode_nogrow_
004299e4       ___NFiles
004299e8       ___init_mode
00429a38       ___io_mode
Module: \watcom\lib386\nt\clib3r.lib(_clsewnt.c)
004180c0       __close_
Module: \watcom\lib386\nt\clib3r.lib(seterrno.c)
00418116       __set_errno_
00418124*      __set_EDOM_
00418132*      __set_ERANGE_
00418140*      __set_EINVAL_
00418153       __set_doserrno_
Module: \watcom\lib386\nt\clib3r.lib(hdlman.c)
00429a3c+      ___NHandles
00429a40+      ___OSHandles
00429a44+      ___FakeHandles
00418170+      __growPOSIXHandles_
00418210       __allocPOSIXHandle_
004182d0       __freePOSIXHandle_
004182f0       __getOSHandle_
00418300       __setOSHandle_
00418350+      __NTGetFakeHandle_
004183c0       __initPOSIXHandles_
004184a0*      __set_handles_
004184b0*      _grow_handles_
Module: \watcom\lib386\nt\clib3r.lib(ntfio.c)
004184f0*      __GetNTCreateAttr_
00418530       __GetNTAccessAttr_
00418560       __GetNTShareAttr_
Module: \watcom\lib386\nt\clib3r.lib(umaskval.c)
00429a50       ___umaskval
Module: \watcom\lib386\nt\clib3r.lib(stiomode.c)
004185c0       __grow_iomode_
00418690+      __shrink_iomode_
004186d0       __SetIOMode_
Module: \watcom\lib386\nt\clib3r.lib(dosret.c)
00418740*      _dosretax_
00418750*      _dosret0_
00418760       __set_errno_dos_
00418790*      __set_errno_dos_reterr_
004187a0       __set_errno_nt_
004187b0*      __set_errno_nt_reterr_
Module: \watcom\lib386\nt\clib3r.lib(iomodtty.c)
004187d0       __ChkTTYIOMode_
00418810*      __IOMode_
Module: \watcom\lib386\nt\clib3r.lib(__lseek.c)
00418830       __lseek_
Module: \watcom\lib386\nt\clib3r.lib(__stos)
00418870       __STOSB
004188a7*      __STOSD
Module: \watcom\lib386\nt\clib3r.lib(mbsnccnt.c)
00418920       _mbsnccnt_
Module: \watcom\lib386\nt\clib3r.lib(mbsncpy.c)
00418950       _mbsncpy_
Module: \watcom\lib386\nt\clib3r.lib(mbsnbcnt.c)
00418970       _mbsnbcnt_
Module: \watcom\lib386\nt\clib3r.lib(mbsnextc.c)
004189e0       _mbsnextc_
Module: \watcom\lib386\nt\clib3r.lib(mbsinc.c)
00418a20       _mbsinc_
Module: \watcom\lib386\nt\clib3r.lib(gtctmwnt.c)
00418a50       __getctime_
Module: \watcom\lib386\nt\clib3r.lib(mktime.c)
00418ac0       mktime_
Module: \watcom\lib386\nt\clib3r.lib(alphabet.c)
00429004       ___Alphabet
Module: \watcom\lib386\nt\clib3r.lib(fprtf.c)
00418b70       __fprtf_
Module: \watcom\lib386\nt\clib3r.lib(initfile.c)
00418c60       __InitFiles_
Module: \watcom\lib386\nt\clib3r.lib(ioexit.c)
00418d60*      fcloseall_
00418d70       __full_io_exit_
Module: \watcom\lib386\nt\clib3r.lib(flush.c)
00418d80       __flush_
Module: \watcom\lib386\nt\clib3r.lib(flushall.c)
00418e80       __flushall_
00418ec0       flushall_
Module: ../orl/osi386/orl.lib(C:\Projects\JWlink\orl\elf\c\elfentr.c)
00418ed0       ElfInit_
00418eec       ElfFini_
00418f0f       ElfFileInit_
00418f5c       ElfFileFini_
00418f61       ElfFileScan_
00418fb9       ElfFileGetMachineType_
00418fbd       ElfFileGetFlags_
00418fc2       ElfFileGetType_
00418fc6       ElfFileGetSize_
00418fca       ElfFileGetSymbolTable_
00418fce       ElfSymbolGetName_
00418fce       ElfSecGetName_
00418fd2       ElfSecGetBase_
00418fd6       ElfSymbolGetValue_
00418fd6       ElfSecGetSize_
00418fda       ElfSecGetType_
00418fde       ElfSecGetFlags_
00418fe3       ElfSecGetAlignment_
00418fe7       ElfSecGetStringTable_
00419003       ElfSecGetSymbolTable_
00419024       ElfSecGetRelocTable_
0041904b       ElfSecGetContents_
0041905d       ElfSecQueryReloc_
004190c6       ElfSecScanReloc_
00419125       ElfCvtSecHdlToIdx_
0041915a       ElfCvtIdxToSecHdl_
00419189       ElfRelocSecScan_
004191e5       ElfSymbolSecScan_
0041923d       ElfNoteSecScan_
0041927c       ElfSymbolGetBinding_
00419280       ElfSymbolGetType_
00419285       ElfSymbolGetRawInfo_
00419289       ElfSymbolGetSecHandle_
004192a2       ElfSymbolGetAssociated_
Module: ../orl/osi386/orl.lib(C:\Projects\JWlink\orl\coff\c\coffentr.c)
004192bc       CoffInit_
004192d8       CoffFini_
004192fb       CoffFileInit_
0041935d       CoffFileFini_
00419362       CoffFileScan_
004193ba       CoffExportTableRVA_
004193be       CoffFileGetMachineType_
004193c2       CoffFileGetFlags_
004193c7       CoffFileGetType_
004193cb       CoffSecGetBase_
004193cb       CoffFileGetSize_
004193cf       CoffFileGetSymbolTable_
004193d3       CoffSecGetStringTable_
004193da       CoffSecGetSymbolTable_
004193e1       CoffSecGetName_
004193e5       CoffSecGetSize_
004193e9       CoffSecGetType_
004193ed       CoffSecGetFlags_
004193f2       CoffSecGetAlignment_
004193f6       CoffSecGetRelocTable_
00419403       CoffSecGetNumLines_
00419415       CoffSecGetLines_
00419433       CoffSecGetOffset_
00419444       CoffSecGetContents_
00419456       CoffSecQueryReloc_
004194ae       CoffCvtSecHdlToIdx_
004194df       CoffCvtIdxToSecHdl_
004194e7       CoffSecScanReloc_
00419538       CoffRelocSecScan_
00419581       CoffSymbolSecScan_
004195d6       CoffNoteSecScan_
00419615       CoffSymbolGetName_
00419626       CoffSymbolGetValue_
0041962d       CoffSymbolGetBinding_
00419631       CoffSymbolGetType_
00419636       CoffSymbolGetSecHandle_
00419657       CoffSymbolGetAssociated_
Module: ../orl/osi386/orl.lib(C:\Projects\JWlink\orl\omf\c\omfentr.c)
00419669       OmfInit_
00419685       OmfFini_
004196a8       OmfFileInit_
004196fd       OmfFileFini_
00419702       OmfFileScan_
0041975e       OmfFileGetMachineType_
00419765       OmfFileGetFlags_
0041976d       OmfFileGetType_
00419774       OmfFileGetSize_
0041977b       OmfSecGetName_
00419795       OmfSecGetBase_
00419798       OmfGroupSize_
00419798       OmfSecGetSize_
0041979c       OmfSecGetType_
004197a0       OmfSecGetFlags_
004197a5       OmfSecGetAlignment_
004197bc       OmfSecGetClassName_
004197dc       OmfSecGetCombine_
004197f4       OmfSecGetAbsFrame_
0041980e       OmfSecGetAssociated_
0041982b       OmfSecGetGroup_
00419858       OmfSecGetStringTable_
0041986c       OmfSecGetSymbolTable_
0041986f       OmfFileGetSymbolTable_
00419876       OmfSecGetRelocTable_
00419883       OmfSymbolGetSecHandle_
00419887       OmfSecGetContents_
0041992d       OmfSecQueryReloc_
00419944       OmfSecScanReloc_
0041995f       OmfSymbolGetValue_
0041995f       OmfCvtSecHdlToIdx_
00419963       OmfCvtIdxToSecHdl_
00419974       OmfRelocSecScan_
0041998f       OmfSymbolSecScan_
004199c4       OmfSecGetNumLines_
004199d2       OmfSecGetLines_
004199e0       OmfSymbolGetName_
004199e4       OmfSymbolGetBinding_
004199e8       OmfSymbolGetType_
004199ed       OmfSymbolGetRawInfo_
004199f0       OmfNoteSecScan_
004199fd       OmfGroupsScan_
00419a2b       OmfGroupName_
00419a32       OmfGroupMember_
Module: ../orl/osi386/orl.lib(C:\Projects\JWlink\orl\c\orlflhnd.c)
00419a6e       ORLAddFileLinks_
00419a7c       ORLRemoveFileLinks_
Module: \watcom\lib386\nt\clib3r.lib(prtf.c)
00419ad0       __prtf_
Module: \watcom\lib386\nt\clib3r.lib(ioalloc.c)
0041a7a0       __ioalloc_
Module: \watcom\lib386\nt\clib3r.lib(tzset.c)
00429b58       ___start_dst
00429b7c       ___end_dst
00429ca4       _tzname
00429cac       _timezone
00429cb0       _daylight
00429cb4       ___dst_adjust
0041a890*      __DontCacheOSTZ_
0041a8a0*      __CacheOSTZ_
0041ad80+      __parse_tz_
0041b170       tzset_
Module: \watcom\lib386\nt\clib3r.lib(gmtime.c)
0041b1e0       __brktime_
0041b2e0+      _gmtime_
0041b300*      gmtime_
Module: \watcom\lib386\nt\clib3r.lib(timeutil.c)
0041b460       __isindst_
Module: \watcom\lib386\nt\clib3r.lib(leapyear.c)
0041b790       __leapyear_
0042902c       ___diyr
00429046       ___dilyr
Module: \watcom\lib386\nt\clib3r.lib(comtflag.c)
0041b7d0*      __set_commode_
00429cbc       __commode
Module: \watcom\lib386\nt\clib3r.lib(fseek.c)
0041b830       fseek_
Module: \watcom\lib386\nt\clib3r.lib(chktty.c)
0041b940       __chktty_
Module: \watcom\lib386\nt\clib3r.lib(freefp.c)
0041b980       __freefp_
0041b9d0       __purgefp_
Module: \watcom\lib386\nt\clib3r.lib(allocfp.c)
0041ba00       __allocfp_
Module: \watcom\lib386\nt\clib3r.lib(fgtattr.c)
0041bad0       __fixed_GetFileAttributesA_
Module: \watcom\lib386\nt\clib3r.lib(crwdata)
00429d04       __osmajor
00429d05       __osminor
00429d06       __osbuild
00429d08       __osver
00429d0c       __winmajor
00429d10       __winminor
00429d14       __winver
00429cd0       __LpDllName
00429cd4       __LpwCmdLine
00429cd8       __LpwPgmName
00429cdc       __LpwDllName
00429cc8       __LpCmdLine
00429ccc       __LpPgmName
00429cc0*      __dynend
00429cc4       __curbrk
00429ce0*      __STACKLOW
00429ce4       __STACKTOP
00429ce8       __ASTACKSIZ
00429cec       __ASTACKPTR
00429cf0       __cbyte
00429cf4*      __cbyte2
00429cf8*      __child
00429cfe       __Envptr
00429d02*      __Envseg
00429cfc*      __no87
00429d18       ___FPE_handler
Module: \watcom\lib386\nt\clib3r.lib(mbspbrk.c)
0041bb70       _mbspbrk_
Module: \watcom\lib386\nt\clib3r.lib(gtcwdwnt.c)
0041bbc0       getcwd_
Module: \watcom\lib386\nt\clib3r.lib(ntdirinf.c)
0041bc50       __MakeDOSDT_
0041bc80*      __FromDOSDT_
0041bcb0*      __GetNTDirInfo_
0041bcf0*      __NTFindNextFileWithAttr_
Module: \watcom\lib386\nt\clib3r.lib(d2ttime.c)
0041bd50       _d2ttime_
Module: \watcom\lib386\nt\clib3r.lib(mbconv.c)
0041bdd0       _mbvtop_
Module: \watcom\lib386\nt\clib3r.lib(mbclen.c)
0041bdf0       _mbclen_
Module: \watcom\lib386\nt\clib3r.lib(mbsdec.c)
0041be20       _mbsdec_
Module: \watcom\lib386\nt\clib3r.lib(vsprintf.c)
0041bec0       vsprintf_
Module: \watcom\lib386\nt\clib3r.lib(fgetc.c)
0041bee0+      __fill_buffer_
0041bfe0       fgetc_
Module: \watcom\lib386\nt\clib3r.lib(nmemneed.c)
0041c0a0       __nmemneed_
Module: \watcom\lib386\nt\clib3r.lib(mem.c)
0041c0b0       __MemAllocator
0041c160       __MemFree
Module: \watcom\lib386\nt\clib3r.lib(grownear.c)
0041c400       __ExpandDGROUP_
Module: \watcom\lib386\nt\clib3r.lib(nmsize.c)
0041c420       _nmsize_
0041c420*      _msize_
Module: \watcom\lib386\nt\clib3r.lib(nexpand.c)
0041c430       _nexpand_
0041c430*      _expand_
0041c470+      __HeapManager_expand_
Module: \watcom\lib386\nt\clib3r.lib(initrtns.c)
0041c640       __InitRtns
0041c690       __FiniRtns
Module: \watcom\lib386\nt\clib3r.lib(conutwnt.c)
0041c700       __NTRealKey_
0041c7b0       __NTConsoleInput_
0041c7c0       __NTConsoleOutput_
Module: \watcom\lib386\nt\clib3r.lib(environ.c)
0042aecc       ___env_mask
0042aed0       _environ
0042aed4       __wenviron
Module: \watcom\lib386\nt\clib3r.lib(mbterm.c)
0041c7d0       _mbterm_
Module: \watcom\lib386\nt\clib3r.lib(mbcupper.c)
0041c810       _mbctoupper_
Module: \watcom\lib386\nt\clib3r.lib(abort.c)
0041c851       abort_
0041c863       __terminate_
00429d24       ___abort
Module: \watcom\lib386\nt\clib3r.lib(excptwnt.c)
0041cee0+      ___ReportException@4
0041d330       __DefaultExceptionHandler_
0041d370+      ___ExceptionFilter
0041d580       __NewExceptionFilter_
0041d5b0       __DoneExceptionFilter_
00429d28       ___oscode_check_func
00429d2c       ___raise_func
0042aed8*      _sw
0042aedc+      ___ExceptionHandled
0042aedd+      ___ReportInvoked
Module: \watcom\lib386\nt\clib3r.lib(enterdb.c)
0041d5f0       __EnterWVIDEO_
00429d44       ___WD_Present
Module: \watcom\lib386\nt\clib3r.lib(rterrmsg.c)
0041d630       __rterr_msg_
Module: \watcom\lib386\nt\clib3r.lib(mbschr.c)
0041d680       _mbschr_
Module: \watcom\lib386\nt\clib3r.lib(mbslen.c)
0041d6e0       _mbslen_
Module: \watcom\lib386\nt\clib3r.lib(mbstowcs.c)
0041d710       mbstowcs_
Module: \watcom\lib386\nt\clib3r.lib(uputenv.c)
0041d790*      _wputenv_
0041d9b0       __wputenv_
Module: \watcom\lib386\nt\clib3r.lib(main2wnt.c)
0041dab0       __NTMain
Module: \watcom\lib386\nt\clib3r.lib(segdefns)
00401003       ___begtext
00429000*      __nullarea
00429dc8       __Start_XI
00429dec       __End_XI
00429dec       __Start_YI
00429e0a       __End_YI
Module: \watcom\lib386\nt\clib3r.lib(initargv.c)
0041db10       __Init_Argv_
0041db60+      _getargv_
0041dd00       __Fini_Argv_
Module: \watcom\lib386\nt\clib3r.lib(getmodfn.c)
0041dd10       __lib_GetModuleFileNameW_
Module: \watcom\lib386\nt\clib3r.lib(strdup.c)
0041ddb0       __clib_strdup_
Module: \watcom\lib386\nt\clib3r.lib(ustrdup.c)
0041ddf0       __clib_wcsdup_
Module: \watcom\lib386\nt\clib3r.lib(stklmwnt.c)
0041de20       __init_stack_limits_
Module: \watcom\lib386\nt\clib3r.lib(mbsnbcpy.c)
0041de90       _mbsnbcpy_
Module: \watcom\lib386\nt\clib3r.lib(mbisdbcs.c)
0042aee4       ___IsDBCS
Module: \watcom\lib386\nt\clib3r.lib(mbislead.c)
0041def0*      _ismbblead_
0042aee8       ___MBCSIsTable
Module: \watcom\lib386\nt\clib3r.lib(locmktim.c)
0041df10       __local_mktime_
Module: \watcom\lib386\nt\clib3r.lib(fsync.c)
0041e050       fsync_
Module: \watcom\lib386\nt\clib3r.lib(qwrit.c)
0041e0a0       __qwrite_
Module: ../orl/osi386/orl.lib(C:\Projects\JWlink\orl\elf\c\elfflhn.c)
0041e210       ElfAddFileLinks_
0041e21e       ElfRemoveFileLinks_
Module: ../orl/osi386/orl.lib(C:\Projects\JWlink\orl\elf\c\elfload.c)
0041f7ee       ElfLoadFileStructure_
Module: ../orl/osi386/orl.lib(C:\Projects\JWlink\orl\c\orlhash.c)
0041fa63*      ORLNumberCmp_
0041fa99       ORLHashTableInsert_
0041fb45       ORLHashTableQuery_
0041fb94       ORLHashTableCreate_
0041fbf8       ORLHashTableFree_
Module: ../orl/osi386/orl.lib(C:\Projects\JWlink\orl\elf\c\elflwlv.c)
0042050a       ElfCreateSymbolHandles_
004206a0       ElfBuildSecNameHashTable_
004208cc+      ElfConvertRelocType_
004209ad       ElfCreateRelocs_
00420cb4       ElfParseDrectve_
Module: ../orl/osi386/orl.lib(C:\Projects\JWlink\orl\coff\c\coffflhn.c)
00420e5f       CoffAddFileLinks_
00420e6d       CoffRemoveFileLinks_
Module: ../orl/osi386/orl.lib(C:\Projects\JWlink\orl\coff\c\coffload.c)
004215f5       CoffLoadFileStructure_
Module: ../orl/osi386/orl.lib(C:\Projects\JWlink\orl\coff\c\cofflwlv.c)
00421b13       CoffCreateSymbolHandles_
00421eb1       CoffBuildSecNameHashTable_
00421f77+      CoffConvertRelocType_
00422141       CoffCreateRelocs_
0042222c       CoffConvertLines_
004223fa       CoffParseDrectve_
Module: ../orl/osi386/orl.lib(C:\Projects\JWlink\orl\omf\c\omfflhn.c)
004226eb       OmfAddFileLinks_
004226f9       OmfRemoveFileLinks_
Module: ../orl/osi386/orl.lib(C:\Projects\JWlink\orl\omf\c\omfload.c)
0042275d       OmfGetWordSize_
0042285e+      loadIndex_
00423899       OmfLoadFileStructure_
00423915       OmfParseScanTab_
Module: ../orl/osi386/orl.lib(C:\Projects\JWlink\orl\omf\c\omfmunge.c)
00424396       OmfModEnd_
00424721       OmfAddLIData_
00424844       OmfAddLEData_
004248c7       OmfAddLName_
00424932       OmfAddFixupp_
00424c23       OmfAddExtDef_
00424d12       OmfAddComDat_
00424faa       OmfAddLineNum_
00424ff7       OmfAddSegDef_
0042511d       OmfAddPubDef_
004251d7       OmfAddGrpDef_
00425288       OmfAddComment_
00425354       OmfGetLName_
004253a3       OmfGetPtrToLName_
004253c7       OmfFindSegOrComdat_
0042541d       OmfExportSegmentContents_
00425430       OmfTheadr_
Module: ../orl/osi386/orl.lib(C:\Projects\JWlink\orl\omf\c\omfdrctv.c)
00425493       OmfParseComments_
Module: \watcom\lib386\nt\clib3r.lib(wctomb.c)
00425540       wctomb_
Module: \watcom\lib386\nt\clib3r.lib(strupr.c)
00425580       strupr_
Module: \watcom\lib386\nt\clib3r.lib(noefgfmt.c)
00429d60       ___EFG_printf
00429d64*      ___EFG_scanf
Module: \watcom\lib386\nt\clib3r.lib(lltoa.c)
004255f0       ulltoa_
00425660*      lltoa_
Module: \watcom\lib386\nt\clib3r.lib(wcstombs.c)
00425690       wcstombs_
Module: \watcom\lib386\nt\clib3r.lib(gtchewnt.c)
00425730       getche_
Module: \watcom\lib386\nt\clib3r.lib(qread.c)
00425760       __qread_
Module: \watcom\lib386\nt\clib3r.lib(amblksiz.c)
00429d68       __amblksiz
Module: \watcom\lib386\nt\clib3r.lib(heapen.c)
004257d0*      _heapenable_
00429d6c       ___heap_enabled
Module: \watcom\lib386\nt\clib3r.lib(setenvp.c)
00425800       __setenvp_
004258c0       __freeenvp_
Module: \watcom\lib386\nt\clib3r.lib(fclex387.c)
00425910       _ClearFPE_
Module: \watcom\lib386\nt\clib3r.lib(mbccmp.c)
00425920       _mbccmp_
Module: \watcom\lib386\nt\clib3r.lib(mbtowc.c)
00425960       mbtowc_
Module: \watcom\lib386\nt\clib3r.lib(ustrchr.c)
004259f0       wcschr_
Module: \watcom\lib386\nt\clib3r.lib(ustrlen.c)
00425a06       wcslen_
Module: \watcom\lib386\nt\clib3r.lib(setenvar.c)
00425a20       __lib_SetEnvironmentVariableW_
Module: \watcom\lib386\nt\clib3r.lib(crtwenv.c)
00425b10       __create_wide_environment_
Module: \watcom\lib386\nt\clib3r.lib(utoupper.c)
00425b78       towupper_
Module: \watcom\lib386\nt\clib3r.lib(mthrdini.c)
00425b90       __InitThreadData_
00429d70       ___ThreadDataSize
Module: \watcom\lib386\nt\clib3r.lib(cmain386.c)
00425bc0       __CMain
Module: \watcom\lib386\nt\clib3r.lib(dosseg)
00001234       __DOSseg__
Module: \watcom\lib386\nt\clib3r.lib(histsplt.c)
0042aff0       ___historical_splitparms
Module: \watcom\lib386\nt\clib3r.lib(___argc.c)
0042aff4       ____Argc
0042aff8       ____Argv
Module: \watcom\lib386\nt\clib3r.lib(mbinit.c)
00425c3a       __mbinit_
00429d74       ___MBCodePage
Module: \watcom\lib386\nt\clib3r.lib(i8s)
00425d28       __U8RS
00425d42*      __I8RS
00425d5d*      __I8LS
00425d5d       __U8LS
Module: \watcom\lib386\nt\clib3r.lib(i8d)
00425d78*      __I8D
00425dcd       __U8D
Module: ../orl/osi386/orl.lib(C:\Projects\JWlink\orl\coff\c\coffimpl.c)
004263a0+      getImportName_
00426c5c       convert_import_library_
00429db6       _ImportLibData
Module: \watcom\lib386\nt\clib3r.lib(atoi.c)
00426ce0       atoi_
Module: \watcom\lib386\nt\clib3r.lib(strstr.c)
00426d30       strstr_
Module: \watcom\lib386\nt\clib3r.lib(putchwnt.c)
00426de0       putch_
Module: \watcom\lib386\nt\clib3r.lib(dofilstr.c)
00426e50       __ParsePosixHandleStr_
Module: \watcom\lib386\nt\clib3r.lib(clearenv.c)
00426f70       clearenv_
Module: \watcom\lib386\nt\clib3r.lib(cinit.c)
00427000       __CommonInit_


                        +----------------------+
                        |   Imported Symbols   |
                        +----------------------+

Symbol                              Module
======                              ======

_RtlUnwind@16                       KERNEL32.DLL
_CreateFileA@28                     KERNEL32.DLL
_FormatMessageA@28                  KERNEL32.DLL
_SetFilePointer@16                  KERNEL32.DLL
_GetLastError@0                     KERNEL32.DLL
_WriteFile@20                       KERNEL32.DLL
_GetFileType@4                      KERNEL32.DLL
_ReadFile@20                        KERNEL32.DLL
_MoveFileA@8                        KERNEL32.DLL
_CloseHandle@4                      KERNEL32.DLL
_GetDriveTypeA@4                    KERNEL32.DLL
_FindFirstFileA@8                   KERNEL32.DLL
_FindClose@4                        KERNEL32.DLL
_GetFullPathNameA@16                KERNEL32.DLL
_DeleteFileA@4                      KERNEL32.DLL
_VirtualFree@12                     KERNEL32.DLL
_ReadConsoleInputA@16               KERNEL32.DLL
_GetConsoleMode@8                   KERNEL32.DLL
_SetConsoleMode@8                   KERNEL32.DLL
_SetConsoleCtrlHandler@8            KERNEL32.DLL
_GetCommandLineA@0                  KERNEL32.DLL
_SetEnvironmentVariableA@8          KERNEL32.DLL
_GetStdHandle@4                     KERNEL32.DLL
_GetEnvironmentStringsA@0           KERNEL32.DLL
_GetVersion@0                       KERNEL32.DLL
_GetModuleFileNameA@12              KERNEL32.DLL
_GetCommandLineW@0                  KERNEL32.DLL
_FreeEnvironmentStringsA@4          KERNEL32.DLL
_GetModuleHandleA@4                 KERNEL32.DLL
_ExitProcess@4                      KERNEL32.DLL
_SetStdHandle@8                     KERNEL32.DLL
_CreateEventA@16                    KERNEL32.DLL
_GetLocalTime@4                     KERNEL32.DLL
_GetTimeZoneInformation@4           KERNEL32.DLL
_GetFileAttributesA@4               KERNEL32.DLL
_GetCurrentDirectoryA@8             KERNEL32.DLL
_FileTimeToLocalFileTime@8          KERNEL32.DLL
_FileTimeToDosDateTime@12           KERNEL32.DLL
_DosDateTimeToFileTime@12           KERNEL32.DLL
_LocalFileTimeToFileTime@8          KERNEL32.DLL
_FindNextFileA@8                    KERNEL32.DLL
_VirtualAlloc@16                    KERNEL32.DLL
_CharUpperA@4                       USER32.DLL
_LoadLibraryA@4                     KERNEL32.DLL
_GetProcAddress@8                   KERNEL32.DLL
_SetUnhandledExceptionFilter@4      KERNEL32.DLL
_UnhandledExceptionFilter@4         KERNEL32.DLL
_GetModuleFileNameW@12              KERNEL32.DLL
_MultiByteToWideChar@24             KERNEL32.DLL
_VirtualQuery@12                    KERNEL32.DLL
_FlushFileBuffers@4                 KERNEL32.DLL
_WideCharToMultiByte@32             KERNEL32.DLL
_SetEnvironmentVariableW@8          KERNEL32.DLL
_GetCurrentThreadId@0               KERNEL32.DLL
_GetACP@0                           KERNEL32.DLL
_GetOEMCP@0                         KERNEL32.DLL
_GetCPInfo@8                        KERNEL32.DLL
_WriteConsoleA@20                   KERNEL32.DLL


                        +--------------------+
                        |   Libraries Used   |
                        +--------------------+

../orl/osi386/orl.lib
\watcom\lib386\nt\kernel32.lib
\watcom\lib386\nt\user32.lib
\watcom\lib386\nt\clib3r.lib


                        +-----------------------+
                        |   Linker Statistics   |
                        +-----------------------+

Stack size:  00100000 (1048576.)
Memory size:  00128674 (1214068.)
Entry point address: 00417b7a
Link time: 00:00.32
