JWlink Version 1.9beta 8
Portions Copyright (c) 1985-2002 Sybase, Inc. All Rights Reserved.
Created on:       12/11/30 12:21:53
Warning! W1030: file clib3r.lib(cstrtwnt): multiple starting addresses found
Executable Image: Debug\jwlibd.exe
creating a PE executable


                        +------------+
                        |   Groups   |
                        +------------+

Group                           Address              Size
=====                           =======              ====

.rdata                          00438000             00000490
DGROUP                          00439000             00023b00



                        +--------------+
                        |   Segments   |
                        +--------------+

Segment                Class          Group          Address         Size
=======                =====          =====          =======         ====

BEGTEXT                CODE           AUTO           00409000        00000007
.text                  CODE           AUTO           00409008        00008a48
_TEXT                  CODE           AUTO           00411a50        00025ff0
.rdata                 CONST          .rdata         00438000        00000490
_NULL                  BEGDATA        DGROUP         00439000        00000004
_AFTERNULL             BEGDATA        DGROUP         00439004        00000000
.data                  DATA           DGROUP         00439004        00000674
CONST                  DATA           DGROUP         00439678        0000005c
CONST2                 DATA           DGROUP         004396d4        00000000
_DATA                  DATA           DGROUP         004396d4        00000d68
TIBSEG                 DATA           DGROUP         0043a440        00000000
.BASE$D                DATA           DGROUP         0043a440        00000000
.BASE$DA               DATA           DGROUP         0043a440        00000000
.BASE$DZ               DATA           DGROUP         0043a440        00000000
.BASE$I                DATA           DGROUP         0043a440        00000000
.BASE$IA               DATA           DGROUP         0043a440        0000001c
.BASE$IC               DATA           DGROUP         0043a45c        00000004
.BASE$IZ               DATA           DGROUP         0043a460        00000000
.BASE$X                DATA           DGROUP         0043a460        00000000
.BASE$XA               DATA           DGROUP         0043a460        00000014
.BASE$XC               DATA           DGROUP         0043a474        00000014
.BASE$XZ               DATA           DGROUP         0043a488        00000000
XIB                    DATA           DGROUP         0043a488        00000000
XI                     DATA           DGROUP         0043a488        00000024
XIE                    DATA           DGROUP         0043a4ac        00000000
YIB                    DATA           DGROUP         0043a4ac        00000000
YI                     DATA           DGROUP         0043a4ac        0000001e
YIE                    DATA           DGROUP         0043a4ca        00000000
TIB                    DATA           DGROUP         0043a4ca        00000000
TI                     DATA           DGROUP         0043a4ca        00000000
TIE                    DATA           DGROUP         0043a4ca        00000000
DATA                   DATA           DGROUP         0043a4ca        00000000
_BSS                   BSS            DGROUP         0043a4cc        000011f0
.bss                   BSS            DGROUP         0043b6bc        00001440
STACK                  STACK          DGROUP         0043cb00        00020000


                        +----------------+
                        |   Memory Map   |
                        +----------------+

* = unreferenced symbol
+ = symbol only referenced locally

Address        Symbol
=======        ======

Module: \hx\lib\initw3ow.obj(INITW3ow.ASM)
00409008+      _start
Module: Debug/wlib.obj(C:\Projects\JWlink\JWlib\c\wlib.c)
00411a8d       InitSubSystems_
00411afb       WlibMainLine_
00411b96       FiniSubSystems_
0043a4cc       _Env
Module: Debug/libio.obj(C:\Projects\JWlink\JWlib\c\libio.c)
00411be7       InitLibIo_
00411c12       ResetLibIo_
00411c74       LibOpen_
00411dd2       LibReadError_
00411e12+      LibWriteError_
00411e52       BadLibrary_
00411ee6       LibRead_
004120aa       LibWrite_
0041218e       LibClose_
00412233       LibSeek_
0041231b       LibTell_
Module: Debug/symtable.obj(C:\Projects\JWlink\JWlib\c\symtable.c)
004125fb       InitFileTab_
0041277c       CleanFileTab_
00412820       ResetFileTab_
004128a0       FiniFileTab_
00412e65       WriteFile_
0041395c       WriteFileTable_
00413aa8       AddSym_
00413c54*      DumpFileTable_
00413def*      DumpHashTable_
00413eb3       RemoveObjectSymbols_
00413fa4       AddObjectSymbols_
004140da       OmfMKImport_
00414208       CoffMKImport_
00414354       ElfMKImport_
004147f8       ListContents_
Module: Debug/omfproc.obj(C:\Projects\JWlink\JWlib\c\omfproc.c)
00414b9d       InitOmfRec_
00414bd7       FiniOmfRec_
0041583b       OmfCopy_
00415876       OmfSkipObject_
004158ac       OmfExtract_
00415907       OmfImportSize_
0041599b       OmfWriteImport_
00415b81       OMFWalkSymList_
Module: Debug/writelib.obj(C:\Projects\JWlink\JWlib\c\writelib.c)
00415c33       WriteNew_
00415c68       WriteNewLib_
00415e4d       WriteBigEndian32_
00415eb4       WriteLittleEndian32_
00415ee5       WriteLittleEndian16_
0043a854       _ExportListFile
0043a858       _NewLibrary
Module: Debug/convert.obj(C:\Projects\JWlink\JWlib\c\convert.c)
00415fd2       GetARName_
004160dc       GetFFName_
00416202       GetARHeaderValues_
004163af       CreateARHeader_
Module: Debug/wlibutil.obj(C:\Projects\JWlink\JWlib\c\wlibutil.c)
004164c7       SymbolNameCmp_
00416516       GetFileContents_
0041659a       NewArchHeader_
00416677       Copy_
004166df       SameFile_
00416750       SameName_
004167c9       MakeFName_
0041680e       IsExt_
0041686b       DefaultExtension_
004168d1       MakeObjOutputName_
0041698c       MakeListName_
004169e9       MakeBakName_
00416a52       MakeTmpName_
00416b3f       TrimPath_
00416b9a       FormSym_
00416bf4       LibFormat_
Module: Debug/libwalk.obj(C:\Projects\JWlink\JWlib\c\libwalk.c)
00416d03       LibWalk_
00416e6a       OMFLibWalk_
Module: Debug/symlist.obj(C:\Projects\JWlink\JWlib\c\symlist.c)
0041709f       ObjWalkSymList_
Module: Debug/proclib.obj(C:\Projects\JWlink\JWlib\c\proclib.c)
004178c2       ProcessCommands_
Module: Debug/cmdline.obj(C:\Projects\JWlink\JWlib\c\cmdline.c)
00418ae6       ProcessCmdLine_
00418d06       InitCmdLine_
00418d53       ResetCmdLine_
0043ace8       _Options
0043ad0c       _CmdList
Module: Debug/error.obj(C:\Projects\JWlink\JWlib\c\error.c)
00419d78       InitMsg_
00419d99       MsgGet_
00419dd2       FiniMsg_
Module: Debug/implib.obj(C:\Projects\JWlink\JWlib\c\implib.c)
0041ad8c       ProcessImport_
0041b546       ElfImportSize_
0041b604       CoffImportSize_
0041b738       ElfWriteImport_
0041bab6       AddImport_
Module: Debug/elfobjs.obj(C:\Projects\JWlink\JWlib\c\elfobjs.c)
0043984c       _ElfBase
0043996e       _ElfOSInfo
Module: Debug/orlrtns.obj(C:\Projects\JWlink\JWlib\c\orlrtns.c)
0041bd63       FiniObj_
0041bd8e       InitObj_
0041befa       OpenObjFile_
0041bf41       OpenLibFile_
0041bfea       CloseObjFile_
0041c027       CloseLibFile_
Module: Debug/memfuncs.obj(C:\Projects\JWlink\JWlib\c\memfuncs.c)
0041c053       InitMem_
0041c07e       MemAlloc_
0041c10d       MemRealloc_
0041c1eb       MemFree_
0041c26d       MemAllocGlobal_
0041c2bd*      MemReallocGlobal_
0041c311       MemFreeGlobal_
0041c345       ResetMem_
0041c38d       FiniMem_
0041c3ae       DupStr_
0041c3f7       DupStrGlobal_
Module: Debug/ideentry.obj(C:\Projects\JWlink\JWlib\c\ideentry.c)
0041c592       _MessageBoxA@16
0041c5ea*      IDEGetVersion_
0041c615       IDEInitDLL_
0041c66d       IDEPassInitInfo_
0041c6a4       IDERunYourSelf_
0041c702*      IDERunYourSelfArgv_
0041c73f       IDEStopRunning_
0041c79b*      IDEFreeHeap_
0041c7c1       IDEFiniDLL_
0041c7ea       WlibGetEnv_
0041c853*      FatalResError_
0041c8b8       FatalError_
0041c941       Warning_
0041c9cc       Message_
0041ca49       Usage_
0041cb81       Banner_
Module: Debug/idedrv.obj(C:\Projects\JWlink\JWlib\c\idedrv.c)
0041d0b7       IdeDrvExecDLL_
0041d153       IdeDrvUnloadDLL_
0041d19c*      IdeDrvStopRunning_
Module: Debug/idemsgfm.obj(C:\Projects\JWlink\JWlib\c\idemsgfm.c)
0041d545       IdeMsgFormat_
0041d7c4*      IdeMsgStartDll_
Module: Debug/idemsgpr.obj(C:\Projects\JWlink\JWlib\c\idemsgpr.c)
0041d7ec       IdeMsgInit_
0041d87a*      IdeMsgSetReadable_
0041d8a5*      IdeMsgSetMsgNo_
0041d8da*      IdeMsgSetMsgGroup_
0041d939*      IdeMsgSetLnkFile_
0041d96e*      IdeMsgSetLnkSymbol_
0041d9a3*      IdeMsgSetSrcFile_
0041d9d8*      IdeMsgSetSrcLine_
0041da0d*      IdeMsgSetSrcColumn_
0041da42*      IdeMsgSetHelp_
Module: Debug/maindrv.obj(C:\Projects\JWlink\JWlib\c\maindrv.c)
0041da9d       main_
0043adcc       _ImageName
Module: Debug/demangle.obj(C:\Projects\JWlink\lib_misc\c\demangle.c)
00420dbc*      __demangle_t_
00420e41       __demangle_l_
00420ec8*      __demangle_r_
00420f7c*      __scope_name_
00421037+      __is_mangled_
0042118b*      __is_mangled_internal_
004211f4*      __unmangled_name_
004212ca*      __demangled_basename_
Module: Debug/omfutil.obj(C:\Projects\JWlink\JWlib\c\omfutil.c)
00421365       InitOmfUtil_
0042139f       FiniOmfUtil_
00421426       PadOmf_
0042192a       WriteOmfDict_
00421a93       WriteOmfFile_
Module: Debug/coffwrt.obj(C:\Projects\JWlink\JWlib\c\coffwrt.c)
004222af       CoffWriteImport_
Module: Debug/inlib.obj(C:\Projects\JWlink\JWlib\c\inlib.c)
0042323e       AddInputLib_
004232a0       CloseOneInputLib_
004232f9       InitInputLibs_
00423324       ResetInputLibs_
00423389       FindInLib_
004233e2       InLibHandle_
Module: Debug/debug.obj(C:\Projects\JWlink\JWlib\c\debug.c)
00423433       _Debug_
00439c30+      _Debug
Module: \hx\lib\dkrnl32s.lib(INIT.ASM)
00439010       _g_indosaddr
00439014       _g_dwFlags
00439018       _g_bIsActive
00439019       _g_bIntFl
0043901a       _g_bHost
0043901b*      _g_bDPMICap
0043901c       _g_wPics
004090b6       __initializethread@0
00409208       ___kernel32init@0
0040934c*      ___kernel32exit@0
Module: \watcom\lib386\nt\clib3r.lib(cstrtwnt)
00423480       _cstart_
00423480       mainCRTStartup
Module: \watcom\lib386\nt\clib3r.lib(stk)
004234dd       __CHK
004234ed*      __STK
0042350c       __STKOVERFLOW_
0042351c       __GRO
0042353c*      __alloca_probe
Module: \watcom\lib386\nt\clib3r.lib(setjmp)
00423550       _setjmp_
00423589       longjmp_
Module: \watcom\lib386\nt\clib3r.lib(close.c)
00423620       close_
Module: \watcom\lib386\nt\clib3r.lib(openwnt.c)
00423840       open_
00423860       sopen_
Module: \watcom\lib386\nt\clib3r.lib(errno.c)
00423890       __get_errno_ptr_
004238a0*      __get_doserrno_ptr_
Module: \watcom\lib386\nt\clib3r.lib(strerror.c)
00423bd0       strerror_
00423bf0*      _strerror_
00423cc0*      _doserror_
00439c44+      __sys_errlist
00439ce8+      __sys_nerr
Module: \watcom\lib386\nt\clib3r.lib(write.c)
00423f40       write_
Module: \watcom\lib386\nt\clib3r.lib(memcpy.c)
004241a0       memcpy_
Module: \watcom\lib386\nt\clib3r.lib(read.c)
004241c0       read_
Module: \watcom\lib386\nt\clib3r.lib(filelen.c)
00424350       filelength_
Module: \watcom\lib386\nt\clib3r.lib(lseek.c)
004243d0       lseek_
Module: \watcom\lib386\nt\clib3r.lib(tell.c)
00424420       tell_
Module: \watcom\lib386\nt\clib3r.lib(memset.c)
00424440       memset_
Module: \watcom\lib386\nt\clib3r.lib(strlen.c)
00424460       strlen_
Module: \watcom\lib386\nt\clib3r.lib(_strcmp)
00424480       strcmp_
Module: \watcom\lib386\nt\clib3r.lib(splitpat.c)
00424600       _splitpath_
Module: \watcom\lib386\nt\clib3r.lib(qsort.c)
00424720       qsort_
Module: \watcom\lib386\nt\clib3r.lib(time.c)
00424dd0       time_
Module: \watcom\lib386\nt\clib3r.lib(strchr.c)
00424e10       strchr_
Module: \watcom\lib386\nt\clib3r.lib(strcpy.c)
00424e30       strcpy_
Module: \watcom\lib386\nt\clib3r.lib(itoa.c)
00424e60+      utoa_
00424eb0       itoa_
Module: \watcom\lib386\nt\clib3r.lib(printf.c)
00424ee0       printf_
Module: \watcom\lib386\nt\clib3r.lib(iob.c)
00439cec       ___iob
00439ef4       __fmode
0043af34       ___OpenStreams
0043af38       ___ClosedStreams
Module: \watcom\lib386\nt\clib3r.lib(fflush.c)
00424f10       fflush_
Module: ../orl/osi386/orl.lib(C:\Projects\JWlink\orl\c\orlentry.c)
00424f20       ORLInit_
00424f7b*      ORLGetError_
00424f7f       ORLFini_
00424fc9       ORLFileIdentify_
00425284       ORLFileInit_
0042531f       ORLFileFini_
0042535f       ORLExportTableRVA_
0042537a       ORLFileScan_
004253ae       ORLFileGetMachineType_
004253e2       ORLFileGetFlags_
00425416*      ORLFileGetSize_
0042544a*      ORLFileGetType_
0042547e       ORLFileGetFormat_
00425482       ORLFileGetSymbolTable_
004254b6*      ORLSecGetName_
004254e0       ORLSecGetBase_
0042550a       ORLSecGetSize_
00425534*      ORLSecGetType_
0042555e*      ORLSecGetAlignment_
00425588*      ORLSecGetFlags_
004255b2       ORLSecGetStringTable_
004255dc       ORLSecGetSymbolTable_
00425606*      ORLSecGetRelocTable_
00425630*      ORLSecGetLines_
00425651*      ORLSecGetNumLines_
00425672*      ORLSecGetOffset_
0042567e*      ORLSecGetClassName_
0042568a*      ORLSecGetCombine_
00425696*      ORLSecGetAbsFrame_
004256a5*      ORLSecGetAssociated_
004256b1*      ORLSecGetGroup_
004256bd       ORLSecGetContents_
004256e7*      ORLSecQueryReloc_
00425711*      ORLSecScanReloc_
0042573b*      ORLCvtSecHdlToIdx_
00425765*      ORLCvtIdxToSecHdl_
00425799*      ORLRelocSecScan_
004257c3       ORLSymbolSecScan_
004257ed*      ORLNoteSecScan_
00425817       ORLSymbolGetName_
00425841       ORLSymbolGetValue_
0042586b       ORLSymbolGetBinding_
00425895       ORLSymbolGetType_
004258bf       ORLSymbolGetRawInfo_
004258e2*      ORLSymbolGetSecHandle_
0042590c*      ORLSymbolGetAssociated_
0042592f*      ORLGroupsScan_
00425953*      ORLGroupName_
0042595f*      ORLGroupSize_
0042596b*      ORLGroupMember_
Module: \watcom\lib386\nt\clib3r.lib(bprintf.c)
004259b0       _vbprintf_
004259e0*      _bprintf_
00425a10+      _vsnprintf_
00425a70       _snprintf_
Module: \watcom\lib386\nt\clib3r.lib(fprintf.c)
00425aa0       fprintf_
Module: \watcom\lib386\nt\clib3r.lib(fputc.c)
00425ad0       fputc_
Module: \watcom\lib386\nt\clib3r.lib(localtim.c)
00425bb0+      _localtime_
00425c10       localtime_
Module: \watcom\lib386\nt\clib3r.lib(strftime.c)
00425e8d       strftime_
Module: \watcom\lib386\nt\clib3r.lib(fopen.c)
004263d0+      __open_flags_
004265e0+      _fsopen_
00426630       fopen_
004266c0*      freopen_
Module: \watcom\lib386\nt\clib3r.lib(fclose.c)
00426730       __doclose_
004267d0       __shutdown_stream_
004267f0       fclose_
0043af3c+      ___RmTmpFileFn
Module: \watcom\lib386\nt\clib3r.lib(memcmp.c)
00426840       memcmp_
Module: \watcom\lib386\nt\clib3r.lib(accsswnt.c)
00426860       access_
Module: \watcom\lib386\nt\clib3r.lib(remove.c)
00426890       remove_
Module: \watcom\lib386\nt\clib3r.lib(renamwnt.c)
004268a0       rename_
Module: \watcom\lib386\nt\clib3r.lib(strtol.c)
00426ae0       strtoul_
00426af0       strtol_
Module: \watcom\lib386\nt\clib3r.lib(strncpy.c)
00426b00       strncpy_
Module: \watcom\lib386\nt\clib3r.lib(ltoa.c)
00426b40       ultoa_
00426b90*      ltoa_
Module: \watcom\lib386\nt\clib3r.lib(stricmp.c)
00426bc0       stricmp_
Module: \watcom\lib386\nt\clib3r.lib(statwnt.c)
00426d05       stat_
Module: \watcom\lib386\nt\clib3r.lib(fullpath.c)
00426f50+      _sys_fullpath_
00426fd0       _fullpath_
Module: \watcom\lib386\nt\clib3r.lib(makepath.c)
00427060       _makepath_
Module: \watcom\lib386\nt\clib3r.lib(sprintf.c)
00427210       sprintf_
Module: \watcom\lib386\nt\clib3r.lib(strncmp.c)
00427240       strncmp_
Module: \watcom\lib386\nt\clib3r.lib(unlnkwnt.c)
00427270       unlink_
Module: \watcom\lib386\nt\clib3r.lib(istable.c)
00427290       __IsTable
Module: \watcom\lib386\nt\clib3r.lib(tolower.c)
004273a0       tolower_
Module: \watcom\lib386\nt\clib3r.lib(fgets.c)
004273b0       fgets_
Module: \watcom\lib386\nt\clib3r.lib(strcat.c)
00427420       strcat_
Module: \watcom\lib386\nt\clib3r.lib(nmalloc.c)
00427450       _nmalloc_
00427450       malloc_
00439f84       ___nheapbeg
00439f88       ___MiniHeapRover
00439f8c       ___LargestSizeB4MiniHeapRover
Module: \watcom\lib386\nt\clib3r.lib(nrealloc.c)
00427550*      _nrealloc_
00427550       realloc_
Module: \watcom\lib386\nt\clib3r.lib(nfree.c)
004275d0       _nfree_
004275d0       free_
0043af40       ___MiniHeapFreeRover
Module: \watcom\lib386\nt\clib3r.lib(exit.c)
004276d8+      __null_int23_exit_
004276d9       exit_
00427729*      _exit_
00439f90+      ___int23_exit
00439f94+      ___FPE_handler_exit
Module: \watcom\lib386\nt\clib3r.lib(nheapmin.c)
00427740       _nheapshrink_
00427740*      _nheapmin_
00427740*      _heapmin_
00427740       _heapshrink_
Module: \watcom\lib386\nt\clib3r.lib(getchwnt.c)
00427930       getch_
Module: \watcom\lib386\nt\clib3r.lib(fputs.c)
004279a0       fputs_
Module: \watcom\lib386\nt\clib3r.lib(getenv.c)
00427a40       getenv_
Module: \watcom\lib386\nt\clib3r.lib(signlwnt.c)
00439f9c+      __SignalTable
00427ad0+      __SetSignalFunc_
00427b20+      __GetSignalFunc_
00427b50+      __GetSignalOSCode_
00427b80+      __CheckSignalExCode_
00427cc0+      __sigabort_
00427cd0       __sigfpe_handler_
00427d20       signal_
00427db0+      raise_
00427e20+      __SigInit_
00427e70+      __SigFini_
00427eb0+      __sig_init_
Module: \watcom\lib386\nt\clib3r.lib(isattwnt.c)
00427ed0       isatty_
Module: \watcom\lib386\nt\clib3r.lib(assert99.c)
00427f40       _assert99_
00428100*      __assert99_
Module: \watcom\lib386\nt\clib3r.lib(gtcmd.c)
00428170       _bgetcmd_
004281e0*      getcmd_
Module: \watcom\lib386\nt\clib3r.lib(strrchr.c)
00428200       strrchr_
Module: \watcom\lib386\nt\clib3r.lib(putenv.c)
00428220       putenv_
004284b0       __putenv_
Module: \watcom\lib386\nt\clib3r.lib(argcv.c)
0043af54       __argc
0043af58       __argv
0043af5c       ___argv
0043af60       ___argc
Module: \watcom\lib386\nt\clib3r.lib(memmove.c)
00428620       memmove_
Module: \watcom\lib386\nt\clib3r.lib(stackwnt.c)
00428680       stackavail_
Module: \watcom\lib386\nt\clib3r.lib(toupper.c)
00428690       toupper_
Module: \watcom\lib386\nt\clib3r.lib(memicmp.c)
004286a0       memicmp_
Module: \watcom\lib386\nt\clib3r.lib(vprintf.c)
004286e0       vprintf_
Module: \hx\lib\dkrnl32s.lib(HHEAP.ASM)
0043b6bc*      _kheap_defblock
004093bc       _GetKernelHeap@0
004093c4       _IsKernelHeapLocked@0
004093d8       _KernelHeapAlloc@4
00409430       _KernelHeapAllocObject@8
00409480       _KernelHeapFree@4
004094c8       _KernelHeapFindObject@8
00409590       _KernelHeapUnlinkObject@4
004095dc*      _KernelHeapWalk@8
Module: \hx\lib\dkrnl32s.lib(GETENVAR.ASM)
0040962c       _GetEnvironmentVariableA@12
004096a8       __GetEnvironmentVariableInt@4
Module: \hx\lib\dkrnl32s.lib(INITTLS.ASM)
0040970c       _initstaticTLS@0
004097ac       _initstaticTLSthread@0
Module: \hx\lib\dkrnl32s.lib(VALLOC.ASM)
00409814       __SearchRegion@4
00409870       __RegionStart@0
004098c4       __AddMemoryRegion@16
00409980       _VirtualAlloc@16
00409b38       _VirtualFree@12
00409b88       __FreeAllRegions@0
Module: \hx\lib\dkrnl32s.lib(CSALIAS.ASM)
00439064       _g_csalias
Module: \hx\lib\dkrnl32s.lib(GETCTHRD.ASM)
00439068       _g_hCurThread
00409bc8       _GetCurrentThread@0
00409bc8       __GetCurrentThread@0
Module: \hx\lib\dkrnl32s.lib(OUTDBGST.ASM)
0043907c       _g_dwDebugFlags
00439190*      _g_bDebugger
00409e78*      __FlushLogFile@0
00409e8c*      _InstallDebugLog@0
00409f2c       _DeinstallDebugLog@0
00409f78       _OutputDebugStringA@4
Module: \hx\lib\dkrnl32s.lib(EXCEPT.ASM)
00439259       _g_bFPUPresent
00439280       _g_defaultregistration
00409f8c*      _GetModuleForEip@8
0040a000*      _MakeErrorString@8
0040a060*      _myueproc@4
0040a1fc       _SetUnhandledExceptionFilter@4
0040a20c*      _GetExcNo@4
0040a250       _UnhandledExceptionFilter@4
0040a344*      _InitException@0
0040a3e0*      _ExitException@0
0040a414       _RaiseException@16
0040a454*      __defaultexceptionhandler
0040a47c*      _doexc2@24
0040a5c3*      _doexception@0
0040a794*      _getfloatexc@0
Module: \watcom\lib386\nt\clib3r.lib(main2wnt.c)
00428700       __NTMain
Module: \watcom\lib386\nt\clib3r.lib(segdefns)
00409003       ___begtext
00439000*      __nullarea
0043a488       __Start_XI
0043a4ac       __End_XI
0043a4ac       __Start_YI
0043a4ca       __End_YI
Module: \watcom\lib386\nt\clib3r.lib(xmsgwnt.c)
00428760+      __exit_with_msg_
004287c0       __fatal_runtime_error_
Module: \watcom\lib386\nt\clib3r.lib(mainwnt.c)
0043a008*      ___TlsIndex
0043a00c+      ___FirstThreadData
0043a010       ___GetThreadPtr
0043a014       __AccessFileH
0043a018       __ReleaseFileH
0043a01c       __AccessIOB
0043a020       __ReleaseIOB
0043a024       __AccessNHeap
0043a028*      __AccessFHeap
0043a02c       __ReleaseNHeap
004287f0*      __threadid_
00428810+      __sig_null_rtn_
00428820+      __NTInit_
00428a00+      __NTFini_
00428a60       __NTMainInit_
00428ac0       __exit_
0043a030*      __ReleaseFHeap
0043a034*      __AccessTDList
0043a038*      __ReleaseTDList
0043a03c       __AccessFList
0043a040       __ReleaseFList
0043a044+      __ThreadExitRtn
0043a048       ___sig_init_rtn
0043a04c       ___sig_fini_rtn
0043a050       ___process_fini
0043af6c       ___Is_DLL
Module: \watcom\lib386\nt\clib3r.lib(ljmphdl.c)
0043a054       ___longjmp_handler
Module: \hx\lib\dkrnl32s.lib(RTLUNWIN.ASM)
0040a7d4       _RtlUnwind@16
Module: \watcom\lib386\nt\clib3r.lib(iomode.c)
00428b20       __GetIOMode_
00428b40       __SetIOMode_nogrow_
0043a058       ___NFiles
0043a05c       ___init_mode
0043a0ac       ___io_mode
Module: \watcom\lib386\nt\clib3r.lib(_clsewnt.c)
00428b60       __close_
Module: \watcom\lib386\nt\clib3r.lib(seterrno.c)
00428bb6       __set_errno_
00428bc4*      __set_EDOM_
00428bd2*      __set_ERANGE_
00428be0*      __set_EINVAL_
00428bf3       __set_doserrno_
Module: \watcom\lib386\nt\clib3r.lib(hdlman.c)
0043a0b0+      ___NHandles
0043a0b4+      ___OSHandles
0043a0b8+      ___FakeHandles
00428c10+      __growPOSIXHandles_
00428cb0       __allocPOSIXHandle_
00428d70       __freePOSIXHandle_
00428d90       __getOSHandle_
00428da0       __setOSHandle_
00428df0+      __NTGetFakeHandle_
00428e60       __initPOSIXHandles_
00428f40*      __set_handles_
00428f50*      _grow_handles_
Module: \watcom\lib386\nt\clib3r.lib(ntfio.c)
00428f90*      __GetNTCreateAttr_
00428fd0       __GetNTAccessAttr_
00429000       __GetNTShareAttr_
Module: \watcom\lib386\nt\clib3r.lib(umaskval.c)
0043a0c4       ___umaskval
Module: \hx\lib\imphlp.lib(_CreateFileA@28.obj)
00439290       __imp__CreateFileA@28
Module: \watcom\lib386\nt\clib3r.lib(stiomode.c)
00429060       __grow_iomode_
00429130+      __shrink_iomode_
00429170       __SetIOMode_
Module: \watcom\lib386\nt\clib3r.lib(dosret.c)
004291e0*      _dosretax_
004291f0*      _dosret0_
00429200       __set_errno_dos_
00429230*      __set_errno_dos_reterr_
00429240       __set_errno_nt_
00429250*      __set_errno_nt_reterr_
Module: \hx\lib\imphlp.lib(_FormatMessageA@28.obj)
00439294       __imp__FormatMessageA@28
Module: \hx\lib\imphlp.lib(_SetFilePointer@16.obj)
00439298       __imp__SetFilePointer@16
Module: \hx\lib\imphlp.lib(_GetLastError@0.obj)
0043929c       __imp__GetLastError@0
Module: \hx\lib\imphlp.lib(_WriteFile@20.obj)
004392a0       __imp__WriteFile@20
Module: \hx\lib\imphlp.lib(_GetFileType@4.obj)
004392a4       __imp__GetFileType@4
Module: \watcom\lib386\nt\clib3r.lib(iomodtty.c)
00429270       __ChkTTYIOMode_
004292b0*      __IOMode_
Module: \hx\lib\imphlp.lib(_ReadFile@20.obj)
004392a8       __imp__ReadFile@20
Module: \watcom\lib386\nt\clib3r.lib(__lseek.c)
004292d0       __lseek_
Module: \watcom\lib386\nt\clib3r.lib(__stos)
00429310       __STOSB
00429347*      __STOSD
Module: \watcom\lib386\nt\clib3r.lib(mbsnccnt.c)
004293c0       _mbsnccnt_
Module: \watcom\lib386\nt\clib3r.lib(mbsncpy.c)
004293f0       _mbsncpy_
Module: \watcom\lib386\nt\clib3r.lib(mbsnbcnt.c)
00429410       _mbsnbcnt_
Module: \watcom\lib386\nt\clib3r.lib(mbsnextc.c)
00429480       _mbsnextc_
Module: \watcom\lib386\nt\clib3r.lib(mbsinc.c)
004294c0       _mbsinc_
Module: \watcom\lib386\nt\clib3r.lib(gtctmwnt.c)
004294f0       __getctime_
Module: \watcom\lib386\nt\clib3r.lib(mktime.c)
00429560       mktime_
Module: \watcom\lib386\nt\clib3r.lib(alphabet.c)
00439678       ___Alphabet
Module: \watcom\lib386\nt\clib3r.lib(fprtf.c)
00429610       __fprtf_
Module: \watcom\lib386\nt\clib3r.lib(initfile.c)
00429700       __InitFiles_
Module: \watcom\lib386\nt\clib3r.lib(ioexit.c)
00429800*      fcloseall_
00429810       __full_io_exit_
Module: \watcom\lib386\nt\clib3r.lib(flush.c)
00429820       __flush_
Module: \watcom\lib386\nt\clib3r.lib(flushall.c)
00429920       __flushall_
00429960       flushall_
Module: ../orl/osi386/orl.lib(C:\Projects\JWlink\orl\elf\c\elfentr.c)
00429970       ElfInit_
0042998c       ElfFini_
004299af       ElfFileInit_
004299fc       ElfFileFini_
00429a01       ElfFileScan_
00429a59       ElfFileGetMachineType_
00429a5d       ElfFileGetFlags_
00429a62       ElfFileGetType_
00429a66       ElfFileGetSize_
00429a6a       ElfFileGetSymbolTable_
00429a6e       ElfSymbolGetName_
00429a6e       ElfSecGetName_
00429a72       ElfSecGetBase_
00429a76       ElfSymbolGetValue_
00429a76       ElfSecGetSize_
00429a7a       ElfSecGetType_
00429a7e       ElfSecGetFlags_
00429a83       ElfSecGetAlignment_
00429a87       ElfSecGetStringTable_
00429aa3       ElfSecGetSymbolTable_
00429ac4       ElfSecGetRelocTable_
00429aeb       ElfSecGetContents_
00429afd       ElfSecQueryReloc_
00429b66       ElfSecScanReloc_
00429bc5       ElfCvtSecHdlToIdx_
00429bfa       ElfCvtIdxToSecHdl_
00429c29       ElfRelocSecScan_
00429c85       ElfSymbolSecScan_
00429cdd       ElfNoteSecScan_
00429d1c       ElfSymbolGetBinding_
00429d20       ElfSymbolGetType_
00429d25       ElfSymbolGetRawInfo_
00429d29       ElfSymbolGetSecHandle_
00429d42       ElfSymbolGetAssociated_
Module: ../orl/osi386/orl.lib(C:\Projects\JWlink\orl\coff\c\coffentr.c)
00429d5c       CoffInit_
00429d78       CoffFini_
00429d9b       CoffFileInit_
00429dfd       CoffFileFini_
00429e02       CoffFileScan_
00429e5a       CoffExportTableRVA_
00429e5e       CoffFileGetMachineType_
00429e62       CoffFileGetFlags_
00429e67       CoffFileGetType_
00429e6b       CoffSecGetBase_
00429e6b       CoffFileGetSize_
00429e6f       CoffFileGetSymbolTable_
00429e73       CoffSecGetStringTable_
00429e7a       CoffSecGetSymbolTable_
00429e81       CoffSecGetName_
00429e85       CoffSecGetSize_
00429e89       CoffSecGetType_
00429e8d       CoffSecGetFlags_
00429e92       CoffSecGetAlignment_
00429e96       CoffSecGetRelocTable_
00429ea3       CoffSecGetNumLines_
00429eb5       CoffSecGetLines_
00429ed3       CoffSecGetOffset_
00429ee4       CoffSecGetContents_
00429ef6       CoffSecQueryReloc_
00429f4e       CoffCvtSecHdlToIdx_
00429f7f       CoffCvtIdxToSecHdl_
00429f87       CoffSecScanReloc_
00429fd8       CoffRelocSecScan_
0042a021       CoffSymbolSecScan_
0042a076       CoffNoteSecScan_
0042a0b5       CoffSymbolGetName_
0042a0c6       CoffSymbolGetValue_
0042a0cd       CoffSymbolGetBinding_
0042a0d1       CoffSymbolGetType_
0042a0d6       CoffSymbolGetSecHandle_
0042a0f7       CoffSymbolGetAssociated_
Module: ../orl/osi386/orl.lib(C:\Projects\JWlink\orl\omf\c\omfentr.c)
0042a109       OmfInit_
0042a125       OmfFini_
0042a148       OmfFileInit_
0042a19d       OmfFileFini_
0042a1a2       OmfFileScan_
0042a1fe       OmfFileGetMachineType_
0042a205       OmfFileGetFlags_
0042a20d       OmfFileGetType_
0042a214       OmfFileGetSize_
0042a21b       OmfSecGetName_
0042a235       OmfSecGetBase_
0042a238       OmfGroupSize_
0042a238       OmfSecGetSize_
0042a23c       OmfSecGetType_
0042a240       OmfSecGetFlags_
0042a245       OmfSecGetAlignment_
0042a25c       OmfSecGetClassName_
0042a27c       OmfSecGetCombine_
0042a294       OmfSecGetAbsFrame_
0042a2ae       OmfSecGetAssociated_
0042a2cb       OmfSecGetGroup_
0042a2f8       OmfSecGetStringTable_
0042a30c       OmfSecGetSymbolTable_
0042a30f       OmfFileGetSymbolTable_
0042a316       OmfSecGetRelocTable_
0042a323       OmfSymbolGetSecHandle_
0042a327       OmfSecGetContents_
0042a3cd       OmfSecQueryReloc_
0042a3e4       OmfSecScanReloc_
0042a3ff       OmfSymbolGetValue_
0042a3ff       OmfCvtSecHdlToIdx_
0042a403       OmfCvtIdxToSecHdl_
0042a414       OmfRelocSecScan_
0042a42f       OmfSymbolSecScan_
0042a464       OmfSecGetNumLines_
0042a472       OmfSecGetLines_
0042a480       OmfSymbolGetName_
0042a484       OmfSymbolGetBinding_
0042a488       OmfSymbolGetType_
0042a48d       OmfSymbolGetRawInfo_
0042a490       OmfNoteSecScan_
0042a49d       OmfGroupsScan_
0042a4cb       OmfGroupName_
0042a4d2       OmfGroupMember_
Module: ../orl/osi386/orl.lib(C:\Projects\JWlink\orl\c\orlflhnd.c)
0042a50e       ORLAddFileLinks_
0042a51c       ORLRemoveFileLinks_
Module: \watcom\lib386\nt\clib3r.lib(prtf.c)
0042a570       __prtf_
Module: \watcom\lib386\nt\clib3r.lib(ioalloc.c)
0042b240       __ioalloc_
Module: \watcom\lib386\nt\clib3r.lib(tzset.c)
0043a1cc       ___start_dst
0043a1f0       ___end_dst
0043a318       _tzname
0043a320       _timezone
0043a324       _daylight
0043a328       ___dst_adjust
0042b330*      __DontCacheOSTZ_
0042b340*      __CacheOSTZ_
0042b820+      __parse_tz_
0042bc10       tzset_
Module: \watcom\lib386\nt\clib3r.lib(gmtime.c)
0042bc80       __brktime_
0042bd80+      _gmtime_
0042bda0*      gmtime_
Module: \watcom\lib386\nt\clib3r.lib(timeutil.c)
0042bf00       __isindst_
Module: \watcom\lib386\nt\clib3r.lib(leapyear.c)
0042c230       __leapyear_
004396a0       ___diyr
004396ba       ___dilyr
Module: \watcom\lib386\nt\clib3r.lib(comtflag.c)
0042c270*      __set_commode_
0043a330       __commode
Module: \watcom\lib386\nt\clib3r.lib(fseek.c)
0042c2d0       fseek_
Module: \watcom\lib386\nt\clib3r.lib(chktty.c)
0042c3e0       __chktty_
Module: \watcom\lib386\nt\clib3r.lib(freefp.c)
0042c420       __freefp_
0042c470       __purgefp_
Module: \watcom\lib386\nt\clib3r.lib(allocfp.c)
0042c4a0       __allocfp_
Module: \watcom\lib386\nt\clib3r.lib(fgtattr.c)
0042c570       __fixed_GetFileAttributesA_
Module: \hx\lib\imphlp.lib(_MoveFileA@8.obj)
004392ac       __imp__MoveFileA@8
Module: \watcom\lib386\nt\clib3r.lib(crwdata)
0043a378       __osmajor
0043a379       __osminor
0043a37a       __osbuild
0043a37c       __osver
0043a380       __winmajor
0043a384       __winminor
0043a388       __winver
0043a344       __LpDllName
0043a348       __LpwCmdLine
0043a34c       __LpwPgmName
0043a350       __LpwDllName
0043a33c       __LpCmdLine
0043a340       __LpPgmName
0043a334*      __dynend
0043a338       __curbrk
0043a354*      __STACKLOW
0043a358       __STACKTOP
0043a35c       __ASTACKSIZ
0043a360       __ASTACKPTR
0043a364       __cbyte
0043a368*      __cbyte2
0043a36c*      __child
0043a372       __Envptr
0043a376*      __Envseg
0043a370*      __no87
0043a38c       ___FPE_handler
Module: \hx\lib\imphlp.lib(_CloseHandle@4.obj)
004392b0       __imp__CloseHandle@4
Module: \watcom\lib386\nt\clib3r.lib(mbspbrk.c)
0042c610       _mbspbrk_
Module: \watcom\lib386\nt\clib3r.lib(gtcwdwnt.c)
0042c660       getcwd_
Module: \hx\lib\imphlp.lib(_GetDriveTypeA@4.obj)
004392b4       __imp__GetDriveTypeA@4
Module: \hx\lib\imphlp.lib(_FindFirstFileA@8.obj)
004392b8       __imp__FindFirstFileA@8
Module: \hx\lib\imphlp.lib(_FindClose@4.obj)
004392bc       __imp__FindClose@4
Module: \watcom\lib386\nt\clib3r.lib(ntdirinf.c)
0042c6f0       __MakeDOSDT_
0042c720*      __FromDOSDT_
0042c750*      __GetNTDirInfo_
0042c790*      __NTFindNextFileWithAttr_
Module: \watcom\lib386\nt\clib3r.lib(d2ttime.c)
0042c7f0       _d2ttime_
Module: \hx\lib\imphlp.lib(_GetFullPathNameA@16.obj)
004392c0       __imp__GetFullPathNameA@16
Module: \watcom\lib386\nt\clib3r.lib(mbconv.c)
0042c870       _mbvtop_
Module: \watcom\lib386\nt\clib3r.lib(mbclen.c)
0042c890       _mbclen_
Module: \watcom\lib386\nt\clib3r.lib(mbsdec.c)
0042c8c0       _mbsdec_
Module: \watcom\lib386\nt\clib3r.lib(vsprintf.c)
0042c960       vsprintf_
Module: \hx\lib\imphlp.lib(_DeleteFileA@4.obj)
004392c4       __imp__DeleteFileA@4
Module: \watcom\lib386\nt\clib3r.lib(fgetc.c)
0042c980+      __fill_buffer_
0042ca80       fgetc_
Module: \watcom\lib386\nt\clib3r.lib(nmemneed.c)
0042cb40       __nmemneed_
Module: \watcom\lib386\nt\clib3r.lib(mem.c)
0042cb50       __MemAllocator
0042cc00       __MemFree
Module: \watcom\lib386\nt\clib3r.lib(grownear.c)
0042cea0       __ExpandDGROUP_
Module: \watcom\lib386\nt\clib3r.lib(nmsize.c)
0042cec0       _nmsize_
0042cec0*      _msize_
Module: \watcom\lib386\nt\clib3r.lib(nexpand.c)
0042ced0       _nexpand_
0042ced0*      _expand_
0042cf10+      __HeapManager_expand_
Module: \watcom\lib386\nt\clib3r.lib(initrtns.c)
0042d0e0       __InitRtns
0042d130       __FiniRtns
Module: \hx\lib\imphlp.lib(_VirtualFree@12.obj)
004392c8       __imp__VirtualFree@12
Module: \hx\lib\imphlp.lib(_ReadConsoleInputA@16.obj)
004392cc       __imp__ReadConsoleInputA@16
Module: \watcom\lib386\nt\clib3r.lib(conutwnt.c)
0042d1a0       __NTRealKey_
0042d250       __NTConsoleInput_
0042d260       __NTConsoleOutput_
Module: \hx\lib\imphlp.lib(_GetConsoleMode@8.obj)
004392d0       __imp__GetConsoleMode@8
Module: \hx\lib\imphlp.lib(_SetConsoleMode@8.obj)
004392d4       __imp__SetConsoleMode@8
Module: \watcom\lib386\nt\clib3r.lib(environ.c)
0043b58c       ___env_mask
0043b590       _environ
0043b594       __wenviron
Module: \watcom\lib386\nt\clib3r.lib(mbterm.c)
0042d270       _mbterm_
Module: \watcom\lib386\nt\clib3r.lib(mbcupper.c)
0042d2b0       _mbctoupper_
Module: \hx\lib\imphlp.lib(_SetConsoleCtrlHandler@8.obj)
004392d8       __imp__SetConsoleCtrlHandler@8
Module: \watcom\lib386\nt\clib3r.lib(abort.c)
0042d2f1       abort_
0042d303       __terminate_
0043a398       ___abort
Module: \watcom\lib386\nt\clib3r.lib(excptwnt.c)
0042d980+      ___ReportException@4
0042ddd0       __DefaultExceptionHandler_
0042de10+      ___ExceptionFilter
0042e020       __NewExceptionFilter_
0042e050       __DoneExceptionFilter_
0043a39c       ___oscode_check_func
0043a3a0       ___raise_func
0043b598*      _sw
0043b59c+      ___ExceptionHandled
0043b59d+      ___ReportInvoked
Module: \watcom\lib386\nt\clib3r.lib(enterdb.c)
0042e090       __EnterWVIDEO_
0043a3b8       ___WD_Present
Module: \watcom\lib386\nt\clib3r.lib(rterrmsg.c)
0042e0d0       __rterr_msg_
Module: \hx\lib\imphlp.lib(_GetCommandLineA@0.obj)
004392dc       __imp__GetCommandLineA@0
Module: \watcom\lib386\nt\clib3r.lib(mbschr.c)
0042e120       _mbschr_
Module: \watcom\lib386\nt\clib3r.lib(mbslen.c)
0042e180       _mbslen_
Module: \hx\lib\imphlp.lib(_SetEnvironmentVariableA@8.obj)
004392e0       __imp__SetEnvironmentVariableA@8
Module: \watcom\lib386\nt\clib3r.lib(mbstowcs.c)
0042e1b0       mbstowcs_
Module: \watcom\lib386\nt\clib3r.lib(uputenv.c)
0042e230*      _wputenv_
0042e450       __wputenv_
Module: \watcom\lib386\nt\clib3r.lib(initargv.c)
0042e550       __Init_Argv_
0042e5a0+      _getargv_
0042e740       __Fini_Argv_
Module: \hx\lib\dkrnl32s.lib(HALLOC.ASM)
0040a940       _HeapFree@12
0040a970       _HeapAlloc@12
0040a9ec       _HeapReAlloc@16
Module: \hx\lib\dkrnl32s.lib(HDESTROY.ASM)
0040ab4c       _HeapDestroy@4
Module: \hx\lib\dkrnl32s.lib(HEAPWALK.ASM)
0040ab80       _HeapWalk@8
Module: \hx\lib\dkrnl32s.lib(MUTEX.ASM)
0040abe4       _CreateMutexA@12
0040ac70*      _OpenMutexA@12
0040ac88       _ReleaseMutex@4
Module: \hx\lib\dkrnl32s.lib(GETLERR.ASM)
0040acc8       _GetLastError@0
0040acd0       _SetLastError@4
Module: \hx\lib\dkrnl32s.lib(WAITSNGL.ASM)
0040acdc*      _WaitForSingleObjectEx@12
0040aecc       _WaitForSingleObject@8
Module: \hx\lib\dkrnl32s.lib(LSTRCMP.ASM)
0040aee0       _lstrcmp@8
0040aee0*      _lstrcmpA@8
Module: \hx\lib\dkrnl32s.lib(LSTRCPY.ASM)
0040af08       _lstrcpy@8
0040af08*      _lstrcpyA@8
Module: \hx\lib\dkrnl32s.lib(LSTRLEN.ASM)
0040af38       _lstrlen@4
0040af38       _lstrlenA@4
Module: \hx\lib\dkrnl32s.lib(GETMODH.ASM)
0040af54       _GetModuleHandleA@4
Module: \hx\lib\dkrnl32s.lib(GETPHEAP.ASM)
0040afbc       _GetProcessHeap@0
Module: \hx\lib\dkrnl32s.lib(ISBADPTR.ASM)
0040afc4       _IsBadReadPtr@8
0040b000       _IsBadWritePtr@8
0040b040*      _IsBadCodePtr@4
Module: \hx\lib\dkrnl32s.lib(TLS.ASM)
0040b054       _TlsAlloc@0
0040b06c*      _TlsFree@4
0040b0a4*      _TlsSetValue@8
0040b0c0*      _TlsGetValue@4
Module: \hx\lib\dkrnl32s.lib(GETCPROC.ASM)
0040b0e8       _GetCurrentProcess@0
0040b0f0       _GetCurrentProcessId@0
Module: \hx\lib\dkrnl32s.lib(VIRTUAL.ASM)
0040b0f8       _VirtualGetPageAttr@12
0040b144       _VirtualSetPageAttr@16
Module: \hx\lib\dkrnl32s.lib(CHECKOS.ASM)
12345678       ___CHECKOS
Module: \hx\lib\dkrnl32s.lib(DBGSUPP.ASM)
0040b4c0       _IsDebuggerPresent@0
0040b4d4*      _WaitForDebugEvent@8
0040b4e0*      _ContinueDebugEvent@12
0040b4ec*      _DebugActiveProcess@4
0040b4f8*      _GetThreadSelectorEntry@12
Module: \hx\lib\dkrnl32s.lib(EXITPROC.ASM)
0040b518       _ExitProcess@4
Module: \hx\lib\dkrnl32s.lib(FATEXIT.ASM)
0040b528       _Display_szString@4
0040b564       _FatalAppExitA@8
Module: \hx\lib\dkrnl32s.lib(DW2A.ASM)
0040b598       _byt2asc
0040b57c       ___dw2aX@0
0040b580       ___dw2a@0
0040b5c8       ___dw2aD@0
0040b604       ___dw2aDX@0
0040b60c*      ___dw2aDY@0
0040b614*      ___dw2aDebug@0
Module: \hx\lib\dkrnl32s.lib(HLPSTACK.ASM)
0040b634       _gethelperstack@0
0040b668*      _freehelperstack@0
Module: \hx\lib\dkrnl32s.lib(CONTEXT.ASM)
0040b66c       __SaveContext@28
0040b718       __LoadContext@4
Module: \hx\lib\dkrnl32s.lib(SPRINTF.ASM)
0040b7c0       __sprintf
Module: \hx\lib\dkrnl32s.lib(TOOLHELP.ASM)
0040b81c*      _CreateToolhelp32Snapshot@8
0040b8ac       _Module32First@8
0040b8c8       _Module32Next@8
0040b8e4*      _Process32First@8
0040b92c*      _Process32Next@8
0040b938*      _Thread32First@8
0040b970*      _Thread32Next@8
0040b97c*      _Heap32First@12
0040b988*      _Heap32Next@4
0040b994*      _Heap32ListFirst@8
0040b9a0*      _Heap32ListNext@8
Module: \watcom\lib386\nt\clib3r.lib(mthrdini.c)
0042e750       __InitThreadData_
0043a3bc       ___ThreadDataSize
Module: \watcom\lib386\nt\clib3r.lib(cmain386.c)
0042e780       __CMain
Module: \watcom\lib386\nt\clib3r.lib(dosseg)
00001234       __DOSseg__
Module: \hx\lib\imphlp.lib(_GetStdHandle@4.obj)
00439314       __imp__GetStdHandle@4
Module: \hx\lib\imphlp.lib(_GetEnvironmentStringsA@0.obj)
00439318       __imp__GetEnvironmentStringsA@0
Module: \hx\lib\imphlp.lib(_GetVersion@0.obj)
0043931c       __imp__GetVersion@0
Module: \hx\lib\imphlp.lib(_GetModuleFileNameA@12.obj)
00439320       __imp__GetModuleFileNameA@12
Module: \watcom\lib386\nt\clib3r.lib(getmodfn.c)
0042e7c0       __lib_GetModuleFileNameW_
Module: \watcom\lib386\nt\clib3r.lib(strdup.c)
0042e860       __clib_strdup_
Module: \hx\lib\imphlp.lib(_GetCommandLineW@0.obj)
00439324       __imp__GetCommandLineW@0
Module: \watcom\lib386\nt\clib3r.lib(ustrdup.c)
0042e8a0       __clib_wcsdup_
Module: \hx\lib\imphlp.lib(_FreeEnvironmentStringsA@4.obj)
00439328       __imp__FreeEnvironmentStringsA@4
Module: \hx\lib\imphlp.lib(_GetModuleHandleA@4.obj)
0043932c       __imp__GetModuleHandleA@4
Module: \watcom\lib386\nt\clib3r.lib(stklmwnt.c)
0042e8d0       __init_stack_limits_
Module: \hx\lib\imphlp.lib(_ExitProcess@4.obj)
00439330       __imp__ExitProcess@4
Module: \hx\lib\imphlp.lib(_SetStdHandle@8.obj)
00439334       __imp__SetStdHandle@8
Module: \hx\lib\imphlp.lib(_CreateEventA@16.obj)
00439338       __imp__CreateEventA@16
Module: \hx\lib\dkrnl32s.lib(CREFILE.ASM)
0040ba10       _CreateFileA@28
Module: \hx\lib\dkrnl32s.lib(FORMMSG.ASM)
0040bd78*      __FormatMessage@32
0040bec0       _FormatMessageA@28
Module: \hx\lib\dkrnl32s.lib(SETFPTR.ASM)
0040bee4       _SetFilePointer@16
0040bff4       _SetFilePointerEx@20
Module: \hx\lib\dkrnl32s.lib(WRITFILE.ASM)
0040c030       _WriteFile@20
Module: \hx\lib\dkrnl32s.lib(GETFTYPE.ASM)
0040c144       _GetFileType@4
Module: \hx\lib\dkrnl32s.lib(READFILE.ASM)
0040c198       _ReadFile@20
Module: \watcom\lib386\nt\clib3r.lib(mbsnbcpy.c)
0042e940       _mbsnbcpy_
Module: \watcom\lib386\nt\clib3r.lib(mbisdbcs.c)
0043b5a4       ___IsDBCS
Module: \watcom\lib386\nt\clib3r.lib(mbislead.c)
0042e9a0*      _ismbblead_
0043b5a8       ___MBCSIsTable
Module: \hx\lib\imphlp.lib(_GetLocalTime@4.obj)
00439340       __imp__GetLocalTime@4
Module: \watcom\lib386\nt\clib3r.lib(locmktim.c)
0042e9c0       __local_mktime_
Module: \watcom\lib386\nt\clib3r.lib(fsync.c)
0042eb00       fsync_
Module: \watcom\lib386\nt\clib3r.lib(qwrit.c)
0042eb50       __qwrite_
Module: ../orl/osi386/orl.lib(C:\Projects\JWlink\orl\elf\c\elfflhn.c)
0042ecc0       ElfAddFileLinks_
0042ecce       ElfRemoveFileLinks_
Module: ../orl/osi386/orl.lib(C:\Projects\JWlink\orl\elf\c\elfload.c)
0043029e       ElfLoadFileStructure_
Module: ../orl/osi386/orl.lib(C:\Projects\JWlink\orl\c\orlhash.c)
00430513*      ORLNumberCmp_
00430549       ORLHashTableInsert_
004305f5       ORLHashTableQuery_
00430644       ORLHashTableCreate_
004306a8       ORLHashTableFree_
Module: ../orl/osi386/orl.lib(C:\Projects\JWlink\orl\elf\c\elflwlv.c)
00430fba       ElfCreateSymbolHandles_
00431150       ElfBuildSecNameHashTable_
0043137c+      ElfConvertRelocType_
0043145d       ElfCreateRelocs_
00431764       ElfParseDrectve_
Module: ../orl/osi386/orl.lib(C:\Projects\JWlink\orl\coff\c\coffflhn.c)
0043190f       CoffAddFileLinks_
0043191d       CoffRemoveFileLinks_
Module: ../orl/osi386/orl.lib(C:\Projects\JWlink\orl\coff\c\coffload.c)
004320a5       CoffLoadFileStructure_
Module: ../orl/osi386/orl.lib(C:\Projects\JWlink\orl\coff\c\cofflwlv.c)
004325c3       CoffCreateSymbolHandles_
00432961       CoffBuildSecNameHashTable_
00432a27+      CoffConvertRelocType_
00432bf1       CoffCreateRelocs_
00432cdc       CoffConvertLines_
00432eaa       CoffParseDrectve_
Module: ../orl/osi386/orl.lib(C:\Projects\JWlink\orl\omf\c\omfflhn.c)
0043319b       OmfAddFileLinks_
004331a9       OmfRemoveFileLinks_
Module: ../orl/osi386/orl.lib(C:\Projects\JWlink\orl\omf\c\omfload.c)
0043320d       OmfGetWordSize_
0043330e+      loadIndex_
00434349       OmfLoadFileStructure_
004343c5       OmfParseScanTab_
Module: ../orl/osi386/orl.lib(C:\Projects\JWlink\orl\omf\c\omfmunge.c)
00434e46       OmfModEnd_
004351d1       OmfAddLIData_
004352f4       OmfAddLEData_
00435377       OmfAddLName_
004353e2       OmfAddFixupp_
004356d3       OmfAddExtDef_
004357c2       OmfAddComDat_
00435a5a       OmfAddLineNum_
00435aa7       OmfAddSegDef_
00435bcd       OmfAddPubDef_
00435c87       OmfAddGrpDef_
00435d38       OmfAddComment_
00435e04       OmfGetLName_
00435e53       OmfGetPtrToLName_
00435e77       OmfFindSegOrComdat_
00435ecd       OmfExportSegmentContents_
00435ee0       OmfTheadr_
Module: ../orl/osi386/orl.lib(C:\Projects\JWlink\orl\omf\c\omfdrctv.c)
00435f43       OmfParseComments_
Module: \watcom\lib386\nt\clib3r.lib(wctomb.c)
00435ff0       wctomb_
Module: \watcom\lib386\nt\clib3r.lib(strupr.c)
00436030       strupr_
Module: \watcom\lib386\nt\clib3r.lib(noefgfmt.c)
0043a3d8       ___EFG_printf
0043a3dc*      ___EFG_scanf
Module: \watcom\lib386\nt\clib3r.lib(lltoa.c)
004360a0       ulltoa_
00436110*      lltoa_
Module: \hx\lib\imphlp.lib(_GetTimeZoneInformation@4.obj)
00439344       __imp__GetTimeZoneInformation@4
Module: \watcom\lib386\nt\clib3r.lib(wcstombs.c)
00436140       wcstombs_
Module: \hx\lib\imphlp.lib(_GetFileAttributesA@4.obj)
00439348       __imp__GetFileAttributesA@4
Module: \hx\lib\dkrnl32s.lib(MOVEFILE.ASM)
0040c434*      _MoveFileExA@12
0040c510       _MoveFileA@8
Module: \hx\lib\dkrnl32s.lib(CLOSEHDL.ASM)
0040c524       _CloseHandle@4
Module: \hx\lib\imphlp.lib(_GetCurrentDirectoryA@8.obj)
0043934c       __imp__GetCurrentDirectoryA@8
Module: \hx\lib\dkrnl32s.lib(GETDRVTP.ASM)
0040c57c       _GetDriveTypeA@4
0040c610*      _GetDriveTypeW@4
0040c628*      _GetLogicalDrives@0
0040c65c*      _GetLogicalDriveStringsA@8
Module: \hx\lib\dkrnl32s.lib(FNDFILE.ASM)
0040c738*      __GetVolumeName@12
0040c7d8       _FindFirstFileA@8
0040c894       _FindNextFileA@8
0040c8ec       _FindClose@4
Module: \hx\lib\imphlp.lib(_FileTimeToLocalFileTime@8.obj)
00439350       __imp__FileTimeToLocalFileTime@8
Module: \hx\lib\imphlp.lib(_FileTimeToDosDateTime@12.obj)
00439354       __imp__FileTimeToDosDateTime@12
Module: \hx\lib\imphlp.lib(_DosDateTimeToFileTime@12.obj)
00439358       __imp__DosDateTimeToFileTime@12
Module: \hx\lib\imphlp.lib(_LocalFileTimeToFileTime@8.obj)
0043935c       __imp__LocalFileTimeToFileTime@8
Module: \hx\lib\imphlp.lib(_FindNextFileA@8.obj)
00439360       __imp__FindNextFileA@8
Module: \hx\lib\dkrnl32s.lib(FULLPATH.ASM)
0040c91c       _GetFullPathNameA@16
Module: \hx\lib\dkrnl32s.lib(DELFILE.ASM)
0040c9a8       _DeleteFileA@4
Module: \watcom\lib386\nt\clib3r.lib(gtchewnt.c)
004361e0       getche_
Module: \watcom\lib386\nt\clib3r.lib(qread.c)
00436210       __qread_
Module: \watcom\lib386\nt\clib3r.lib(amblksiz.c)
0043a3e0       __amblksiz
Module: \watcom\lib386\nt\clib3r.lib(heapen.c)
00436280*      _heapenable_
0043a3e4       ___heap_enabled
Module: \hx\lib\imphlp.lib(_VirtualAlloc@16.obj)
00439364       __imp__VirtualAlloc@16
Module: \hx\lib\dkrnl32s.lib(PEEKCON.ASM)
0040ce18       _PeekConsoleInputA@16
0040ce8c       _ReadConsoleInputA@16
0040cf00*      _GetNumberOfConsoleInputEvents@8
0040cf2c*      _FlushConsoleInputBuffer@4
0040cf78*      _WriteConsoleInputA@16
Module: \hx\lib\dkrnl32s.lib(SETCMODE.ASM)
0040cfbc       _SetConsoleMode@8
0040d020       _GetConsoleMode@8
Module: \watcom\lib386\nt\clib3r.lib(setenvp.c)
004362b0       __setenvp_
00436370       __freeenvp_
Module: \hx\lib\imphlp.lib(_CharUpperA@4.obj)
00439370       __imp__CharUpperA@4
Module: \hx\lib\dkrnl32s.lib(SETCTRLH.ASM)
12345678       ___DEFCTRLHANDLER
0040d0a6       _SetConsoleCtrlHandler@8
0040d124*      _GenerateConsoleCtrlEvent@8
Module: \hx\lib\imphlp.lib(_LoadLibraryA@4.obj)
00439390       __imp__LoadLibraryA@4
Module: \hx\lib\imphlp.lib(_GetProcAddress@8.obj)
00439394       __imp__GetProcAddress@8
Module: \hx\lib\imphlp.lib(_SetUnhandledExceptionFilter@4.obj)
00439398       __imp__SetUnhandledExceptionFilter@4
Module: \watcom\lib386\nt\clib3r.lib(fclex387.c)
004363c0       _ClearFPE_
Module: \hx\lib\imphlp.lib(_UnhandledExceptionFilter@4.obj)
0043939c       __imp__UnhandledExceptionFilter@4
Module: \hx\lib\imphlp.lib(_MessageBoxA@16.obj)
004393a0       __imp__MessageBoxA@16
Module: \hx\lib\dkrnl32s.lib(GETCMDL.ASM)
0040d2e8       _GetCommandLineA@0
Module: \watcom\lib386\nt\clib3r.lib(mbccmp.c)
004363d0       _mbccmp_
Module: \hx\lib\dkrnl32s.lib(SETENVAR.ASM)
0040d354       _SetEnvironmentVariableA@8
0040d450       _SetEnvironmentVariableW@8
Module: \watcom\lib386\nt\clib3r.lib(mbtowc.c)
00436410       mbtowc_
Module: \watcom\lib386\nt\clib3r.lib(ustrchr.c)
004364a0       wcschr_
Module: \watcom\lib386\nt\clib3r.lib(ustrlen.c)
004364b6       wcslen_
Module: \watcom\lib386\nt\clib3r.lib(setenvar.c)
004364d0       __lib_SetEnvironmentVariableW_
Module: \watcom\lib386\nt\clib3r.lib(crtwenv.c)
004365c0       __create_wide_environment_
Module: \watcom\lib386\nt\clib3r.lib(utoupper.c)
00436628       towupper_
Module: \watcom\lib386\nt\clib3r.lib(histsplt.c)
0043b6b0       ___historical_splitparms
Module: \watcom\lib386\nt\clib3r.lib(___argc.c)
0043b6b4       ____Argc
0043b6b8       ____Argv
Module: \hx\lib\dkrnl32s.lib(GROWSEG.ASM)
0040d4ac       __growseg
Module: \hx\lib\dkrnl32s.lib(SEARCHSG.ASM)
0040d668       __searchseg
Module: \hx\lib\dkrnl32s.lib(GETTICKC.ASM)
0040d6ac       _GetTickCount@0
Module: \hx\lib\dkrnl32s.lib(LCLALLOC.ASM)
0040d6c0*      _GlobalAlloc@8
0040d6c0       _LocalAlloc@8
0040d704*      _GlobalFree@4
0040d704       _LocalFree@4
0040d728*      _GlobalReAlloc@12
0040d728*      _LocalReAlloc@12
0040d75c*      _GlobalHandle@4
0040d75c*      _LocalHandle@4
0040d77c*      _GlobalLock@4
0040d77c*      _LocalLock@4
0040d7a8*      _GlobalUnlock@4
0040d7a8*      _LocalUnlock@4
0040d7d0*      _GlobalFlags@4
0040d7d0*      _LocalFlags@4
0040d7dc*      _GlobalSize@4
0040d7dc*      _LocalSize@4
0040d7f4*      _GlobalCompact@4
Module: \hx\lib\dkrnl32s.lib(SLEEP.ASM)
0040d894       _Sleep@4
0040d8dc*      _SleepEx@8
Module: \hx\lib\dkrnl32s.lib(HCREATE.ASM)
0040d8ec*      __heapset
0040d938       _HeapAllocRegion@20
0040d9b8*      _HeapCreate@12
Module: \hx\lib\dkrnl32s.lib(INT21LFN.ASM)
0040dd20       _InstallLFNHLP@4
0040dd91       _DeinstallLFNHLP@0
Module: \hx\lib\dkrnl32s.lib(FLUSHFB.ASM)
0040ddc0       _FlushFileBuffers@4
Module: \hx\lib\dkrnl32s.lib(GSTDHDL.ASM)
00439430       _g_bIsConsole
0040de30       _GetStdHandle@4
0040de6c       _SetStdHandle@8
Module: \hx\lib\dkrnl32s.lib(WRITCONS.ASM)
0040ded8       _WriteConsoleA@20
Module: \hx\lib\dkrnl32s.lib(THREAD2.ASM)
0040df10       _GetCurrentThreadId@0
0040df18*      _GetExitCodeThread@8
0040df38*      _SetThreadPriority@8
0040df54*      _GetThreadPriority@4
0040df70*      _SetThreadAffinityMask@8
0040df7c*      _GetThreadTimes@20
0040df88*      _GetThreadContext@8
0040dfac*      _SetThreadContext@8
Module: \hx\lib\dkrnl32s.lib(GETMODFN.ASM)
0040dfd0       _GetModuleFileNameA@12
Module: \hx\lib\imphlp.lib(_GetCurrentThreadId@0.obj)
00439450       __imp__GetCurrentThreadId@0
Module: \watcom\lib386\nt\clib3r.lib(cinit.c)
00436640       __CommonInit_
Module: \hx\lib\dkrnl32s.lib(GETENVS.ASM)
0040e030*      _GetEnvironmentStrings@0
0040e030       _GetEnvironmentStringsA@0
0040e07c       _FreeEnvironmentStringsA@4
Module: \hx\lib\dkrnl32s.lib(GETVERS.ASM)
0040e08c       _GetVersion@0
0040e094*      _GetVersionExA@4
Module: \hx\lib\imphlp.lib(_GetModuleFileNameW@12.obj)
00439454       __imp__GetModuleFileNameW@12
Module: \hx\lib\imphlp.lib(_MultiByteToWideChar@24.obj)
00439458       __imp__MultiByteToWideChar@24
Module: \hx\lib\dkrnl32s.lib(GETCMDLW.ASM)
0040e0c0       _GetCommandLineW@0
Module: \hx\lib\imphlp.lib(_VirtualQuery@12.obj)
00439460       __imp__VirtualQuery@12
Module: \hx\lib\dkrnl32s.lib(EVENT.ASM)
0040e104       _CreateEventA@16
0040e198*      _OpenEventA@12
0040e1b0       _SetEvent@4
0040e1ec*      _ResetEvent@4
0040e214*      _PulseEvent@4
Module: \hx\lib\dkrnl32s.lib(SETHDLCT.ASM)
0040e240       _SetHandleCount@4
Module: \hx\lib\dkrnl32s.lib(CONFLAGS.ASM)
00439464       _g_consoleflags
00439468       _g_bProcessed
Module: \hx\lib\dkrnl32s.lib(ENUMRES.ASM)
0040e360*      _EnumResourceTypesA@12
0040e394       _EnumResourceNamesA@16
0040e3e0       _EnumResourceLanguagesA@20
Module: \hx\lib\dkrnl32s.lib(FINDRES.ASM)
0040e444       _ScanResDir@12
0040e514*      _FindResourceA@12
0040e590       _FindResourceExA@16
0040e5a8       _LoadResource@8
0040e5cc*      _LockResource@4
0040e5d8*      _FreeResource@4
0040e5e4*      _SizeofResource@8
Module: \hx\lib\dkrnl32s.lib(LSTRCPYN.ASM)
0040e5f8       _lstrcpyn@12
0040e5f8*      _lstrcpynA@12
Module: \hx\lib\dkrnl32s.lib(WRITCON2.ASM)
0040e618       __WriteConsole@16
Module: \hx\lib\dkrnl32s.lib(SERIALIZ.ASM)
0040e800       _EnterSerialization@0
0040e80c       _LeaveSerialization@0
Module: \watcom\lib386\nt\clib3r.lib(mbinit.c)
0043667b       __mbinit_
0043a3e8       ___MBCodePage
Module: \hx\lib\dkrnl32s.lib(TIME.ASM)
0040e818       _GetLocalTime@4
0040e85c*      _SetLocalTime@4
0040e868*      _GetSystemTime@4
0040e8a4*      _SetSystemTime@4
0040e8b0       _GetSystemTimeAsFileTime@4
Module: \hx\lib\imphlp.lib(_FlushFileBuffers@4.obj)
00439488       __imp__FlushFileBuffers@4
Module: \watcom\lib386\nt\clib3r.lib(i8s)
0043676c       __U8RS
00436786*      __I8RS
004367a1*      __I8LS
004367a1       __U8LS
Module: \watcom\lib386\nt\clib3r.lib(i8d)
004367bc*      __I8D
00436811       __U8D
Module: ../orl/osi386/orl.lib(C:\Projects\JWlink\orl\coff\c\coffimpl.c)
00436de4+      getImportName_
004376a0       convert_import_library_
0043a42a       _ImportLibData
Module: \watcom\lib386\nt\clib3r.lib(atoi.c)
00437720       atoi_
Module: \watcom\lib386\nt\clib3r.lib(strstr.c)
00437770       strstr_
Module: \hx\lib\imphlp.lib(_WideCharToMultiByte@32.obj)
0043948c       __imp__WideCharToMultiByte@32
Module: \hx\lib\dkrnl32s.lib(TIMEHLP.ASM)
0040e8f8*      _tzset@0
0040e9b4       _localtosystem@0
0040e9c8       _systemtolocal@0
0040e9f8       _GetTimeZoneInformation@4
Module: \hx\lib\dkrnl32s.lib(ATTRIBS.ASM)
0040ea50       _GetFileAttributesA@4
0040ead0*      _GetFileAttributesExA@12
0040eb18*      _SetFileAttributesA@8
Module: \hx\lib\dkrnl32s.lib(COPYFILE.ASM)
0040eb50       _CopyFileA@12
Module: \hx\lib\dkrnl32s.lib(GETCURD.ASM)
0040ec70       _GetCurrentDirectoryA@8
0040ece4*      _GetCurrentDirectoryW@8
Module: \hx\lib\dkrnl32s.lib(CONVWSTR.ASM)
0040ed17*      _ConvertWStrN@0
0040ed0c       _ConvertWStr@0
0040ed38       _ConvertAStrN@12
0040ed60       _ConvertAStr@4
Module: \hx\lib\dkrnl32s.lib(FILLMEM.ASM)
0040ed84*      _RtlFillMemory@12
0040edac       _RtlZeroMemory@8
0040edc0       _RtlMoveMemory@12
Module: \hx\lib\dkrnl32s.lib(DOSDATE.ASM)
0040ee10       _DosDateTimeToFileTime@12
0040ee9c       _FileTimeToDosDateTime@12
0040eef4       __DosDateTimeToFileTime@12
0040ef20*      __FileTimeToDosDateTime@12
Module: \hx\lib\dkrnl32s.lib(FILETIME.ASM)
0040ef50       _SystemTimeToFileTime@8
0040f0ec       _FileTimeToSystemTime@8
0040f2ec       _FileTimeToLocalFileTime@8
0040f30c       _LocalFileTimeToFileTime@8
Module: \watcom\lib386\nt\clib3r.lib(putchwnt.c)
00437820       putch_
Module: \hx\lib\dkrnl32s.lib(KBDQUEUE.ASM)
004394c8       _g_asciitable
0040f340       __WriteKbdEvent@0
0040f408       __GetKbdEvent@0
0040f434       __PeekKbdEvent@4
0040f468       __GetNumberOfKbdEvents@0
0040f48c*      __GetKeyTable@0
0040f498*      __SetKbdEventHandler@8
Module: \hx\lib\dkrnl32s.lib(MOUSE.ASM)
0040f4dc*      _KernelShowMouse@0
0040f500*      _KernelHideMouse@0
0040f5d8       _InitMouse@0
0040f69c       _DeinitMouse@0
0040f948       __PeekMouEvent@4
0040f97c       __GetMouEvent@0
0040f9a8       __GetNumberOfMouEvents@0
0040f9cc*      __SetMouEventHandler@8
0040fa10*      _GetNumberOfConsoleMouseButtons@4
Module: \hx\lib\dkrnl32s.lib(BOOST.ASM)
004395c4       _g_dwBoostProc
Module: \watcom\lib386\nt\clib3r.lib(dofilstr.c)
00437890       __ParsePosixHandleStr_
Module: \watcom\lib386\nt\clib3r.lib(clearenv.c)
004379b0       clearenv_
Module: \hx\lib\duser32s.lib(CharUpp.asm)
0040fa2c*      _CharUpperBuffW@8
0040fa34*      _CharUpperBuffA@8
0040fa60       _CharUpperA@4
0040fa8c*      _CharUpperW@4
0040fabc*      _CharLowerBuffW@8
0040fac4*      _CharLowerBuffA@8
0040faf0*      _CharLowerA@4
0040fb1c*      _CharLowerW@4
0040fb4c*      _IsCharLowerA@4
0040fb64*      _IsCharLowerW@4
0040fb80*      _IsCharUpperA@4
0040fb98*      _IsCharUpperW@4
Module: \hx\lib\dkrnl32s.lib(THREAD.ASM)
0041019c*      _ExitThread@4
004101a0*      _FreeLibraryAndExitThread@8
0041031c*      _TerminateThread@8
0041035c*      _SuspendThread@4
0041038c*      _ResumeThread@4
004103cc       _CreateThread@24
004104ec       _SwitchToThread@0
Module: \hx\lib\dkrnl32s.lib(LOADLIB.ASM)
00410564       _LoadLibraryA@4
00410578       _FreeLibrary@4
00410588       _GetProcAddress@8
Module: \hx\lib\imphlp.lib(_SetEnvironmentVariableW@8.obj)
004395ec       __imp__SetEnvironmentVariableW@8
Module: \hx\lib\dkrnl32s.lib(TIMERHLP.ASM)
004395f0*      _g_dwGetTimerValue
004395f4       _g_dwGetTimerValuems
Module: \hx\lib\dkrnl32s.lib(HEAPLOCK.ASM)
00410660*      _HeapLock@4
0041067c*      _HeapUnlock@4
00410694*      _HeapCompact@8
004106a0       _HeapSize@12
Module: \hx\lib\dkrnl32s.lib(HEAPVAL.ASM)
004106b8       _HeapValidate@12
Module: \hx\lib\dkrnl32s.lib(LOADVDD.ASM)
004395fc       _g_hVdd
00410770       _HXDispatch@0
00410808*      _HXLoadVDD@0
Module: \hx\lib\dkrnl32s.lib(TIMER.ASM)
00439608       _g_cntTimer
00410944       _InitRTCTimer@0
00410974*      _DeinitRTCTimer@0
00410a9c       _CreateWaitableTimerA@12
00410af4*      _OpenWaitableTimerA@12
00410b0c       _CancelWaitableTimer@4
00410b70       _SetWaitableTimer@24
Module: \hx\lib\dkrnl32s.lib(IDLEPROC.ASM)
0043960c       _g_dwIdleProc
00439610       _g_bDispatchFlags
00410be4*      __GiveupTimeSlice@0
Module: \hx\lib\dkrnl32s.lib(SETBGINT.ASM)
00410c20       _SetIntensityBackground@0
Module: \hx\lib\dkrnl32s.lib(GETSCRPT.ASM)
00439614*      _g_dwActiveScreenBuffer
0043961c*      _g_sb
00410c48       __GetScreenBuffer@0
00410c58       _getscreenptr@4
00410cd4       __SetDefaultAttribute@0
Module: \hx\lib\dkrnl32s.lib(GETMODFW.ASM)
00410d28       _GetModuleFileNameW@12
Module: \hx\lib\dkrnl32s.lib(WC2MB.ASM)
00410d4c       _WideCharToMultiByte@32
00410da8       _MultiByteToWideChar@24
00410e04*      _IsValidCodePage@4
00410e10*      _IsDBCSLeadByte@4
00410e1c*      _IsDBCSLeadByteEx@8
Module: \hx\lib\dkrnl32s.lib(VQUERY.ASM)
00410e28*      __FindNextRegion@8
00410f00       _VirtualQuery@12
004110c0*      _VirtualQueryEx@16
Module: \hx\lib\dkrnl32s.lib(CSRPROCS.ASM)
004110cc       _SetConsoleCursorPosition@8
0041112c*      _SetConsoleCursorInfo@8
004111ec*      _GetConsoleCursorInfo@8
Module: \hx\lib\dkrnl32s.lib(GTSCRBFI.ASM)
00411250       __UpdateScreenBuf@0
0041128c*      _GetConsoleScreenBufferInfo@8
004112d0*      _SetConsoleTextAttribute@8
Module: \hx\lib\imphlp.lib(_GetACP@0.obj)
00439648       __imp__GetACP@0
Module: \hx\lib\imphlp.lib(_GetOEMCP@0.obj)
0043964c       __imp__GetOEMCP@0
Module: \hx\lib\imphlp.lib(_GetCPInfo@8.obj)
00439650       __imp__GetCPInfo@8
Module: \hx\lib\dkrnl32s.lib(LOPEN.ASM)
004112ec       __lopen@8
Module: \hx\lib\dkrnl32s.lib(LREAD.ASM)
00411354       __lwrite@12
00411378       __lread@12
Module: \hx\lib\dkrnl32s.lib(LSTRLENW.ASM)
0041139c       _lstrlenW@4
Module: \hx\lib\dkrnl32s.lib(INT64.ASM)
004113bc       __mul64@12
00411414       __div64@20
Module: \hx\lib\imphlp.lib(_WriteConsoleA@20.obj)
00439654       __imp__WriteConsoleA@20
Module: \hx\lib\dkrnl32s.lib(KEYBOARD.ASM)
0043965e*      _g_bCtrlBrk
0043965f       _g_bExtState
Module: \hx\lib\dkrnl32s.lib(THREAD3.ASM)
00439664       _g_dwDispProc
00439668       _g_bDispReq
00411678       __DispatchRequest@0
Module: \hx\lib\dkrnl32s.lib(LOADLIBX.ASM)
004116c4       _LoadLibraryExA@12
Module: \hx\lib\dkrnl32s.lib(TIMER2.ASM)
0043966c       _g_OldIrq08
00439674       _g_dwRTCTicks
00411720       __SetRTCTimer@0
00411774       __RestoreRTCTimer@0
Module: \hx\lib\dkrnl32s.lib(QUEUEAPC.ASM)
004117b0       _QueueUserAPC@12
Module: \hx\lib\dkrnl32s.lib(SETCWNDI.ASM)
004118a0*      _SetConsoleWindowInfo@12
004118cc*      _SetConsoleScreenBufferSize@8
004119f4       _GetLargestConsoleWindowSize@4
Module: \hx\lib\dkrnl32s.lib(GETACP.ASM)
00411a00       _GetACP@0
00411a0c*      _GetConsoleCP@0
00411a0c*      _GetConsoleOutputCP@0
00411a0c       _GetOEMCP@0
00411a18*      _SetConsoleOutputCP@4
00411a18*      _SetConsoleCP@4
Module: \hx\lib\dkrnl32s.lib(GETCPINF.ASM)
00411a2c       _GetCPInfo@8


                        +----------------------+
                        |   Imported Symbols   |
                        +----------------------+

Symbol                              Module
======                              ======



                        +--------------------+
                        |   Libraries Used   |
                        +--------------------+

\hx\lib\imphlp.lib
\hx\lib\dkrnl32s.lib
\hx\lib\duser32s.lib
../orl/osi386/orl.lib
\watcom\lib386\nt\clib3r.lib


                        +-----------------------+
                        |   Linker Statistics   |
                        +-----------------------+

Stack size:  00020000 (131072.)
Memory size:  000529d0 (338384.)
Entry point address: 00409008
Link time: 00:00.47
