JWlink Version 1.9beta 7
Portions Copyright (c) 1985-2002 Sybase, Inc. All Rights Reserved.
Created on:       12/09/12 09:36:14
Executable Image: OWLinuxD\jwlib.
creating an ELF executable
Error! E2028: _Debug_ is an undefined reference


                        +------------+
                        |   Groups   |
                        +------------+

Group                           Address              Size
=====                           =======              ====

DGROUP                          0806b2e0             0000170c



                        +--------------+
                        |   Segments   |
                        +--------------+

Segment                Class          Group          Address         Size
=======                =====          =====          =======         ====

BEGTEXT                CODE           AUTO           08048074        00000007
_TEXT                  CODE           AUTO           08048084        00022251
_NULL                  BEGDATA        DGROUP         0806b2e0        00000004
_AFTERNULL             BEGDATA        DGROUP         0806b2e4        00000000
CONST                  DATA           DGROUP         0806b2e4        0000005c
CONST2                 DATA           DGROUP         0806b340        00000000
_DATA                  DATA           DGROUP         0806b340        00000c38
XIB                    DATA           DGROUP         0806bf78        00000000
XI                     DATA           DGROUP         0806bf78        0000000c
XIE                    DATA           DGROUP         0806bf84        00000000
YIB                    DATA           DGROUP         0806bf84        00000000
YI                     DATA           DGROUP         0806bf84        00000006
YIE                    DATA           DGROUP         0806bf8a        00000000
TIB                    DATA           DGROUP         0806bf8a        00000000
TI                     DATA           DGROUP         0806bf8a        00000000
TIE                    DATA           DGROUP         0806bf8a        00000000
DATA                   DATA           DGROUP         0806bf8a        00000000
_BSS                   BSS            DGROUP         0806bf8c        00000a60


                        +----------------+
                        |   Memory Map   |
                        +----------------+

* = unreferenced symbol
+ = symbol only referenced locally

Address        Symbol
=======        ======

Module: OWLinuxD/wlib.obj(C:\Projects\JWlink\jwlib\c\wlib.c)
080480c1       InitSubSystems_
0804812f       WlibMainLine_
080481ca       FiniSubSystems_
0806bf8c       _Env
Module: OWLinuxD/libio.obj(C:\Projects\JWlink\jwlib\c\libio.c)
0804821b       InitLibIo_
08048246       ResetLibIo_
080482a8       LibOpen_
08048406       LibReadError_
08048446+      LibWriteError_
08048486       BadLibrary_
0804851a       LibRead_
080486de       LibWrite_
080487c2       LibClose_
08048867       LibSeek_
0804894f       LibTell_
Module: OWLinuxD/symtable.obj(C:\Projects\JWlink\jwlib\c\symtable.c)
08048c2f       InitFileTab_
08048db0       CleanFileTab_
08048e54       ResetFileTab_
08048ed4       FiniFileTab_
08049499       WriteFile_
08049f8d       WriteFileTable_
0804a0d9       AddSym_
0804a285*      DumpFileTable_
0804a420*      DumpHashTable_
0804a4e4       RemoveObjectSymbols_
0804a5d5       AddObjectSymbols_
0804a70b       OmfMKImport_
0804a839       CoffMKImport_
0804a985       ElfMKImport_
0804ae29       ListContents_
Module: OWLinuxD/omfproc.obj(C:\Projects\JWlink\jwlib\c\omfproc.c)
0804b1ce       InitOmfRec_
0804b208       FiniOmfRec_
0804be6c       OmfCopy_
0804bea7       OmfSkipObject_
0804bedd       OmfExtract_
0804bf38       OmfImportSize_
0804bfcc       OmfWriteImport_
0804c1b2       OMFWalkSymList_
Module: OWLinuxD/writelib.obj(C:\Projects\JWlink\jwlib\c\writelib.c)
0804c264       WriteNew_
0804c299       WriteNewLib_
0804c47e       WriteBigEndian32_
0804c4e5       WriteLittleEndian32_
0804c516       WriteLittleEndian16_
0806c314       _ExportListFile
0806c318       _NewLibrary
Module: OWLinuxD/convert.obj(C:\Projects\JWlink\jwlib\c\convert.c)
0804c603       GetARName_
0804c70d       GetFFName_
0804c833       GetARHeaderValues_
0804c9e0       CreateARHeader_
Module: OWLinuxD/wlibutil.obj(C:\Projects\JWlink\jwlib\c\wlibutil.c)
0804caf6       SymbolNameCmp_
0804cb45       GetFileContents_
0804cbc9       NewArchHeader_
0804cca6       Copy_
0804cd0e       SameFile_
0804cd7f       SameName_
0804cdf8       MakeFName_
0804ce3d       IsExt_
0804ce9a       DefaultExtension_
0804cf00       MakeObjOutputName_
0804cfbb       MakeListName_
0804d018       MakeBakName_
0804d081       MakeTmpName_
0804d16d       TrimPath_
0804d1c8       FormSym_
0804d222       LibFormat_
Module: OWLinuxD/libwalk.obj(C:\Projects\JWlink\jwlib\c\libwalk.c)
0804d331       LibWalk_
0804d498       OMFLibWalk_
Module: OWLinuxD/symlist.obj(C:\Projects\JWlink\jwlib\c\symlist.c)
0804d6cd       ObjWalkSymList_
Module: OWLinuxD/proclib.obj(C:\Projects\JWlink\jwlib\c\proclib.c)
0804deeb       ProcessCommands_
Module: OWLinuxD/cmdline.obj(C:\Projects\JWlink\jwlib\c\cmdline.c)
0804f0dc       ProcessCmdLine_
0804f2fc       InitCmdLine_
0804f349       ResetCmdLine_
0806c630       _Options
0806c654       _CmdList
Module: OWLinuxD/error.obj(C:\Projects\JWlink\jwlib\c\error.c)
0805036b       InitMsg_
0805038c       MsgGet_
080503c5       FiniMsg_
Module: OWLinuxD/implib.obj(C:\Projects\JWlink\jwlib\c\implib.c)
08051379       ProcessImport_
08051b33       ElfImportSize_
08051bf1       CoffImportSize_
08051d25       ElfWriteImport_
080520a3       AddImport_
Module: OWLinuxD/elfobjs.obj(C:\Projects\JWlink\jwlib\c\elfobjs.c)
0806b4b8       _ElfBase
0806b5da       _ElfOSInfo
Module: OWLinuxD/orlrtns.obj(C:\Projects\JWlink\jwlib\c\orlrtns.c)
08052350       FiniObj_
0805237b       InitObj_
080524e7       OpenObjFile_
0805252b       OpenLibFile_
080525d4       CloseObjFile_
08052611       CloseLibFile_
Module: OWLinuxD/memfuncs.obj(C:\Projects\JWlink\jwlib\c\memfuncs.c)
0805263d       InitMem_
08052668       MemAlloc_
080526f7       MemRealloc_
080527d5       MemFree_
08052857       MemAllocGlobal_
080528a7*      MemReallocGlobal_
080528fb       MemFreeGlobal_
0805292f       ResetMem_
08052977       FiniMem_
08052998       DupStr_
080529e1       DupStrGlobal_
Module: OWLinuxD/ideentry.obj(C:\Projects\JWlink\jwlib\c\ideentry.c)
08052b7c*      IDEGetVersion_
08052ba7       IDEInitDLL_
08052bff       IDEPassInitInfo_
08052c36       IDERunYourSelf_
08052c94       IDERunYourSelfArgv_
08052cd1       IDEStopRunning_
08052d2d*      IDEFreeHeap_
08052d53       IDEFiniDLL_
08052d7c       WlibGetEnv_
08052de5*      FatalResError_
08052e4a       FatalError_
08052ed3       Warning_
08052f5e       Message_
08052fdb       Usage_
080530a3       Banner_
Module: OWLinuxD/idedrv.obj(C:\Projects\JWlink\jwlib\c\idedrv.c)
080536b7*      IdeDrvExecDLL_
08053753       IdeDrvExecDLLArgv_
080537e5       IdeDrvUnloadDLL_
0805382e*      IdeDrvStopRunning_
Module: OWLinuxD/idemsgfm.obj(C:\Projects\JWlink\jwlib\c\idemsgfm.c)
08053bd7       IdeMsgFormat_
08053e56*      IdeMsgStartDll_
Module: OWLinuxD/idemsgpr.obj(C:\Projects\JWlink\jwlib\c\idemsgpr.c)
08053e7e       IdeMsgInit_
08053f0c*      IdeMsgSetReadable_
08053f37*      IdeMsgSetMsgNo_
08053f6c*      IdeMsgSetMsgGroup_
08053fcb*      IdeMsgSetLnkFile_
08054000*      IdeMsgSetLnkSymbol_
08054035*      IdeMsgSetSrcFile_
0805406a*      IdeMsgSetSrcLine_
0805409f*      IdeMsgSetSrcColumn_
080540d4*      IdeMsgSetHelp_
Module: OWLinuxD/maindrv.obj(C:\Projects\JWlink\jwlib\c\maindrv.c)
0805411d       main_
0806c714       _ImageName
Module: OWLinuxD/demangle.obj(C:\Projects\JWlink\lib_misc\c\demangle.c)
080573ea*      __demangle_t_
0805746f       __demangle_l_
080574f6*      __demangle_r_
080575aa*      __scope_name_
08057665+      __is_mangled_
080577b9*      __is_mangled_internal_
08057822*      __unmangled_name_
080578f8*      __demangled_basename_
Module: OWLinuxD/omfutil.obj(C:\Projects\JWlink\jwlib\c\omfutil.c)
08057993       InitOmfUtil_
080579cd       FiniOmfUtil_
08057a54       PadOmf_
08057f58       WriteOmfDict_
080580c1       WriteOmfFile_
Module: OWLinuxD/coffwrt.obj(C:\Projects\JWlink\jwlib\c\coffwrt.c)
080588dd       CoffWriteImport_
Module: OWLinuxD/inlib.obj(C:\Projects\JWlink\jwlib\c\inlib.c)
0805982d       AddInputLib_
0805988f       CloseOneInputLib_
080598e8       InitInputLibs_
08059913       ResetInputLibs_
08059978       FindInLib_
080599d1       InLibHandle_
Module: \watcom\lib386\linux\clib3r.lib(stk)
08059a45*      __STK
08059a49       __CHK
08059a42       __GRO
08059a62*      __STKOVERFLOW_
Module: \watcom\lib386\linux\clib3r.lib(setjmp)
08059ad4       _setjmp_
08059b03       longjmp_
Module: \watcom\lib386\linux\clib3r.lib(close.c)
08059b74       close_
Module: \watcom\lib386\linux\clib3r.lib(openlnx.c)
08059ba4       open_
08059bc4       sopen_
Module: \watcom\lib386\linux\clib3r.lib(errno.c)
08059be4       __get_errno_ptr_
0806c87c+      _errno
Module: \watcom\lib386\linux\clib3r.lib(strerror.c)
0805a724       strerror_
0805a744*      _strerror_
0806b8c8+      __sys_errlist
0806bac0+      __sys_nerr
Module: \watcom\lib386\linux\clib3r.lib(write.c)
0805a814       write_
Module: \watcom\lib386\linux\clib3r.lib(memcpy.c)
0805a844       memcpy_
Module: \watcom\lib386\linux\clib3r.lib(read.c)
0805a864       read_
Module: \watcom\lib386\linux\clib3r.lib(filelen.c)
0805a894       filelength_
Module: \watcom\lib386\linux\clib3r.lib(lseek.c)
0805a8e4       lseek_
Module: \watcom\lib386\linux\clib3r.lib(tell.c)
0805a8f4       tell_
Module: \watcom\lib386\linux\clib3r.lib(memset.c)
0805a914       memset_
Module: \watcom\lib386\linux\clib3r.lib(strlen.c)
0805a934       strlen_
Module: \watcom\lib386\linux\clib3r.lib(_strcmp)
0805a954       strcmp_
Module: \watcom\lib386\linux\clib3r.lib(splitpat.c)
0805aac4       _splitpath_
Module: \watcom\lib386\linux\clib3r.lib(qsort.c)
0805abe4       qsort_
Module: \watcom\lib386\linux\clib3r.lib(time.c)
0805b294       time_
Module: \watcom\lib386\linux\clib3r.lib(strchr.c)
0805b2c4       strchr_
Module: \watcom\lib386\linux\clib3r.lib(strcpy.c)
0805b2e4       strcpy_
Module: \watcom\lib386\linux\clib3r.lib(itoa.c)
0805b314+      utoa_
0805b364       itoa_
Module: \watcom\lib386\linux\clib3r.lib(printf.c)
0805b394       printf_
Module: \watcom\lib386\linux\clib3r.lib(iob.c)
0806bac4       ___iob
0806c980       ___OpenStreams
0806c984       ___ClosedStreams
Module: \watcom\lib386\linux\clib3r.lib(fflush.c)
0805b3c4       fflush_
Module: ../orl/osi386/orl.lib(C:\Projects\JWlink\orl\c\orlentry.c)
0805b3d4       ORLInit_
0805b42f*      ORLGetError_
0805b433       ORLFini_
0805b47d       ORLFileIdentify_
0805b738       ORLFileInit_
0805b7d3       ORLFileFini_
0805b813       ORLExportTableRVA_
0805b82e       ORLFileScan_
0805b862       ORLFileGetMachineType_
0805b896       ORLFileGetFlags_
0805b8ca*      ORLFileGetSize_
0805b8fe*      ORLFileGetType_
0805b932       ORLFileGetFormat_
0805b936       ORLFileGetSymbolTable_
0805b96a*      ORLSecGetName_
0805b994       ORLSecGetBase_
0805b9be       ORLSecGetSize_
0805b9e8*      ORLSecGetType_
0805ba12*      ORLSecGetAlignment_
0805ba3c*      ORLSecGetFlags_
0805ba66       ORLSecGetStringTable_
0805ba90       ORLSecGetSymbolTable_
0805baba*      ORLSecGetRelocTable_
0805bae4*      ORLSecGetLines_
0805bb05*      ORLSecGetNumLines_
0805bb26*      ORLSecGetOffset_
0805bb32*      ORLSecGetClassName_
0805bb3e*      ORLSecGetCombine_
0805bb4a*      ORLSecGetAbsFrame_
0805bb59*      ORLSecGetAssociated_
0805bb65*      ORLSecGetGroup_
0805bb71       ORLSecGetContents_
0805bb9b*      ORLSecQueryReloc_
0805bbc5*      ORLSecScanReloc_
0805bbef*      ORLCvtSecHdlToIdx_
0805bc19*      ORLCvtIdxToSecHdl_
0805bc4d*      ORLRelocSecScan_
0805bc77       ORLSymbolSecScan_
0805bca1*      ORLNoteSecScan_
0805bccb       ORLSymbolGetName_
0805bcf5       ORLSymbolGetValue_
0805bd1f       ORLSymbolGetBinding_
0805bd49       ORLSymbolGetType_
0805bd73       ORLSymbolGetRawInfo_
0805bd96*      ORLSymbolGetSecHandle_
0805bdc0*      ORLSymbolGetAssociated_
0805bde3*      ORLGroupsScan_
0805be07*      ORLGroupName_
0805be13*      ORLGroupSize_
0805be1f*      ORLGroupMember_
Module: \watcom\lib386\linux\clib3r.lib(bprintf.c)
0805be64       _vbprintf_
0805be94*      _bprintf_
0805bec4+      _vsnprintf_
0805bf24       _snprintf_
Module: \watcom\lib386\linux\clib3r.lib(fprintf.c)
0805bf54       fprintf_
Module: \watcom\lib386\linux\clib3r.lib(fputc.c)
0805bf84       fputc_
Module: \watcom\lib386\linux\clib3r.lib(localtim.c)
0805c014+      _localtime_
0805c084       localtime_
Module: \watcom\lib386\linux\clib3r.lib(strftime.c)
0805c2f7       strftime_
Module: \watcom\lib386\linux\clib3r.lib(fopen.c)
0805c834+      __open_flags_
0805c9d4+      _fsopen_
0805ca24       fopen_
0805caa4*      freopen_
Module: \watcom\lib386\linux\clib3r.lib(fclose.c)
0805cb04       __doclose_
0805cb74       __shutdown_stream_
0805cb94       fclose_
Module: \watcom\lib386\linux\clib3r.lib(memcmp.c)
0805cbc4       memcmp_
Module: \watcom\lib386\linux\clib3r.lib(access.c)
0805cbe4       access_
Module: \watcom\lib386\linux\clib3r.lib(remove.c)
0805cc14       remove_
Module: \watcom\lib386\linux\clib3r.lib(rename.c)
0805cc24       rename_
Module: \watcom\lib386\linux\clib3r.lib(strtol.c)
0805ce74       strtoul_
0805ce84*      strtol_
Module: \watcom\lib386\linux\clib3r.lib(strncpy.c)
0805ce94       strncpy_
Module: \watcom\lib386\linux\clib3r.lib(ltoa.c)
0805ced4       ultoa_
0805cf24*      ltoa_
Module: \watcom\lib386\linux\clib3r.lib(stricmp.c)
0805cf54       stricmp_
Module: \watcom\lib386\linux\clib3r.lib(stat.c)
0805cf94       stat_
Module: \watcom\lib386\linux\clib3r.lib(fullpath.c)
0805cfc4+      _sys_fullpath_
0805d164       _fullpath_
Module: \watcom\lib386\linux\clib3r.lib(makepath.c)
0805d1d4       _makepath_
Module: \watcom\lib386\linux\clib3r.lib(sprintf.c)
0805d364       sprintf_
Module: \watcom\lib386\linux\clib3r.lib(strncmp.c)
0805d394       strncmp_
Module: \watcom\lib386\linux\clib3r.lib(unlink.c)
0805d3c4       unlink_
Module: \watcom\lib386\linux\clib3r.lib(istable.c)
0805d3f4       __IsTable
Module: \watcom\lib386\linux\clib3r.lib(tolower.c)
0805d504       tolower_
Module: \watcom\lib386\linux\clib3r.lib(fgets.c)
0805d514       fgets_
Module: \watcom\lib386\linux\clib3r.lib(strcat.c)
0805d584       strcat_
Module: \watcom\lib386\linux\clib3r.lib(nmalloc.c)
0805d5b4       _nmalloc_
0805d5b4       malloc_
0806bd10       ___nheapbeg
0806bd14       ___MiniHeapRover
0806bd18       ___LargestSizeB4MiniHeapRover
Module: \watcom\lib386\linux\clib3r.lib(nrealloc.c)
0805d6a4*      _nrealloc_
0805d6a4       realloc_
Module: \watcom\lib386\linux\clib3r.lib(nfree.c)
0805d724       _nfree_
0805d724       free_
0806c9ac+      ___MiniHeapFreeRover
Module: \watcom\lib386\linux\clib3r.lib(exit.c)
0805d815       exit_
0805d827*      _exit_
Module: \watcom\lib386\linux\clib3r.lib(nheapmin.c)
0805d834*      _nheapshrink_
0805d834*      _nheapmin_
0805d834*      _heapmin_
0805d834       _heapshrink_
Module: \watcom\lib386\linux\clib3r.lib(fputs.c)
0805d914       fputs_
Module: \watcom\lib386\linux\clib3r.lib(getenv.c)
0805d9a4       getenv_
Module: \watcom\lib386\linux\clib3r.lib(signal.c)
0805da04       signal_
Module: \watcom\lib386\linux\clib3r.lib(isattlnx.c)
0805da34       isatty_
Module: \watcom\lib386\linux\clib3r.lib(assert99.c)
0805dac4       _assert99_
0805dc64*      __assert99_
Module: \watcom\lib386\linux\clib3r.lib(cmdname.c)
0805dcc4       _cmdname_
Module: \watcom\lib386\linux\clib3r.lib(cstart)
0805dd44       _cstart_
0805dd44*      _start
Module: \watcom\lib386\linux\clib3r.lib(cmainlnx.c)
0805ddb4       __LinuxMain
0806c9b4       __argc
0806c9b8       __argv
Module: \watcom\lib386\linux\clib3r.lib(memmove.c)
0805de44       memmove_
Module: \watcom\lib386\linux\clib3r.lib(stack386.c)
0805dea4       stackavail_
Module: \watcom\lib386\linux\clib3r.lib(toupper.c)
0805deb4       toupper_
Module: \watcom\lib386\linux\clib3r.lib(memicmp.c)
0805dec4       memicmp_
Module: \watcom\lib386\linux\clib3r.lib(xmsglnx.c)
0805df04+      __exit_with_msg_
0805df54       __fatal_runtime_error_
Module: \watcom\lib386\linux\clib3r.lib(crwdata)
0806bd24*      __LpCmdLine
0806bd28       __LpPgmName
0806bd1c*      __dynend
0806bd20       __curbrk
0806bd2c       __STACKLOW
0806bd30       __STACKTOP
0806bd34       __ASTACKSIZ
0806bd38       __ASTACKPTR
0806bd3c*      __cbyte
0806bd40*      __cbyte2
0806bd44*      __child
0806bd4a*      __Envptr
0806bd4e*      __Envseg
0806bd48*      __no87
0806bd50*      ___FPE_handler
Module: \watcom\lib386\linux\clib3r.lib(ljmphdl.c)
0806bd54       ___longjmp_handler
Module: \watcom\lib386\linux\clib3r.lib(sys_open.c)
0805df94       sys_open_
Module: \watcom\lib386\linux\clib3r.lib(__lseek.c)
0805dfc4       __lseek_
Module: \watcom\lib386\linux\clib3r.lib(__stos)
0805dff4       __STOSB
0805e02b*      __STOSD
Module: \watcom\lib386\linux\clib3r.lib(alphabet.c)
0806b2e4       ___Alphabet
Module: \watcom\lib386\linux\clib3r.lib(fprtf.c)
0805e0c4       __fprtf_
Module: \watcom\lib386\linux\clib3r.lib(initfile.c)
0805e184       __InitFiles_
Module: \watcom\lib386\linux\clib3r.lib(ioexit.c)
0805e284*      fcloseall_
0805e294       __full_io_exit_
Module: \watcom\lib386\linux\clib3r.lib(flush.c)
0805e2a4       __flush_
Module: \watcom\lib386\linux\clib3r.lib(flushall.c)
0805e374       __flushall_
0805e3b4       flushall_
Module: ../orl/osi386/orl.lib(C:\Projects\JWlink\orl\elf\c\elfentr.c)
0805e3c4       ElfInit_
0805e3e0       ElfFini_
0805e403       ElfFileInit_
0805e450       ElfFileFini_
0805e455       ElfFileScan_
0805e4ad       ElfFileGetMachineType_
0805e4b1       ElfFileGetFlags_
0805e4b6       ElfFileGetType_
0805e4ba       ElfFileGetSize_
0805e4be       ElfFileGetSymbolTable_
0805e4c2       ElfSymbolGetName_
0805e4c2       ElfSecGetName_
0805e4c6       ElfSecGetBase_
0805e4ca       ElfSymbolGetValue_
0805e4ca       ElfSecGetSize_
0805e4ce       ElfSecGetType_
0805e4d2       ElfSecGetFlags_
0805e4d7       ElfSecGetAlignment_
0805e4db       ElfSecGetStringTable_
0805e4f7       ElfSecGetSymbolTable_
0805e518       ElfSecGetRelocTable_
0805e53f       ElfSecGetContents_
0805e551       ElfSecQueryReloc_
0805e5ba       ElfSecScanReloc_
0805e619       ElfCvtSecHdlToIdx_
0805e64e       ElfCvtIdxToSecHdl_
0805e67d       ElfRelocSecScan_
0805e6d9       ElfSymbolSecScan_
0805e731       ElfNoteSecScan_
0805e770       ElfSymbolGetBinding_
0805e774       ElfSymbolGetType_
0805e779       ElfSymbolGetRawInfo_
0805e77d       ElfSymbolGetSecHandle_
0805e796       ElfSymbolGetAssociated_
Module: ../orl/osi386/orl.lib(C:\Projects\JWlink\orl\coff\c\coffentr.c)
0805e7b0       CoffInit_
0805e7cc       CoffFini_
0805e7ef       CoffFileInit_
0805e851       CoffFileFini_
0805e856       CoffFileScan_
0805e8ae       CoffExportTableRVA_
0805e8b2       CoffFileGetMachineType_
0805e8b6       CoffFileGetFlags_
0805e8bb       CoffFileGetType_
0805e8bf       CoffSecGetBase_
0805e8bf       CoffFileGetSize_
0805e8c3       CoffFileGetSymbolTable_
0805e8c7       CoffSecGetStringTable_
0805e8ce       CoffSecGetSymbolTable_
0805e8d5       CoffSecGetName_
0805e8d9       CoffSecGetSize_
0805e8dd       CoffSecGetType_
0805e8e1       CoffSecGetFlags_
0805e8e6       CoffSecGetAlignment_
0805e8ea       CoffSecGetRelocTable_
0805e8f7       CoffSecGetNumLines_
0805e909       CoffSecGetLines_
0805e927       CoffSecGetOffset_
0805e938       CoffSecGetContents_
0805e94a       CoffSecQueryReloc_
0805e9a2       CoffCvtSecHdlToIdx_
0805e9d3       CoffCvtIdxToSecHdl_
0805e9db       CoffSecScanReloc_
0805ea2c       CoffRelocSecScan_
0805ea75       CoffSymbolSecScan_
0805eaca       CoffNoteSecScan_
0805eb09       CoffSymbolGetName_
0805eb1a       CoffSymbolGetValue_
0805eb21       CoffSymbolGetBinding_
0805eb25       CoffSymbolGetType_
0805eb2a       CoffSymbolGetSecHandle_
0805eb4b       CoffSymbolGetAssociated_
Module: ../orl/osi386/orl.lib(C:\Projects\JWlink\orl\omf\c\omfentr.c)
0805eb5d       OmfInit_
0805eb79       OmfFini_
0805eb9c       OmfFileInit_
0805ebf1       OmfFileFini_
0805ebf6       OmfFileScan_
0805ec52       OmfFileGetMachineType_
0805ec59       OmfFileGetFlags_
0805ec61       OmfFileGetType_
0805ec68       OmfFileGetSize_
0805ec6f       OmfSecGetName_
0805ec89       OmfSecGetBase_
0805ec8c       OmfGroupSize_
0805ec8c       OmfSecGetSize_
0805ec90       OmfSecGetType_
0805ec94       OmfSecGetFlags_
0805ec99       OmfSecGetAlignment_
0805ecb0       OmfSecGetClassName_
0805ecd0       OmfSecGetCombine_
0805ece8       OmfSecGetAbsFrame_
0805ed02       OmfSecGetAssociated_
0805ed1f       OmfSecGetGroup_
0805ed4c       OmfSecGetStringTable_
0805ed60       OmfSecGetSymbolTable_
0805ed63       OmfFileGetSymbolTable_
0805ed6a       OmfSecGetRelocTable_
0805ed77       OmfSymbolGetSecHandle_
0805ed7b       OmfSecGetContents_
0805ee21       OmfSecQueryReloc_
0805ee38       OmfSecScanReloc_
0805ee53       OmfSymbolGetValue_
0805ee53       OmfCvtSecHdlToIdx_
0805ee57       OmfCvtIdxToSecHdl_
0805ee68       OmfRelocSecScan_
0805ee83       OmfSymbolSecScan_
0805eeb8       OmfSecGetNumLines_
0805eec6       OmfSecGetLines_
0805eed4       OmfSymbolGetName_
0805eed8       OmfSymbolGetBinding_
0805eedc       OmfSymbolGetType_
0805eee1       OmfSymbolGetRawInfo_
0805eee4       OmfNoteSecScan_
0805eef1       OmfGroupsScan_
0805ef1f       OmfGroupName_
0805ef26       OmfGroupMember_
Module: ../orl/osi386/orl.lib(C:\Projects\JWlink\orl\c\orlflhnd.c)
0805ef62       ORLAddFileLinks_
0805ef70       ORLRemoveFileLinks_
Module: \watcom\lib386\linux\clib3r.lib(prtf.c)
0805efc4       __prtf_
Module: \watcom\lib386\linux\clib3r.lib(ioalloc.c)
0805fae4       __ioalloc_
Module: \watcom\lib386\linux\clib3r.lib(seterrno.c)
0805fb7a       __set_errno_
0805fb86*      __set_EDOM_
0805fb92*      __set_ERANGE_
0805fb9e*      __set_EINVAL_
Module: \watcom\lib386\linux\clib3r.lib(tzset.c)
0806bd58       ___start_dst
0806bd7c       ___end_dst
0806bea4       _tzname
0806beac       _timezone
0806beb0       _daylight
0806beb4       ___dst_adjust
0805fc04*      __DontCacheOSTZ_
0805fc14*      __CacheOSTZ_
080600f4+      __parse_tz_
08060324       tzset_
Module: \watcom\lib386\linux\clib3r.lib(tzfile.c)
080603b4       __check_tzfile_
08060514       __read_tzfile_
Module: \watcom\lib386\linux\clib3r.lib(gmtime.c)
080606a4       __brktime_
080607a4+      _gmtime_
080607c4*      gmtime_
Module: \watcom\lib386\linux\clib3r.lib(timeutil.c)
08060914       __isindst_
Module: \watcom\lib386\linux\clib3r.lib(leapyear.c)
08060c44       __leapyear_
0806b30c       ___diyr
0806b326       ___dilyr
Module: \watcom\lib386\linux\clib3r.lib(comtflag.c)
08060c84*      __set_commode_
0806bec0       __commode
Module: \watcom\lib386\linux\clib3r.lib(fseek.c)
08060ce4       fseek_
Module: \watcom\lib386\linux\clib3r.lib(chktty.c)
08060de4       __chktty_
Module: \watcom\lib386\linux\clib3r.lib(freefp.c)
08060e14       __freefp_
08060e54       __purgefp_
Module: \watcom\lib386\linux\clib3r.lib(allocfp.c)
08060e84       __allocfp_
Module: \watcom\lib386\linux\clib3r.lib(gtcwdlnx.c)
08060f44       getcwd_
Module: \watcom\lib386\linux\clib3r.lib(vsprintf.c)
08060fe4       vsprintf_
Module: \watcom\lib386\linux\clib3r.lib(fgetc.c)
08061004+      __fill_buffer_
080610b4       fgetc_
Module: \watcom\lib386\linux\clib3r.lib(nmemneed.c)
08061124       __nmemneed_
Module: \watcom\lib386\linux\clib3r.lib(mem.c)
08061134       __MemAllocator
080611e4       __MemFree
Module: \watcom\lib386\linux\clib3r.lib(grownear.c)
080613a4+      __LastFree_
08061424       __ExpandDGROUP_
Module: \watcom\lib386\linux\clib3r.lib(nmsize.c)
08061524       _nmsize_
08061524*      _msize_
Module: \watcom\lib386\linux\clib3r.lib(nexpand.c)
08061534       _nexpand_
08061534*      _expand_
08061584+      __HeapManager_expand_
Module: \watcom\lib386\linux\clib3r.lib(initrtns.c)
08061764       __InitRtns
080617b4       __FiniRtns
Module: \watcom\lib386\linux\clib3r.lib(mainlnx.c)
0806bec4+      ___FirstThreadData
0806bec8+      ___GetThreadPtr
0806becc*      __AccessFileH
0806bed0*      __ReleaseFileH
0806bed4*      __AccessIOB
0806bed8*      __ReleaseIOB
0806bedc*      __AccessNHeap
0806bee0*      __AccessFHeap
0806bee4*      __ReleaseNHeap
0806bee8*      __ReleaseFHeap
08061814*      __threadid_
08061844*      __LinuxInit_
08061854       __exit_
0806beec*      __AccessTDList
0806bef0*      __ReleaseTDList
Module: \watcom\lib386\linux\clib3r.lib(sbrklnx.c)
08061874       sbrk_
08061884       __brk_
080618b4*      brk_
Module: \watcom\lib386\linux\clib3r.lib(environ.c)
0806c9e0       ___env_mask
0806c9e4       _environ
0806c9e8*      __wenviron
Module: \watcom\lib386\linux\clib3r.lib(tcgattr.c)
080618e4       tcgetattr_
Module: \watcom\lib386\linux\clib3r.lib(enterdb.c)
080618f4       __EnterWVIDEO_
0806bef4       ___WD_Present
Module: \watcom\lib386\linux\clib3r.lib(rterrmsg.c)
08061934       __rterr_msg_
Module: \watcom\lib386\linux\clib3r.lib(abort.c)
08061973       abort_
08061985+      __terminate_
0806bef8+      ___abort
Module: \watcom\lib386\linux\clib3r.lib(readlink.c)
080619a4       readlink_
Module: \watcom\lib386\linux\clib3r.lib(segdefns)
08048077       ___begtext
0806b2e0*      __nullarea
0806bf78       __Start_XI
0806bf84       __End_XI
0806bf84       __Start_YI
0806bf8a       __End_YI
Module: \watcom\lib386\linux\clib3r.lib(amblksiz.c)
0806befc       __amblksiz
Module: \watcom\lib386\linux\clib3r.lib(sys_exit.c)
080619d4       sys_exit_
Module: \watcom\lib386\linux\clib3r.lib(qwritunx.c)
080619e4       __qwrite_
Module: \watcom\lib386\linux\clib3r.lib(fsync.c)
08061a34       fsync_
Module: ../orl/osi386/orl.lib(C:\Projects\JWlink\orl\elf\c\elfflhn.c)
08061aee       ElfAddFileLinks_
08061afc       ElfRemoveFileLinks_
Module: ../orl/osi386/orl.lib(C:\Projects\JWlink\orl\elf\c\elfload.c)
080630cc       ElfLoadFileStructure_
Module: ../orl/osi386/orl.lib(C:\Projects\JWlink\orl\c\orlhash.c)
08063341*      ORLNumberCmp_
08063377       ORLHashTableInsert_
08063423       ORLHashTableQuery_
08063472       ORLHashTableCreate_
080634d6       ORLHashTableFree_
Module: ../orl/osi386/orl.lib(C:\Projects\JWlink\orl\elf\c\elflwlv.c)
08063de8       ElfCreateSymbolHandles_
08063f7e       ElfBuildSecNameHashTable_
080641aa+      ElfConvertRelocType_
0806428b       ElfCreateRelocs_
08064592       ElfParseDrectve_
Module: ../orl/osi386/orl.lib(C:\Projects\JWlink\orl\coff\c\coffflhn.c)
0806473d       CoffAddFileLinks_
0806474b       CoffRemoveFileLinks_
Module: ../orl/osi386/orl.lib(C:\Projects\JWlink\orl\coff\c\coffload.c)
08064ed3       CoffLoadFileStructure_
Module: ../orl/osi386/orl.lib(C:\Projects\JWlink\orl\coff\c\cofflwlv.c)
080653f1       CoffCreateSymbolHandles_
0806578f       CoffBuildSecNameHashTable_
08065855+      CoffConvertRelocType_
08065a1f       CoffCreateRelocs_
08065b0a       CoffConvertLines_
08065cd8       CoffParseDrectve_
Module: ../orl/osi386/orl.lib(C:\Projects\JWlink\orl\omf\c\omfflhn.c)
08065fc9       OmfAddFileLinks_
08065fd7       OmfRemoveFileLinks_
Module: ../orl/osi386/orl.lib(C:\Projects\JWlink\orl\omf\c\omfload.c)
0806603b       OmfGetWordSize_
0806613c+      loadIndex_
08067177       OmfLoadFileStructure_
080671f3       OmfParseScanTab_
Module: ../orl/osi386/orl.lib(C:\Projects\JWlink\orl\omf\c\omfmunge.c)
08067c74       OmfModEnd_
08067fff       OmfAddLIData_
08068122       OmfAddLEData_
080681a5       OmfAddLName_
08068210       OmfAddFixupp_
08068501       OmfAddExtDef_
080685f0       OmfAddComDat_
08068888       OmfAddLineNum_
080688d5       OmfAddSegDef_
080689fb       OmfAddPubDef_
08068ab5       OmfAddGrpDef_
08068b66       OmfAddComment_
08068c32       OmfGetLName_
08068c81       OmfGetPtrToLName_
08068ca5       OmfFindSegOrComdat_
08068cfb       OmfExportSegmentContents_
08068d0e       OmfTheadr_
Module: ../orl/osi386/orl.lib(C:\Projects\JWlink\orl\omf\c\omfdrctv.c)
08068d71       OmfParseComments_
Module: \watcom\lib386\linux\clib3r.lib(strupr.c)
08068e24       strupr_
Module: \watcom\lib386\linux\clib3r.lib(noefgfmt.c)
0806bf18       ___EFG_printf
0806bf1c*      ___EFG_scanf
Module: \watcom\lib386\linux\clib3r.lib(lltoa.c)
08068e94       ulltoa_
08068f04*      lltoa_
Module: \watcom\lib386\linux\clib3r.lib(mktime.c)
08068f34       mktime_
Module: \watcom\lib386\linux\clib3r.lib(qreadunx.c)
08068fb4       __qread_
Module: \watcom\lib386\linux\clib3r.lib(heapen.c)
08069004*      _heapenable_
0806bf20       ___heap_enabled
Module: \watcom\lib386\linux\clib3r.lib(mthrdini.c)
08069014       __InitThreadData_
0806bf24*      ___ThreadDataSize
Module: \watcom\lib386\linux\clib3r.lib(sys_brk.c)
08069024       sys_brk_
Module: \watcom\lib386\linux\clib3r.lib(setenvp.c)
08069044       __setenvp_
Module: \watcom\lib386\linux\clib3r.lib(ioctl.c)
080690b4       ioctl_
Module: \watcom\lib386\linux\clib3r.lib(dosseg)
00001234       __DOSseg__
Module: \watcom\lib386\linux\clib3r.lib(i8s)
080690f0       __U8RS
0806910a*      __I8RS
08069125*      __I8LS
08069125       __U8LS
Module: \watcom\lib386\linux\clib3r.lib(i8d)
08069140*      __I8D
08069195       __U8D
Module: ../orl/osi386/orl.lib(C:\Projects\JWlink\orl\coff\c\coffimpl.c)
08069768+      getImportName_
0806a024       convert_import_library_
0806bf66       _ImportLibData
Module: \watcom\lib386\linux\clib3r.lib(atoi.c)
0806a0a4       atoi_
Module: \watcom\lib386\linux\clib3r.lib(strstr.c)
0806a0f4       strstr_
Module: \watcom\lib386\linux\clib3r.lib(locmktim.c)
0806a1a4       __local_mktime_


                        +---------------------------+
                        |   Unresolved References   |
                        +---------------------------+

Undefined Symbol                Referenced by
================                =============

_Debug_                         OWLinuxD/wlib.obj(C:\Projects\JWlink\jwlib\c\wlib.c)
_Debug_                         OWLinuxD/symtable.obj(C:\Projects\JWlink\jwlib\c\symtable.c)
_Debug_                         OWLinuxD/writelib.obj(C:\Projects\JWlink\jwlib\c\writelib.c)
_Debug_                         OWLinuxD/proclib.obj(C:\Projects\JWlink\jwlib\c\proclib.c)
_Debug_                         OWLinuxD/cmdline.obj(C:\Projects\JWlink\jwlib\c\cmdline.c)
_Debug_                         OWLinuxD/implib.obj(C:\Projects\JWlink\jwlib\c\implib.c)
_Debug_                         OWLinuxD/ideentry.obj(C:\Projects\JWlink\jwlib\c\ideentry.c)
_Debug_                         OWLinuxD/idedrv.obj(C:\Projects\JWlink\jwlib\c\idedrv.c)
_Debug_                         OWLinuxD/coffwrt.obj(C:\Projects\JWlink\jwlib\c\coffwrt.c)


                        +--------------------+
                        |   Libraries Used   |
                        +--------------------+

../orl/osi386/orl.lib
\watcom\lib386\linux\clib3r.lib
