JWlink Version 1.9beta 8
Portions Copyright (c) 1985-2002 Sybase, Inc. All Rights Reserved.
Created on:       12/11/30 14:03:06
Executable Image: OWLinuxR\jwlib.
creating an ELF executable


                        +------------+
                        |   Groups   |
                        +------------+

Group                           Address              Size
=====                           =======              ====

DGROUP                          080657a0             000016dc



                        +--------------+
                        |   Segments   |
                        +--------------+

Segment                Class          Group          Address         Size
=======                =====          =====          =======         ====

BEGTEXT                CODE           AUTO           08048074        00000007
_TEXT                  CODE           AUTO           08048084        0001c716
_NULL                  BEGDATA        DGROUP         080657a0        00000004
_AFTERNULL             BEGDATA        DGROUP         080657a4        00000000
CONST                  DATA           DGROUP         080657a4        0000005c
CONST2                 DATA           DGROUP         08065800        00000000
_DATA                  DATA           DGROUP         08065800        00000c0d
XIB                    DATA           DGROUP         0806640e        00000000
XI                     DATA           DGROUP         0806640e        0000000c
XIE                    DATA           DGROUP         0806641a        00000000
YIB                    DATA           DGROUP         0806641a        00000000
YI                     DATA           DGROUP         0806641a        00000006
YIE                    DATA           DGROUP         08066420        00000000
TIB                    DATA           DGROUP         08066420        00000000
TI                     DATA           DGROUP         08066420        00000000
TIE                    DATA           DGROUP         08066420        00000000
DATA                   DATA           DGROUP         08066420        00000000
_BSS                   BSS            DGROUP         08066420        00000a5c


                        +----------------+
                        |   Memory Map   |
                        +----------------+

* = unreferenced symbol
+ = symbol only referenced locally

Address        Symbol
=======        ======

Module: OWLinuxR/wlib.obj(C:\Projects\JWlink\JWlib\c\wlib.c)
08048084       InitSubSystems_
080480b9       WlibMainLine_
08048118       FiniSubSystems_
08066420       _Env
Module: OWLinuxR/libio.obj(C:\Projects\JWlink\JWlib\c\libio.c)
0804813b       InitLibIo_
08048143       ResetLibIo_
08048178       LibOpen_
0804825b       LibReadError_
0804827a*      LibWriteError_
08048291       BadLibrary_
080482eb       LibRead_
0804846f       LibWrite_
08048539       LibClose_
080485b1       LibSeek_
0804862f       LibTell_
Module: OWLinuxR/symtable.obj(C:\Projects\JWlink\JWlib\c\symtable.c)
080486e3       InitFileTab_
080487ba       CleanFileTab_
0804880b       ResetFileTab_
08048858       FiniFileTab_
08048b90       WriteFile_
080493b2       WriteFileTable_
0804947a       AddSym_
08049591       RemoveObjectSymbols_
08049618       AddObjectSymbols_
0804971c       OmfMKImport_
08049832       CoffMKImport_
08049951       ElfMKImport_
08049da8       ListContents_
Module: OWLinuxR/omfproc.obj(C:\Projects\JWlink\JWlib\c\omfproc.c)
0804a06f       InitOmfRec_
0804a089       FiniOmfRec_
0804a87d       OmfCopy_
0804a88a       OmfSkipObject_
0804a898       OmfExtract_
0804a8cf       OmfImportSize_
0804a92b       OmfWriteImport_
0804aad4       OMFWalkSymList_
Module: OWLinuxR/writelib.obj(C:\Projects\JWlink\JWlib\c\writelib.c)
0804ab36       WriteNew_
0804ab4c       WriteNewLib_
0804acce       WriteBigEndian32_
0804ad12       WriteLittleEndian32_
0804ad2c       WriteLittleEndian16_
080667a8       _ExportListFile
080667ac       _NewLibrary
Module: OWLinuxR/convert.obj(C:\Projects\JWlink\JWlib\c\convert.c)
0804ad7b       GetARName_
0804ae2a       GetFFName_
0804aee7       GetARHeaderValues_
0804afe7       CreateARHeader_
Module: OWLinuxR/wlibutil.obj(C:\Projects\JWlink\JWlib\c\wlibutil.c)
0804b0b8       SymbolNameCmp_
0804b0ca       GetFileContents_
0804b10f       NewArchHeader_
0804b19a       Copy_
0804b1e8       SameFile_
0804b22b       SameName_
0804b270       MakeFName_
0804b28f       IsExt_
0804b2ad       DefaultExtension_
0804b2f8       MakeObjOutputName_
0804b370       MakeListName_
0804b3ac       MakeBakName_
0804b3e8       MakeTmpName_
0804b4a3       TrimPath_
0804b4d8       FormSym_
0804b524       LibFormat_
Module: OWLinuxR/libwalk.obj(C:\Projects\JWlink\JWlib\c\libwalk.c)
0804b596       LibWalk_
0804b6db       OMFLibWalk_
Module: OWLinuxR/symlist.obj(C:\Projects\JWlink\JWlib\c\symlist.c)
0804b8d0       ObjWalkSymList_
Module: OWLinuxR/proclib.obj(C:\Projects\JWlink\JWlib\c\proclib.c)
0804be4a       ProcessCommands_
Module: OWLinuxR/cmdline.obj(C:\Projects\JWlink\JWlib\c\cmdline.c)
0804cbf9       ProcessCmdLine_
0804cdd1       ResetCmdLine_
0804cdfe       InitCmdLine_
08066ac4       _Options
08066ae8       _CmdList
Module: OWLinuxR/error.obj(C:\Projects\JWlink\JWlib\c\error.c)
0804de47       InitMsg_
0804de48       MsgGet_
0804de6f       FiniMsg_
Module: OWLinuxR/implib.obj(C:\Projects\JWlink\JWlib\c\implib.c)
0804ebe4       ProcessImport_
0804f2bb       ElfImportSize_
0804f311       CoffImportSize_
0804f3d9       ElfWriteImport_
0804f6b6       AddImport_
Module: OWLinuxR/elfobjs.obj(C:\Projects\JWlink\JWlib\c\elfobjs.c)
08065980       _ElfBase
08065aa2       _ElfOSInfo
Module: OWLinuxR/orlrtns.obj(C:\Projects\JWlink\JWlib\c\orlrtns.c)
0804f83f       FiniObj_
0804f849       InitObj_
0804f93a       OpenObjFile_
0804f955       OpenLibFile_
0804f96c       CloseLibFile_
0804f99c       CloseObjFile_
Module: OWLinuxR/memfuncs.obj(C:\Projects\JWlink\JWlib\c\memfuncs.c)
0804f9ae       InitMem_
0804f9b6       MemAlloc_
0804f9fa       MemRealloc_
0804fa73       MemFree_
0804fab3       MemAllocGlobal_
0804fada*      MemReallocGlobal_
0804fb03       MemFreeGlobal_
0804fb0c       ResetMem_
0804fb17       FiniMem_
0804fb27       DupStr_
0804fb66       DupStrGlobal_
Module: OWLinuxR/ideentry.obj(C:\Projects\JWlink\JWlib\c\ideentry.c)
0804fc81*      IDEGetVersion_
0804fc87       IDEInitDLL_
0804fc9d       IDEPassInitInfo_
0804fca6       IDERunYourSelf_
0804fcca       IDERunYourSelfArgv_
0804fcd6       IDEStopRunning_
0804fd06*      IDEFreeHeap_
0804fd0b       IDEFiniDLL_
0804fd10       WlibGetEnv_
0804fd4d*      FatalResError_
0804fd8b       FatalError_
0804fe1c       Warning_
0804feae       Message_
0804ff30       Usage_
0804ffc5       Banner_
Module: OWLinuxR/idedrv.obj(C:\Projects\JWlink\JWlib\c\idedrv.c)
080501b9*      IdeDrvExecDLL_
0805023e       IdeDrvExecDLLArgv_
080502c3       IdeDrvUnloadDLL_
080502e4*      IdeDrvStopRunning_
Module: OWLinuxR/idemsgfm.obj(C:\Projects\JWlink\JWlib\c\idemsgfm.c)
080504a0       IdeMsgFormat_
08050610*      IdeMsgStartDll_
Module: OWLinuxR/idemsgpr.obj(C:\Projects\JWlink\JWlib\c\idemsgpr.c)
08050618       IdeMsgInit_
0805065a*      IdeMsgSetReadable_
0805065f*      IdeMsgSetMsgNo_
08050667*      IdeMsgSetMsgGroup_
080506a8*      IdeMsgSetLnkFile_
080506b0*      IdeMsgSetLnkSymbol_
080506b8*      IdeMsgSetSrcFile_
080506c0*      IdeMsgSetSrcLine_
080506c8*      IdeMsgSetSrcColumn_
080506d0*      IdeMsgSetHelp_
Module: OWLinuxR/maindrv.obj(C:\Projects\JWlink\JWlib\c\maindrv.c)
080506e5       main_
08066ba8       _ImageName
Module: OWLinuxR/demangle.obj(C:\Projects\JWlink\lib_misc\c\demangle.c)
08052705*      __demangle_t_
08052756       __demangle_l_
080527ae*      __demangle_r_
08052831*      __scope_name_
080528b9+      __is_mangled_
0805297d*      __is_mangled_internal_
080529a9*      __unmangled_name_
08052a19*      __demangled_basename_
Module: OWLinuxR/omfutil.obj(C:\Projects\JWlink\JWlib\c\omfutil.c)
08052a6a       InitOmfUtil_
08052a7c       FiniOmfUtil_
08052ac7       PadOmf_
08052e1c       WriteOmfDict_
08052eee       WriteOmfFile_
Module: OWLinuxR/coffwrt.obj(C:\Projects\JWlink\JWlib\c\coffwrt.c)
080533e2       CoffWriteImport_
Module: OWLinuxR/inlib.obj(C:\Projects\JWlink\JWlib\c\inlib.c)
080541a7       AddInputLib_
080541f5       CloseOneInputLib_
08054219       InitInputLibs_
08054221       ResetInputLibs_
08054251       FindInLib_
08054266       InLibHandle_
Module: \watcom\lib386\linux\clib3r.lib(setjmp)
08054288       _setjmp_
080542b7       longjmp_
Module: \watcom\lib386\linux\clib3r.lib(close.c)
08054324       close_
Module: \watcom\lib386\linux\clib3r.lib(openlnx.c)
08054354       open_
08054374       sopen_
Module: \watcom\lib386\linux\clib3r.lib(errno.c)
08054394       __get_errno_ptr_
08066d10+      _errno
Module: \watcom\lib386\linux\clib3r.lib(strerror.c)
08054ed4       strerror_
08054ef4*      _strerror_
08065d64+      __sys_errlist
08065f5c+      __sys_nerr
Module: \watcom\lib386\linux\clib3r.lib(write.c)
08054fc4       write_
Module: \watcom\lib386\linux\clib3r.lib(read.c)
08054ff4       read_
Module: \watcom\lib386\linux\clib3r.lib(lseek.c)
08055024       lseek_
Module: \watcom\lib386\linux\clib3r.lib(filelen.c)
08055034       filelength_
Module: \watcom\lib386\linux\clib3r.lib(tell.c)
08055084       tell_
Module: \watcom\lib386\linux\clib3r.lib(memset.c)
080550a4       memset_
Module: \watcom\lib386\linux\clib3r.lib(_strcmp)
080550c4       strcmp_
Module: \watcom\lib386\linux\clib3r.lib(splitpat.c)
08055234       _splitpath_
Module: \watcom\lib386\linux\clib3r.lib(qsort.c)
08055354       qsort_
Module: \watcom\lib386\linux\clib3r.lib(time.c)
08055a04       time_
Module: \watcom\lib386\linux\clib3r.lib(itoa.c)
08055a34+      utoa_
08055a84       itoa_
Module: ../orl/osi386/orl.lib(C:\Projects\JWlink\orl\c\orlentry.c)
08055aa8       ORLInit_
08055b03*      ORLGetError_
08055b07       ORLFini_
08055b51       ORLFileIdentify_
08055e0c       ORLFileInit_
08055ea7       ORLFileFini_
08055ee7       ORLExportTableRVA_
08055f02       ORLFileScan_
08055f36       ORLFileGetMachineType_
08055f6a       ORLFileGetFlags_
08055f9e*      ORLFileGetSize_
08055fd2*      ORLFileGetType_
08056006       ORLFileGetFormat_
0805600a       ORLFileGetSymbolTable_
0805603e*      ORLSecGetName_
08056068       ORLSecGetBase_
08056092       ORLSecGetSize_
080560bc*      ORLSecGetType_
080560e6*      ORLSecGetAlignment_
08056110*      ORLSecGetFlags_
0805613a       ORLSecGetStringTable_
08056164       ORLSecGetSymbolTable_
0805618e*      ORLSecGetRelocTable_
080561b8*      ORLSecGetLines_
080561d9*      ORLSecGetNumLines_
080561fa*      ORLSecGetOffset_
08056206*      ORLSecGetClassName_
08056212*      ORLSecGetCombine_
0805621e*      ORLSecGetAbsFrame_
0805622d*      ORLSecGetAssociated_
08056239*      ORLSecGetGroup_
08056245       ORLSecGetContents_
0805626f*      ORLSecQueryReloc_
08056299*      ORLSecScanReloc_
080562c3*      ORLCvtSecHdlToIdx_
080562ed*      ORLCvtIdxToSecHdl_
08056321*      ORLRelocSecScan_
0805634b       ORLSymbolSecScan_
08056375*      ORLNoteSecScan_
0805639f       ORLSymbolGetName_
080563c9       ORLSymbolGetValue_
080563f3       ORLSymbolGetBinding_
0805641d       ORLSymbolGetType_
08056447       ORLSymbolGetRawInfo_
0805646a*      ORLSymbolGetSecHandle_
08056494*      ORLSymbolGetAssociated_
080564b7*      ORLGroupsScan_
080564db*      ORLGroupName_
080564e7*      ORLGroupSize_
080564f3*      ORLGroupMember_
Module: \watcom\lib386\linux\clib3r.lib(bprintf.c)
08056534       _vbprintf_
08056564*      _bprintf_
08056594+      _vsnprintf_
080565f4*      _snprintf_
Module: \watcom\lib386\linux\clib3r.lib(fprintf.c)
08056624       fprintf_
Module: \watcom\lib386\linux\clib3r.lib(fputc.c)
08056654       fputc_
Module: \watcom\lib386\linux\clib3r.lib(localtim.c)
080566e4+      _localtime_
08056754       localtime_
Module: \watcom\lib386\linux\clib3r.lib(strftime.c)
080569c7       strftime_
Module: \watcom\lib386\linux\clib3r.lib(fopen.c)
08056f04+      __open_flags_
080570a4+      _fsopen_
080570f4       fopen_
08057174*      freopen_
Module: \watcom\lib386\linux\clib3r.lib(fclose.c)
080571d4       __doclose_
08057244       __shutdown_stream_
08057264       fclose_
Module: \watcom\lib386\linux\clib3r.lib(access.c)
08057294       access_
Module: \watcom\lib386\linux\clib3r.lib(remove.c)
080572c4       remove_
Module: \watcom\lib386\linux\clib3r.lib(rename.c)
080572d4       rename_
Module: \watcom\lib386\linux\clib3r.lib(strtol.c)
08057524       strtoul_
08057534*      strtol_
Module: \watcom\lib386\linux\clib3r.lib(strncpy.c)
08057544       strncpy_
Module: \watcom\lib386\linux\clib3r.lib(ltoa.c)
08057584       ultoa_
080575d4*      ltoa_
Module: \watcom\lib386\linux\clib3r.lib(stricmp.c)
08057604       stricmp_
Module: \watcom\lib386\linux\clib3r.lib(stat.c)
08057644       stat_
Module: \watcom\lib386\linux\clib3r.lib(fullpath.c)
08057674+      _sys_fullpath_
08057814       _fullpath_
Module: \watcom\lib386\linux\clib3r.lib(makepath.c)
08057884       _makepath_
Module: \watcom\lib386\linux\clib3r.lib(sprintf.c)
08057a14       sprintf_
Module: \watcom\lib386\linux\clib3r.lib(strncmp.c)
08057a44       strncmp_
Module: \watcom\lib386\linux\clib3r.lib(unlink.c)
08057a74       unlink_
Module: \watcom\lib386\linux\clib3r.lib(istable.c)
08057aa4       __IsTable
Module: \watcom\lib386\linux\clib3r.lib(tolower.c)
08057bb4       tolower_
Module: \watcom\lib386\linux\clib3r.lib(fgets.c)
08057bc4       fgets_
Module: \watcom\lib386\linux\clib3r.lib(printf.c)
08057c34       printf_
Module: \watcom\lib386\linux\clib3r.lib(nmalloc.c)
08057c64       _nmalloc_
08057c64       malloc_
08065fec       ___nheapbeg
08065ff0       ___MiniHeapRover
08065ff4       ___LargestSizeB4MiniHeapRover
Module: \watcom\lib386\linux\clib3r.lib(nrealloc.c)
08057d54*      _nrealloc_
08057d54       realloc_
Module: \watcom\lib386\linux\clib3r.lib(nfree.c)
08057dd4       _nfree_
08057dd4       free_
08066e38+      ___MiniHeapFreeRover
Module: \watcom\lib386\linux\clib3r.lib(exit.c)
08057ec5       exit_
08057ed7*      _exit_
Module: \watcom\lib386\linux\clib3r.lib(nheapmin.c)
08057ee4*      _nheapshrink_
08057ee4*      _nheapmin_
08057ee4*      _heapmin_
08057ee4       _heapshrink_
Module: \watcom\lib386\linux\clib3r.lib(iob.c)
08065ff8       ___iob
08066e3c       ___OpenStreams
08066e40       ___ClosedStreams
Module: \watcom\lib386\linux\clib3r.lib(fputs.c)
08057fc4       fputs_
Module: \watcom\lib386\linux\clib3r.lib(fflush.c)
08058054       fflush_
Module: \watcom\lib386\linux\clib3r.lib(getenv.c)
08058064       getenv_
Module: \watcom\lib386\linux\clib3r.lib(isattlnx.c)
080580c4       isatty_
Module: \watcom\lib386\linux\clib3r.lib(signal.c)
08058104       signal_
Module: \watcom\lib386\linux\clib3r.lib(cmdname.c)
08058164       _cmdname_
Module: \watcom\lib386\linux\clib3r.lib(cstart)
080581e4       _cstart_
080581e4*      _start
Module: \watcom\lib386\linux\clib3r.lib(cmainlnx.c)
08058254       __LinuxMain
08066e44       __argc
08066e48       __argv
Module: \watcom\lib386\linux\clib3r.lib(memmove.c)
080582e4       memmove_
Module: \watcom\lib386\linux\clib3r.lib(toupper.c)
08058344       toupper_
Module: \watcom\lib386\linux\clib3r.lib(memicmp.c)
08058354       memicmp_
Module: \watcom\lib386\linux\clib3r.lib(stack386.c)
08058394       stackavail_
Module: \watcom\lib386\linux\clib3r.lib(ljmphdl.c)
080661b8       ___longjmp_handler
Module: \watcom\lib386\linux\clib3r.lib(sys_open.c)
080583b4       sys_open_
Module: \watcom\lib386\linux\clib3r.lib(__lseek.c)
080583e4       __lseek_
Module: \watcom\lib386\linux\clib3r.lib(__stos)
08058414       __STOSB
0805844b*      __STOSD
Module: \watcom\lib386\linux\clib3r.lib(alphabet.c)
080657a4       ___Alphabet
Module: ../orl/osi386/orl.lib(C:\Projects\JWlink\orl\elf\c\elfentr.c)
080584cd       ElfInit_
080584e9       ElfFini_
0805850c       ElfFileInit_
08058559       ElfFileFini_
0805855e       ElfFileScan_
080585b6       ElfFileGetMachineType_
080585ba       ElfFileGetFlags_
080585bf       ElfFileGetType_
080585c3       ElfFileGetSize_
080585c7       ElfFileGetSymbolTable_
080585cb       ElfSymbolGetName_
080585cb       ElfSecGetName_
080585cf       ElfSecGetBase_
080585d3       ElfSymbolGetValue_
080585d3       ElfSecGetSize_
080585d7       ElfSecGetType_
080585db       ElfSecGetFlags_
080585e0       ElfSecGetAlignment_
080585e4       ElfSecGetStringTable_
08058600       ElfSecGetSymbolTable_
08058621       ElfSecGetRelocTable_
08058648       ElfSecGetContents_
0805865a       ElfSecQueryReloc_
080586c3       ElfSecScanReloc_
08058722       ElfCvtSecHdlToIdx_
08058757       ElfCvtIdxToSecHdl_
08058786       ElfRelocSecScan_
080587e2       ElfSymbolSecScan_
0805883a       ElfNoteSecScan_
08058879       ElfSymbolGetBinding_
0805887d       ElfSymbolGetType_
08058882       ElfSymbolGetRawInfo_
08058886       ElfSymbolGetSecHandle_
0805889f       ElfSymbolGetAssociated_
Module: ../orl/osi386/orl.lib(C:\Projects\JWlink\orl\coff\c\coffentr.c)
080588b9       CoffInit_
080588d5       CoffFini_
080588f8       CoffFileInit_
0805895a       CoffFileFini_
0805895f       CoffFileScan_
080589b7       CoffExportTableRVA_
080589bb       CoffFileGetMachineType_
080589bf       CoffFileGetFlags_
080589c4       CoffFileGetType_
080589c8       CoffSecGetBase_
080589c8       CoffFileGetSize_
080589cc       CoffFileGetSymbolTable_
080589d0       CoffSecGetStringTable_
080589d7       CoffSecGetSymbolTable_
080589de       CoffSecGetName_
080589e2       CoffSecGetSize_
080589e6       CoffSecGetType_
080589ea       CoffSecGetFlags_
080589ef       CoffSecGetAlignment_
080589f3       CoffSecGetRelocTable_
08058a00       CoffSecGetNumLines_
08058a12       CoffSecGetLines_
08058a30       CoffSecGetOffset_
08058a41       CoffSecGetContents_
08058a53       CoffSecQueryReloc_
08058aab       CoffCvtSecHdlToIdx_
08058adc       CoffCvtIdxToSecHdl_
08058ae4       CoffSecScanReloc_
08058b35       CoffRelocSecScan_
08058b7e       CoffSymbolSecScan_
08058bd3       CoffNoteSecScan_
08058c12       CoffSymbolGetName_
08058c23       CoffSymbolGetValue_
08058c2a       CoffSymbolGetBinding_
08058c2e       CoffSymbolGetType_
08058c33       CoffSymbolGetSecHandle_
08058c54       CoffSymbolGetAssociated_
Module: ../orl/osi386/orl.lib(C:\Projects\JWlink\orl\omf\c\omfentr.c)
08058c66       OmfInit_
08058c82       OmfFini_
08058ca5       OmfFileInit_
08058cfa       OmfFileFini_
08058cff       OmfFileScan_
08058d5b       OmfFileGetMachineType_
08058d62       OmfFileGetFlags_
08058d6a       OmfFileGetType_
08058d71       OmfFileGetSize_
08058d78       OmfSecGetName_
08058d92       OmfSecGetBase_
08058d95       OmfGroupSize_
08058d95       OmfSecGetSize_
08058d99       OmfSecGetType_
08058d9d       OmfSecGetFlags_
08058da2       OmfSecGetAlignment_
08058db9       OmfSecGetClassName_
08058dd9       OmfSecGetCombine_
08058df1       OmfSecGetAbsFrame_
08058e0b       OmfSecGetAssociated_
08058e28       OmfSecGetGroup_
08058e55       OmfSecGetStringTable_
08058e69       OmfSecGetSymbolTable_
08058e6c       OmfFileGetSymbolTable_
08058e73       OmfSecGetRelocTable_
08058e80       OmfSymbolGetSecHandle_
08058e84       OmfSecGetContents_
08058f2a       OmfSecQueryReloc_
08058f41       OmfSecScanReloc_
08058f5c       OmfSymbolGetValue_
08058f5c       OmfCvtSecHdlToIdx_
08058f60       OmfCvtIdxToSecHdl_
08058f71       OmfRelocSecScan_
08058f8c       OmfSymbolSecScan_
08058fc1       OmfSecGetNumLines_
08058fcf       OmfSecGetLines_
08058fdd       OmfSymbolGetName_
08058fe1       OmfSymbolGetBinding_
08058fe5       OmfSymbolGetType_
08058fea       OmfSymbolGetRawInfo_
08058fed       OmfNoteSecScan_
08058ffa       OmfGroupsScan_
08059028       OmfGroupName_
0805902f       OmfGroupMember_
Module: ../orl/osi386/orl.lib(C:\Projects\JWlink\orl\c\orlflhnd.c)
0805906b       ORLAddFileLinks_
08059079       ORLRemoveFileLinks_
Module: \watcom\lib386\linux\clib3r.lib(prtf.c)
080590c4       __prtf_
Module: \watcom\lib386\linux\clib3r.lib(fprtf.c)
08059c04       __fprtf_
Module: \watcom\lib386\linux\clib3r.lib(ioalloc.c)
08059c94       __ioalloc_
Module: \watcom\lib386\linux\clib3r.lib(flush.c)
08059d34       __flush_
Module: \watcom\lib386\linux\clib3r.lib(seterrno.c)
08059df7       __set_errno_
08059e03*      __set_EDOM_
08059e0f*      __set_ERANGE_
08059e1b*      __set_EINVAL_
Module: \watcom\lib386\linux\clib3r.lib(tzset.c)
080661bc       ___start_dst
080661e0       ___end_dst
08066308       _tzname
08066310       _timezone
08066314       _daylight
08066318       ___dst_adjust
08059e84*      __DontCacheOSTZ_
08059e94*      __CacheOSTZ_
0805a374+      __parse_tz_
0805a5a4       tzset_
Module: \watcom\lib386\linux\clib3r.lib(tzfile.c)
0805a634       __check_tzfile_
0805a794       __read_tzfile_
Module: \watcom\lib386\linux\clib3r.lib(gmtime.c)
0805a924       __brktime_
0805aa24+      _gmtime_
0805aa44*      gmtime_
Module: \watcom\lib386\linux\clib3r.lib(timeutil.c)
0805ab94       __isindst_
Module: \watcom\lib386\linux\clib3r.lib(leapyear.c)
0805aec4       __leapyear_
080657cc       ___diyr
080657e6       ___dilyr
Module: \watcom\lib386\linux\clib3r.lib(comtflag.c)
0805af04*      __set_commode_
08066324       __commode
Module: \watcom\lib386\linux\clib3r.lib(fseek.c)
0805af64       fseek_
Module: \watcom\lib386\linux\clib3r.lib(chktty.c)
0805b064       __chktty_
Module: \watcom\lib386\linux\clib3r.lib(freefp.c)
0805b094       __freefp_
0805b0d4       __purgefp_
Module: \watcom\lib386\linux\clib3r.lib(allocfp.c)
0805b104       __allocfp_
Module: \watcom\lib386\linux\clib3r.lib(gtcwdlnx.c)
0805b1c4       getcwd_
Module: \watcom\lib386\linux\clib3r.lib(vsprintf.c)
0805b264       vsprintf_
Module: \watcom\lib386\linux\clib3r.lib(fgetc.c)
0805b284+      __fill_buffer_
0805b334       fgetc_
Module: \watcom\lib386\linux\clib3r.lib(nmemneed.c)
0805b3a4       __nmemneed_
Module: \watcom\lib386\linux\clib3r.lib(mem.c)
0805b3b4       __MemAllocator
0805b464       __MemFree
Module: \watcom\lib386\linux\clib3r.lib(grownear.c)
0805b624+      __LastFree_
0805b6a4       __ExpandDGROUP_
Module: \watcom\lib386\linux\clib3r.lib(nmsize.c)
0805b7a4       _nmsize_
0805b7a4*      _msize_
Module: \watcom\lib386\linux\clib3r.lib(nexpand.c)
0805b7b4       _nexpand_
0805b7b4*      _expand_
0805b804+      __HeapManager_expand_
Module: \watcom\lib386\linux\clib3r.lib(initrtns.c)
0805b9e4       __InitRtns
0805ba34       __FiniRtns
Module: \watcom\lib386\linux\clib3r.lib(mainlnx.c)
08066328+      ___FirstThreadData
0806632c+      ___GetThreadPtr
08066330*      __AccessFileH
08066334*      __ReleaseFileH
08066338*      __AccessIOB
0806633c*      __ReleaseIOB
08066340*      __AccessNHeap
08066344*      __AccessFHeap
08066348*      __ReleaseNHeap
0806634c*      __ReleaseFHeap
0805ba94*      __threadid_
0805bac4*      __LinuxInit_
0805bad4       __exit_
08066350*      __AccessTDList
08066354*      __ReleaseTDList
Module: \watcom\lib386\linux\clib3r.lib(sbrklnx.c)
0805baf4       sbrk_
0805bb04       __brk_
0805bb34*      brk_
Module: \watcom\lib386\linux\clib3r.lib(initfile.c)
0805bb94       __InitFiles_
Module: \watcom\lib386\linux\clib3r.lib(ioexit.c)
0805bc94*      fcloseall_
0805bca4       __full_io_exit_
Module: \watcom\lib386\linux\clib3r.lib(flushall.c)
0805bcb4       __flushall_
0805bcf4       flushall_
Module: \watcom\lib386\linux\clib3r.lib(environ.c)
08066e70       ___env_mask
08066e74       _environ
08066e78*      __wenviron
Module: \watcom\lib386\linux\clib3r.lib(tcgattr.c)
0805bd04       tcgetattr_
Module: \watcom\lib386\linux\clib3r.lib(readlink.c)
0805bd14       readlink_
Module: \watcom\lib386\linux\clib3r.lib(segdefns)
08048077       ___begtext
080657a0*      __nullarea
0806640e       __Start_XI
0806641a       __End_XI
0806641a       __Start_YI
08066420       __End_YI
Module: \watcom\lib386\linux\clib3r.lib(crwdata)
08066360*      __LpCmdLine
08066364       __LpPgmName
08066358*      __dynend
0806635c       __curbrk
08066368       __STACKLOW
0806636c       __STACKTOP
08066370       __ASTACKSIZ
08066374       __ASTACKPTR
08066378*      __cbyte
0806637c*      __cbyte2
08066380*      __child
08066386*      __Envptr
0806638a*      __Envseg
08066384*      __no87
0806638c*      ___FPE_handler
Module: \watcom\lib386\linux\clib3r.lib(amblksiz.c)
08066390       __amblksiz
Module: ../orl/osi386/orl.lib(C:\Projects\JWlink\orl\elf\c\elfflhn.c)
0805bdd4       ElfAddFileLinks_
0805bde2       ElfRemoveFileLinks_
Module: ../orl/osi386/orl.lib(C:\Projects\JWlink\orl\elf\c\elfload.c)
0805d3b2       ElfLoadFileStructure_
Module: ../orl/osi386/orl.lib(C:\Projects\JWlink\orl\c\orlhash.c)
0805d627*      ORLNumberCmp_
0805d65d       ORLHashTableInsert_
0805d709       ORLHashTableQuery_
0805d758       ORLHashTableCreate_
0805d7bc       ORLHashTableFree_
Module: ../orl/osi386/orl.lib(C:\Projects\JWlink\orl\elf\c\elflwlv.c)
0805e0ce       ElfCreateSymbolHandles_
0805e264       ElfBuildSecNameHashTable_
0805e490+      ElfConvertRelocType_
0805e571       ElfCreateRelocs_
0805e878       ElfParseDrectve_
Module: ../orl/osi386/orl.lib(C:\Projects\JWlink\orl\coff\c\coffflhn.c)
0805ea23       CoffAddFileLinks_
0805ea31       CoffRemoveFileLinks_
Module: ../orl/osi386/orl.lib(C:\Projects\JWlink\orl\coff\c\coffload.c)
0805f1b9       CoffLoadFileStructure_
Module: ../orl/osi386/orl.lib(C:\Projects\JWlink\orl\coff\c\cofflwlv.c)
0805f6d7       CoffCreateSymbolHandles_
0805fa75       CoffBuildSecNameHashTable_
0805fb3b+      CoffConvertRelocType_
0805fd05       CoffCreateRelocs_
0805fdf0       CoffConvertLines_
0805ffbe       CoffParseDrectve_
Module: ../orl/osi386/orl.lib(C:\Projects\JWlink\orl\omf\c\omfflhn.c)
080602af       OmfAddFileLinks_
080602bd       OmfRemoveFileLinks_
Module: ../orl/osi386/orl.lib(C:\Projects\JWlink\orl\omf\c\omfload.c)
08060321       OmfGetWordSize_
08060422+      loadIndex_
0806145d       OmfLoadFileStructure_
080614d9       OmfParseScanTab_
Module: ../orl/osi386/orl.lib(C:\Projects\JWlink\orl\omf\c\omfmunge.c)
08061f5a       OmfModEnd_
080622e5       OmfAddLIData_
08062408       OmfAddLEData_
0806248b       OmfAddLName_
080624f6       OmfAddFixupp_
080627e7       OmfAddExtDef_
080628d6       OmfAddComDat_
08062b6e       OmfAddLineNum_
08062bbb       OmfAddSegDef_
08062ce1       OmfAddPubDef_
08062d9b       OmfAddGrpDef_
08062e4c       OmfAddComment_
08062f18       OmfGetLName_
08062f67       OmfGetPtrToLName_
08062f8b       OmfFindSegOrComdat_
08062fe1       OmfExportSegmentContents_
08062ff4       OmfTheadr_
Module: ../orl/osi386/orl.lib(C:\Projects\JWlink\orl\omf\c\omfdrctv.c)
08063057       OmfParseComments_
Module: \watcom\lib386\linux\clib3r.lib(strupr.c)
08063104       strupr_
Module: \watcom\lib386\linux\clib3r.lib(noefgfmt.c)
080663ac       ___EFG_printf
080663b0*      ___EFG_scanf
Module: \watcom\lib386\linux\clib3r.lib(lltoa.c)
08063174       ulltoa_
080631e4*      lltoa_
Module: \watcom\lib386\linux\clib3r.lib(qwritunx.c)
08063214       __qwrite_
Module: \watcom\lib386\linux\clib3r.lib(fsync.c)
08063264       fsync_
Module: \watcom\lib386\linux\clib3r.lib(mktime.c)
08063294       mktime_
Module: \watcom\lib386\linux\clib3r.lib(qreadunx.c)
08063314       __qread_
Module: \watcom\lib386\linux\clib3r.lib(heapen.c)
08063364*      _heapenable_
080663b4       ___heap_enabled
Module: \watcom\lib386\linux\clib3r.lib(mthrdini.c)
08063374       __InitThreadData_
080663b8*      ___ThreadDataSize
Module: \watcom\lib386\linux\clib3r.lib(sys_exit.c)
08063384       sys_exit_
Module: \watcom\lib386\linux\clib3r.lib(sys_brk.c)
08063394       sys_brk_
Module: \watcom\lib386\linux\clib3r.lib(xmsglnx.c)
080633b4+      __exit_with_msg_
08063404       __fatal_runtime_error_
Module: \watcom\lib386\linux\clib3r.lib(setenvp.c)
08063424       __setenvp_
Module: \watcom\lib386\linux\clib3r.lib(ioctl.c)
08063494       ioctl_
Module: \watcom\lib386\linux\clib3r.lib(dosseg)
00001234       __DOSseg__
Module: \watcom\lib386\linux\clib3r.lib(i8s)
080634d0       __U8RS
080634ea*      __I8RS
08063505*      __I8LS
08063505       __U8LS
Module: \watcom\lib386\linux\clib3r.lib(i8d)
08063520*      __I8D
08063575       __U8D
Module: \watcom\lib386\linux\clib3r.lib(stk)
08063629*      __STK
0806362d*      __CHK
08063626       __GRO
08063646*      __STKOVERFLOW_
Module: ../orl/osi386/orl.lib(C:\Projects\JWlink\orl\coff\c\coffimpl.c)
08063bfc+      getImportName_
080644b8       convert_import_library_
080663fa       _ImportLibData
Module: \watcom\lib386\linux\clib3r.lib(atoi.c)
08064534       atoi_
Module: \watcom\lib386\linux\clib3r.lib(strstr.c)
08064584       strstr_
Module: \watcom\lib386\linux\clib3r.lib(locmktim.c)
08064634       __local_mktime_
Module: \watcom\lib386\linux\clib3r.lib(enterdb.c)
08064774       __EnterWVIDEO_
0806640c+      ___WD_Present


                        +--------------------+
                        |   Libraries Used   |
                        +--------------------+

../orl/osi386/orl.lib
\watcom\lib386\linux\clib3r.lib


                        +-----------------------+
                        |   Linker Statistics   |
                        +-----------------------+

Stack size:  1000 (4096.)
Memory size:  0001de02 (122370.)
Entry point address: 080581e4
Link time: 00:00.47
