JWlink Version 1.9beta 8
Portions Copyright (c) 1985-2002 Sybase, Inc. All Rights Reserved.
Created on:       12/11/30 12:52:31
Warning! W1030: file clib3r.lib(cstrtwnt): multiple starting addresses found
Executable Image: Release\jwlibd.exe
creating a PE executable


                        +------------+
                        |   Groups   |
                        +------------+

Group                           Address              Size
=====                           =======              ====

.rdata                          00432000             00000490
DGROUP                          00433000             00023b00



                        +--------------+
                        |   Segments   |
                        +--------------+

Segment                Class          Group          Address         Size
=======                =====          =====          =======         ====

BEGTEXT                CODE           AUTO           00409000        00000007
.text                  CODE           AUTO           00409008        00008a48
_TEXT                  CODE           AUTO           00411a50        00020550
.rdata                 CONST          .rdata         00432000        00000490
_NULL                  BEGDATA        DGROUP         00433000        00000004
_AFTERNULL             BEGDATA        DGROUP         00433004        00000000
.data                  DATA           DGROUP         00433004        00000670
CONST                  DATA           DGROUP         00433674        0000005c
CONST2                 DATA           DGROUP         004336d0        00000000
_DATA                  DATA           DGROUP         004336d0        00000d6c
TIBSEG                 DATA           DGROUP         00434440        00000000
.BASE$D                DATA           DGROUP         00434440        00000000
.BASE$DA               DATA           DGROUP         00434440        00000000
.BASE$DZ               DATA           DGROUP         00434440        00000000
.BASE$I                DATA           DGROUP         00434440        00000000
.BASE$IA               DATA           DGROUP         00434440        0000001c
.BASE$IC               DATA           DGROUP         0043445c        00000004
.BASE$IZ               DATA           DGROUP         00434460        00000000
.BASE$X                DATA           DGROUP         00434460        00000000
.BASE$XA               DATA           DGROUP         00434460        00000014
.BASE$XC               DATA           DGROUP         00434474        00000014
.BASE$XZ               DATA           DGROUP         00434488        00000000
XIB                    DATA           DGROUP         00434488        00000000
XI                     DATA           DGROUP         00434488        00000024
XIE                    DATA           DGROUP         004344ac        00000000
YIB                    DATA           DGROUP         004344ac        00000000
YI                     DATA           DGROUP         004344ac        0000001e
YIE                    DATA           DGROUP         004344ca        00000000
TIB                    DATA           DGROUP         004344ca        00000000
TI                     DATA           DGROUP         004344ca        00000000
TIE                    DATA           DGROUP         004344ca        00000000
DATA                   DATA           DGROUP         004344ca        00000000
_BSS                   BSS            DGROUP         004344cc        000011ec
.bss                   BSS            DGROUP         004356b8        00001440
STACK                  STACK          DGROUP         00436b00        00020000


                        +----------------+
                        |   Memory Map   |
                        +----------------+

* = unreferenced symbol
+ = symbol only referenced locally

Address        Symbol
=======        ======

Module: \hx\lib\initw3ow.obj(INITW3ow.ASM)
00409008+      _start
Module: Release/wlib.obj(C:\Projects\JWlink\JWlib\c\wlib.c)
00411a50       InitSubSystems_
00411a85       WlibMainLine_
00411ae4       FiniSubSystems_
004344cc       _Env
Module: Release/libio.obj(C:\Projects\JWlink\JWlib\c\libio.c)
00411b07       InitLibIo_
00411b0f       ResetLibIo_
00411b44       LibOpen_
00411c27       LibReadError_
00411c46*      LibWriteError_
00411c5d       BadLibrary_
00411cb7       LibRead_
00411e3b       LibWrite_
00411f05       LibClose_
00411f7d       LibSeek_
00411ffb       LibTell_
Module: Release/symtable.obj(C:\Projects\JWlink\JWlib\c\symtable.c)
004120af       InitFileTab_
00412186       CleanFileTab_
004121d7       ResetFileTab_
00412224       FiniFileTab_
0041255c       WriteFile_
00412d82       WriteFileTable_
00412e4a       AddSym_
00412f61       RemoveObjectSymbols_
00412fe8       AddObjectSymbols_
004130ec       OmfMKImport_
00413202       CoffMKImport_
00413321       ElfMKImport_
00413778       ListContents_
Module: Release/omfproc.obj(C:\Projects\JWlink\JWlib\c\omfproc.c)
00413a3f       InitOmfRec_
00413a59       FiniOmfRec_
0041424d       OmfCopy_
0041425a       OmfSkipObject_
00414268       OmfExtract_
0041429f       OmfImportSize_
004142fb       OmfWriteImport_
004144a4       OMFWalkSymList_
Module: Release/writelib.obj(C:\Projects\JWlink\JWlib\c\writelib.c)
00414506       WriteNew_
0041451c       WriteNewLib_
0041469e       WriteBigEndian32_
004146e2       WriteLittleEndian32_
004146fc       WriteLittleEndian16_
00434854       _ExportListFile
00434858       _NewLibrary
Module: Release/convert.obj(C:\Projects\JWlink\JWlib\c\convert.c)
0041474b       GetARName_
004147fa       GetFFName_
004148b7       GetARHeaderValues_
004149b7       CreateARHeader_
Module: Release/wlibutil.obj(C:\Projects\JWlink\JWlib\c\wlibutil.c)
00414a8a       SymbolNameCmp_
00414a9c       GetFileContents_
00414ae1       NewArchHeader_
00414b6c       Copy_
00414bba       SameFile_
00414bfd       SameName_
00414c42       MakeFName_
00414c61       IsExt_
00414c7f       DefaultExtension_
00414cca       MakeObjOutputName_
00414d42       MakeListName_
00414d7e       MakeBakName_
00414dba       MakeTmpName_
00414e76       TrimPath_
00414eab       FormSym_
00414ef7       LibFormat_
Module: Release/libwalk.obj(C:\Projects\JWlink\JWlib\c\libwalk.c)
00414f69       LibWalk_
004150ae       OMFLibWalk_
Module: Release/symlist.obj(C:\Projects\JWlink\JWlib\c\symlist.c)
004152a3       ObjWalkSymList_
Module: Release/proclib.obj(C:\Projects\JWlink\JWlib\c\proclib.c)
00415822       ProcessCommands_
Module: Release/cmdline.obj(C:\Projects\JWlink\JWlib\c\cmdline.c)
00416607       ProcessCmdLine_
004167df       ResetCmdLine_
0041680c       InitCmdLine_
00434ce8       _Options
00434d0c       _CmdList
Module: Release/error.obj(C:\Projects\JWlink\JWlib\c\error.c)
00417857       InitMsg_
00417858       MsgGet_
0041787f       FiniMsg_
Module: Release/implib.obj(C:\Projects\JWlink\JWlib\c\implib.c)
004185f4       ProcessImport_
00418cc6       ElfImportSize_
00418d1c       CoffImportSize_
00418de4       ElfWriteImport_
004190c1       AddImport_
Module: Release/elfobjs.obj(C:\Projects\JWlink\JWlib\c\elfobjs.c)
00433850       _ElfBase
00433972       _ElfOSInfo
Module: Release/orlrtns.obj(C:\Projects\JWlink\JWlib\c\orlrtns.c)
0041924a       FiniObj_
00419254       InitObj_
00419345       OpenObjFile_
00419363       OpenLibFile_
0041937a       CloseLibFile_
004193aa       CloseObjFile_
Module: Release/memfuncs.obj(C:\Projects\JWlink\JWlib\c\memfuncs.c)
004193bc       InitMem_
004193c4       MemAlloc_
00419408       MemRealloc_
00419481       MemFree_
004194c1       MemAllocGlobal_
004194e8*      MemReallocGlobal_
00419511       MemFreeGlobal_
0041951a       ResetMem_
00419525       FiniMem_
00419535       DupStr_
00419574       DupStrGlobal_
Module: Release/ideentry.obj(C:\Projects\JWlink\JWlib\c\ideentry.c)
004196bb*      _MessageBoxA@16
004196e9*      IDEGetVersion_
004196ef       IDEInitDLL_
00419705       IDEPassInitInfo_
0041970e       IDERunYourSelf_
00419732*      IDERunYourSelfArgv_
0041973e       IDEStopRunning_
0041976e*      IDEFreeHeap_
00419773       IDEFiniDLL_
00419778       WlibGetEnv_
004197b5*      FatalResError_
004197f3       FatalError_
00419884       Warning_
00419916       Message_
00419998       Usage_
00419a92       Banner_
Module: Release/idedrv.obj(C:\Projects\JWlink\JWlib\c\idedrv.c)
00419ca7       IdeDrvExecDLL_
00419d34       IdeDrvUnloadDLL_
00419d55*      IdeDrvStopRunning_
Module: Release/idemsgfm.obj(C:\Projects\JWlink\JWlib\c\idemsgfm.c)
00419f11       IdeMsgFormat_
0041a081*      IdeMsgStartDll_
Module: Release/idemsgpr.obj(C:\Projects\JWlink\JWlib\c\idemsgpr.c)
0041a089       IdeMsgInit_
0041a0cb*      IdeMsgSetReadable_
0041a0d0*      IdeMsgSetMsgNo_
0041a0d8*      IdeMsgSetMsgGroup_
0041a119*      IdeMsgSetLnkFile_
0041a121*      IdeMsgSetLnkSymbol_
0041a129*      IdeMsgSetSrcFile_
0041a131*      IdeMsgSetSrcLine_
0041a139*      IdeMsgSetSrcColumn_
0041a141*      IdeMsgSetHelp_
Module: Release/maindrv.obj(C:\Projects\JWlink\JWlib\c\maindrv.c)
0041a168       main_
00434dcc       _ImageName
Module: Release/demangle.obj(C:\Projects\JWlink\lib_misc\c\demangle.c)
0041c1be*      __demangle_t_
0041c20f       __demangle_l_
0041c267*      __demangle_r_
0041c2ea*      __scope_name_
0041c372+      __is_mangled_
0041c436*      __is_mangled_internal_
0041c462*      __unmangled_name_
0041c4d2*      __demangled_basename_
Module: Release/omfutil.obj(C:\Projects\JWlink\JWlib\c\omfutil.c)
0041c523       InitOmfUtil_
0041c535       FiniOmfUtil_
0041c580       PadOmf_
0041c8d5       WriteOmfDict_
0041c9a7       WriteOmfFile_
Module: Release/coffwrt.obj(C:\Projects\JWlink\JWlib\c\coffwrt.c)
0041ce9b       CoffWriteImport_
Module: Release/inlib.obj(C:\Projects\JWlink\JWlib\c\inlib.c)
0041dc8c       AddInputLib_
0041dcda       CloseOneInputLib_
0041dcfe       InitInputLibs_
0041dd06       ResetInputLibs_
0041dd36       FindInLib_
0041dd4b       InLibHandle_
Module: \hx\lib\dkrnl32s.lib(INIT.ASM)
00433010       _g_indosaddr
00433014       _g_dwFlags
00433018       _g_bIsActive
00433019       _g_bIntFl
0043301a       _g_bHost
0043301b*      _g_bDPMICap
0043301c       _g_wPics
004090b6       __initializethread@0
00409208       ___kernel32init@0
0040934c*      ___kernel32exit@0
Module: \watcom\lib386\nt\clib3r.lib(cstrtwnt)
0041dd6e       _cstart_
0041dd6e       mainCRTStartup
Module: \watcom\lib386\nt\clib3r.lib(setjmp)
0041ddcc       _setjmp_
0041de05       longjmp_
Module: \watcom\lib386\nt\clib3r.lib(close.c)
0041de90       close_
Module: \watcom\lib386\nt\clib3r.lib(openwnt.c)
0041e0b0       open_
0041e0d0       sopen_
Module: \watcom\lib386\nt\clib3r.lib(errno.c)
0041e100       __get_errno_ptr_
0041e110*      __get_doserrno_ptr_
Module: \watcom\lib386\nt\clib3r.lib(strerror.c)
0041e440       strerror_
0041e460*      _strerror_
0041e530*      _doserror_
00433c34+      __sys_errlist
00433cd8+      __sys_nerr
Module: \watcom\lib386\nt\clib3r.lib(write.c)
0041e7b0       write_
Module: \watcom\lib386\nt\clib3r.lib(read.c)
0041ea10       read_
Module: \watcom\lib386\nt\clib3r.lib(lseek.c)
0041eba0       lseek_
Module: \watcom\lib386\nt\clib3r.lib(filelen.c)
0041ebf0       filelength_
Module: \watcom\lib386\nt\clib3r.lib(tell.c)
0041ec70       tell_
Module: \watcom\lib386\nt\clib3r.lib(memset.c)
0041ec90       memset_
Module: \watcom\lib386\nt\clib3r.lib(_strcmp)
0041ecb0       strcmp_
Module: \watcom\lib386\nt\clib3r.lib(splitpat.c)
0041ee30       _splitpath_
Module: \watcom\lib386\nt\clib3r.lib(qsort.c)
0041ef50       qsort_
Module: \watcom\lib386\nt\clib3r.lib(time.c)
0041f600       time_
Module: \watcom\lib386\nt\clib3r.lib(itoa.c)
0041f640+      utoa_
0041f690       itoa_
Module: ../orl/osi386/orl.lib(C:\Projects\JWlink\orl\c\orlentry.c)
0041f6b4       ORLInit_
0041f70f*      ORLGetError_
0041f713       ORLFini_
0041f75d       ORLFileIdentify_
0041fa18       ORLFileInit_
0041fab3       ORLFileFini_
0041faf3       ORLExportTableRVA_
0041fb0e       ORLFileScan_
0041fb42       ORLFileGetMachineType_
0041fb76       ORLFileGetFlags_
0041fbaa*      ORLFileGetSize_
0041fbde*      ORLFileGetType_
0041fc12       ORLFileGetFormat_
0041fc16       ORLFileGetSymbolTable_
0041fc4a*      ORLSecGetName_
0041fc74       ORLSecGetBase_
0041fc9e       ORLSecGetSize_
0041fcc8*      ORLSecGetType_
0041fcf2*      ORLSecGetAlignment_
0041fd1c*      ORLSecGetFlags_
0041fd46       ORLSecGetStringTable_
0041fd70       ORLSecGetSymbolTable_
0041fd9a*      ORLSecGetRelocTable_
0041fdc4*      ORLSecGetLines_
0041fde5*      ORLSecGetNumLines_
0041fe06*      ORLSecGetOffset_
0041fe12*      ORLSecGetClassName_
0041fe1e*      ORLSecGetCombine_
0041fe2a*      ORLSecGetAbsFrame_
0041fe39*      ORLSecGetAssociated_
0041fe45*      ORLSecGetGroup_
0041fe51       ORLSecGetContents_
0041fe7b*      ORLSecQueryReloc_
0041fea5*      ORLSecScanReloc_
0041fecf*      ORLCvtSecHdlToIdx_
0041fef9*      ORLCvtIdxToSecHdl_
0041ff2d*      ORLRelocSecScan_
0041ff57       ORLSymbolSecScan_
0041ff81*      ORLNoteSecScan_
0041ffab       ORLSymbolGetName_
0041ffd5       ORLSymbolGetValue_
0041ffff       ORLSymbolGetBinding_
00420029       ORLSymbolGetType_
00420053       ORLSymbolGetRawInfo_
00420076*      ORLSymbolGetSecHandle_
004200a0*      ORLSymbolGetAssociated_
004200c3*      ORLGroupsScan_
004200e7*      ORLGroupName_
004200f3*      ORLGroupSize_
004200ff*      ORLGroupMember_
Module: \watcom\lib386\nt\clib3r.lib(bprintf.c)
00420140       _vbprintf_
00420170*      _bprintf_
004201a0+      _vsnprintf_
00420200*      _snprintf_
Module: \watcom\lib386\nt\clib3r.lib(fprintf.c)
00420230       fprintf_
Module: \watcom\lib386\nt\clib3r.lib(fputc.c)
00420260       fputc_
Module: \watcom\lib386\nt\clib3r.lib(localtim.c)
00420340+      _localtime_
004203a0       localtime_
Module: \watcom\lib386\nt\clib3r.lib(strftime.c)
0042061d       strftime_
Module: \watcom\lib386\nt\clib3r.lib(fopen.c)
00420b60+      __open_flags_
00420d70+      _fsopen_
00420dc0       fopen_
00420e50*      freopen_
Module: \watcom\lib386\nt\clib3r.lib(fclose.c)
00420ec0       __doclose_
00420f60       __shutdown_stream_
00420f80       fclose_
00434f34+      ___RmTmpFileFn
Module: \watcom\lib386\nt\clib3r.lib(accsswnt.c)
00420fd0       access_
Module: \watcom\lib386\nt\clib3r.lib(remove.c)
00421000       remove_
Module: \watcom\lib386\nt\clib3r.lib(renamwnt.c)
00421010       rename_
Module: \watcom\lib386\nt\clib3r.lib(strtol.c)
00421250       strtoul_
00421260       strtol_
Module: \watcom\lib386\nt\clib3r.lib(strncpy.c)
00421270       strncpy_
Module: \watcom\lib386\nt\clib3r.lib(ltoa.c)
004212b0       ultoa_
00421300*      ltoa_
Module: \watcom\lib386\nt\clib3r.lib(stricmp.c)
00421330       stricmp_
Module: \watcom\lib386\nt\clib3r.lib(statwnt.c)
00421475       stat_
Module: \watcom\lib386\nt\clib3r.lib(fullpath.c)
004216c0+      _sys_fullpath_
00421740       _fullpath_
Module: \watcom\lib386\nt\clib3r.lib(makepath.c)
004217d0       _makepath_
Module: \watcom\lib386\nt\clib3r.lib(sprintf.c)
00421980       sprintf_
Module: \watcom\lib386\nt\clib3r.lib(strncmp.c)
004219b0       strncmp_
Module: \watcom\lib386\nt\clib3r.lib(unlnkwnt.c)
004219e0       unlink_
Module: \watcom\lib386\nt\clib3r.lib(istable.c)
00421a00       __IsTable
Module: \watcom\lib386\nt\clib3r.lib(tolower.c)
00421b10       tolower_
Module: \watcom\lib386\nt\clib3r.lib(fgets.c)
00421b20       fgets_
Module: \watcom\lib386\nt\clib3r.lib(printf.c)
00421b90       printf_
Module: \watcom\lib386\nt\clib3r.lib(nmalloc.c)
00421bc0       _nmalloc_
00421bc0       malloc_
00433d68       ___nheapbeg
00433d6c       ___MiniHeapRover
00433d70       ___LargestSizeB4MiniHeapRover
Module: \watcom\lib386\nt\clib3r.lib(nrealloc.c)
00421cc0*      _nrealloc_
00421cc0       realloc_
Module: \watcom\lib386\nt\clib3r.lib(nfree.c)
00421d40       _nfree_
00421d40       free_
00434f38       ___MiniHeapFreeRover
Module: \watcom\lib386\nt\clib3r.lib(exit.c)
00421e48+      __null_int23_exit_
00421e49       exit_
00421e99*      _exit_
00433d74+      ___int23_exit
00433d78+      ___FPE_handler_exit
Module: \watcom\lib386\nt\clib3r.lib(nheapmin.c)
00421eb0       _nheapshrink_
00421eb0*      _nheapmin_
00421eb0*      _heapmin_
00421eb0       _heapshrink_
Module: \watcom\lib386\nt\clib3r.lib(getchwnt.c)
004220a0       getch_
Module: \watcom\lib386\nt\clib3r.lib(iob.c)
00433d80       ___iob
00433f88       __fmode
00434f48       ___OpenStreams
00434f4c       ___ClosedStreams
Module: \watcom\lib386\nt\clib3r.lib(fputs.c)
00422110       fputs_
Module: \watcom\lib386\nt\clib3r.lib(fflush.c)
004221b0       fflush_
Module: \watcom\lib386\nt\clib3r.lib(getenv.c)
004221c0       getenv_
Module: \watcom\lib386\nt\clib3r.lib(signlwnt.c)
00433f8c+      __SignalTable
00422250+      __SetSignalFunc_
004222a0+      __GetSignalFunc_
004222d0+      __GetSignalOSCode_
00422300+      __CheckSignalExCode_
00422440+      __sigabort_
00422450       __sigfpe_handler_
004224a0       signal_
00422530+      raise_
004225a0+      __SigInit_
004225f0+      __SigFini_
00422630+      __sig_init_
Module: \watcom\lib386\nt\clib3r.lib(isattwnt.c)
00422650       isatty_
Module: \watcom\lib386\nt\clib3r.lib(gtcmd.c)
004226b0       _bgetcmd_
00422720*      getcmd_
Module: \watcom\lib386\nt\clib3r.lib(strrchr.c)
00422740       strrchr_
Module: \watcom\lib386\nt\clib3r.lib(putenv.c)
00422760       putenv_
004229f0       __putenv_
Module: \watcom\lib386\nt\clib3r.lib(argcv.c)
00434f50       __argc
00434f54       __argv
00434f58       ___argv
00434f5c       ___argc
Module: \watcom\lib386\nt\clib3r.lib(memmove.c)
00422b60       memmove_
Module: \watcom\lib386\nt\clib3r.lib(stackwnt.c)
00422bc0       stackavail_
Module: \watcom\lib386\nt\clib3r.lib(stk)
00422bd1*      __CHK
00422be1*      __STK
00422c00       __STKOVERFLOW_
00422c10       __GRO
00422c30*      __alloca_probe
Module: \watcom\lib386\nt\clib3r.lib(toupper.c)
00422c50       toupper_
Module: \watcom\lib386\nt\clib3r.lib(memicmp.c)
00422c60       memicmp_
Module: \hx\lib\dkrnl32s.lib(HHEAP.ASM)
004356b8*      _kheap_defblock
004093bc       _GetKernelHeap@0
004093c4       _IsKernelHeapLocked@0
004093d8       _KernelHeapAlloc@4
00409430       _KernelHeapAllocObject@8
00409480       _KernelHeapFree@4
004094c8       _KernelHeapFindObject@8
00409590       _KernelHeapUnlinkObject@4
004095dc*      _KernelHeapWalk@8
Module: \hx\lib\dkrnl32s.lib(GETENVAR.ASM)
0040962c       _GetEnvironmentVariableA@12
004096a8       __GetEnvironmentVariableInt@4
Module: \hx\lib\dkrnl32s.lib(INITTLS.ASM)
0040970c       _initstaticTLS@0
004097ac       _initstaticTLSthread@0
Module: \hx\lib\dkrnl32s.lib(VALLOC.ASM)
00409814       __SearchRegion@4
00409870       __RegionStart@0
004098c4       __AddMemoryRegion@16
00409980       _VirtualAlloc@16
00409b38       _VirtualFree@12
00409b88       __FreeAllRegions@0
Module: \hx\lib\dkrnl32s.lib(CSALIAS.ASM)
00433064       _g_csalias
Module: \hx\lib\dkrnl32s.lib(GETCTHRD.ASM)
00433068       _g_hCurThread
00409bc8       _GetCurrentThread@0
00409bc8       __GetCurrentThread@0
Module: \hx\lib\dkrnl32s.lib(OUTDBGST.ASM)
0043307c       _g_dwDebugFlags
00433190*      _g_bDebugger
00409e78*      __FlushLogFile@0
00409e8c*      _InstallDebugLog@0
00409f2c       _DeinstallDebugLog@0
00409f78       _OutputDebugStringA@4
Module: \hx\lib\dkrnl32s.lib(EXCEPT.ASM)
00433259       _g_bFPUPresent
00433280       _g_defaultregistration
00409f8c*      _GetModuleForEip@8
0040a000*      _MakeErrorString@8
0040a060*      _myueproc@4
0040a1fc       _SetUnhandledExceptionFilter@4
0040a20c*      _GetExcNo@4
0040a250       _UnhandledExceptionFilter@4
0040a344*      _InitException@0
0040a3e0*      _ExitException@0
0040a414       _RaiseException@16
0040a454*      __defaultexceptionhandler
0040a47c*      _doexc2@24
0040a5c3*      _doexception@0
0040a794*      _getfloatexc@0
Module: \watcom\lib386\nt\clib3r.lib(main2wnt.c)
00422ca0       __NTMain
Module: \watcom\lib386\nt\clib3r.lib(segdefns)
00409003       ___begtext
00433000*      __nullarea
00434488       __Start_XI
004344ac       __End_XI
004344ac       __Start_YI
004344ca       __End_YI
Module: \watcom\lib386\nt\clib3r.lib(ljmphdl.c)
00434008       ___longjmp_handler
Module: \hx\lib\dkrnl32s.lib(RTLUNWIN.ASM)
0040a7d4       _RtlUnwind@16
Module: \watcom\lib386\nt\clib3r.lib(iomode.c)
00422d10       __GetIOMode_
00422d30       __SetIOMode_nogrow_
0043400c       ___NFiles
00434010       ___init_mode
00434060       ___io_mode
Module: \watcom\lib386\nt\clib3r.lib(_clsewnt.c)
00422d50       __close_
Module: \watcom\lib386\nt\clib3r.lib(seterrno.c)
00422da6       __set_errno_
00422db4*      __set_EDOM_
00422dc2*      __set_ERANGE_
00422dd0*      __set_EINVAL_
00422de3       __set_doserrno_
Module: \watcom\lib386\nt\clib3r.lib(hdlman.c)
00434064+      ___NHandles
00434068+      ___OSHandles
0043406c+      ___FakeHandles
00422e00+      __growPOSIXHandles_
00422ea0       __allocPOSIXHandle_
00422f60       __freePOSIXHandle_
00422f80       __getOSHandle_
00422f90       __setOSHandle_
00422fe0+      __NTGetFakeHandle_
00423050       __initPOSIXHandles_
00423130*      __set_handles_
00423140*      _grow_handles_
Module: \watcom\lib386\nt\clib3r.lib(ntfio.c)
00423180*      __GetNTCreateAttr_
004231c0       __GetNTAccessAttr_
004231f0       __GetNTShareAttr_
Module: \watcom\lib386\nt\clib3r.lib(umaskval.c)
00434078       ___umaskval
Module: \hx\lib\imphlp.lib(_CreateFileA@28.obj)
00433290       __imp__CreateFileA@28
Module: \watcom\lib386\nt\clib3r.lib(stiomode.c)
00423250       __grow_iomode_
00423320+      __shrink_iomode_
00423360       __SetIOMode_
Module: \watcom\lib386\nt\clib3r.lib(dosret.c)
004233d0*      _dosretax_
004233e0*      _dosret0_
004233f0       __set_errno_dos_
00423420*      __set_errno_dos_reterr_
00423430       __set_errno_nt_
00423440*      __set_errno_nt_reterr_
Module: \watcom\lib386\nt\clib3r.lib(mainwnt.c)
00434180*      ___TlsIndex
00434184+      ___FirstThreadData
00434188       ___GetThreadPtr
0043418c       __AccessFileH
00434190       __ReleaseFileH
00434194       __AccessIOB
00434198       __ReleaseIOB
0043419c       __AccessNHeap
004341a0*      __AccessFHeap
004341a4       __ReleaseNHeap
00423470*      __threadid_
00423490+      __sig_null_rtn_
004234a0+      __NTInit_
00423680+      __NTFini_
004236e0       __NTMainInit_
00423740       __exit_
004341a8*      __ReleaseFHeap
004341ac*      __AccessTDList
004341b0*      __ReleaseTDList
004341b4       __AccessFList
004341b8       __ReleaseFList
004341bc+      __ThreadExitRtn
004341c0       ___sig_init_rtn
004341c4       ___sig_fini_rtn
004341c8       ___process_fini
00434f6c       ___Is_DLL
Module: \hx\lib\imphlp.lib(_FormatMessageA@28.obj)
00433294       __imp__FormatMessageA@28
Module: \hx\lib\imphlp.lib(_SetFilePointer@16.obj)
00433298       __imp__SetFilePointer@16
Module: \hx\lib\imphlp.lib(_GetLastError@0.obj)
0043329c       __imp__GetLastError@0
Module: \hx\lib\imphlp.lib(_WriteFile@20.obj)
004332a0       __imp__WriteFile@20
Module: \hx\lib\imphlp.lib(_GetFileType@4.obj)
004332a4       __imp__GetFileType@4
Module: \watcom\lib386\nt\clib3r.lib(iomodtty.c)
00423790       __ChkTTYIOMode_
004237d0*      __IOMode_
Module: \hx\lib\imphlp.lib(_ReadFile@20.obj)
004332a8       __imp__ReadFile@20
Module: \watcom\lib386\nt\clib3r.lib(__lseek.c)
004237f0       __lseek_
Module: \watcom\lib386\nt\clib3r.lib(__stos)
00423830       __STOSB
00423867*      __STOSD
Module: \watcom\lib386\nt\clib3r.lib(mbsnccnt.c)
004238e0       _mbsnccnt_
Module: \watcom\lib386\nt\clib3r.lib(mbsncpy.c)
00423910       _mbsncpy_
Module: \watcom\lib386\nt\clib3r.lib(mbsnbcnt.c)
00423930       _mbsnbcnt_
Module: \watcom\lib386\nt\clib3r.lib(mbsnextc.c)
004239a0       _mbsnextc_
Module: \watcom\lib386\nt\clib3r.lib(mbsinc.c)
004239e0       _mbsinc_
Module: \watcom\lib386\nt\clib3r.lib(gtctmwnt.c)
00423a10       __getctime_
Module: \watcom\lib386\nt\clib3r.lib(mktime.c)
00423a80       mktime_
Module: \watcom\lib386\nt\clib3r.lib(alphabet.c)
00433674       ___Alphabet
Module: ../orl/osi386/orl.lib(C:\Projects\JWlink\orl\elf\c\elfentr.c)
00423b19       ElfInit_
00423b35       ElfFini_
00423b58       ElfFileInit_
00423ba5       ElfFileFini_
00423baa       ElfFileScan_
00423c02       ElfFileGetMachineType_
00423c06       ElfFileGetFlags_
00423c0b       ElfFileGetType_
00423c0f       ElfFileGetSize_
00423c13       ElfFileGetSymbolTable_
00423c17       ElfSymbolGetName_
00423c17       ElfSecGetName_
00423c1b       ElfSecGetBase_
00423c1f       ElfSymbolGetValue_
00423c1f       ElfSecGetSize_
00423c23       ElfSecGetType_
00423c27       ElfSecGetFlags_
00423c2c       ElfSecGetAlignment_
00423c30       ElfSecGetStringTable_
00423c4c       ElfSecGetSymbolTable_
00423c6d       ElfSecGetRelocTable_
00423c94       ElfSecGetContents_
00423ca6       ElfSecQueryReloc_
00423d0f       ElfSecScanReloc_
00423d6e       ElfCvtSecHdlToIdx_
00423da3       ElfCvtIdxToSecHdl_
00423dd2       ElfRelocSecScan_
00423e2e       ElfSymbolSecScan_
00423e86       ElfNoteSecScan_
00423ec5       ElfSymbolGetBinding_
00423ec9       ElfSymbolGetType_
00423ece       ElfSymbolGetRawInfo_
00423ed2       ElfSymbolGetSecHandle_
00423eeb       ElfSymbolGetAssociated_
Module: ../orl/osi386/orl.lib(C:\Projects\JWlink\orl\coff\c\coffentr.c)
00423f05       CoffInit_
00423f21       CoffFini_
00423f44       CoffFileInit_
00423fa6       CoffFileFini_
00423fab       CoffFileScan_
00424003       CoffExportTableRVA_
00424007       CoffFileGetMachineType_
0042400b       CoffFileGetFlags_
00424010       CoffFileGetType_
00424014       CoffSecGetBase_
00424014       CoffFileGetSize_
00424018       CoffFileGetSymbolTable_
0042401c       CoffSecGetStringTable_
00424023       CoffSecGetSymbolTable_
0042402a       CoffSecGetName_
0042402e       CoffSecGetSize_
00424032       CoffSecGetType_
00424036       CoffSecGetFlags_
0042403b       CoffSecGetAlignment_
0042403f       CoffSecGetRelocTable_
0042404c       CoffSecGetNumLines_
0042405e       CoffSecGetLines_
0042407c       CoffSecGetOffset_
0042408d       CoffSecGetContents_
0042409f       CoffSecQueryReloc_
004240f7       CoffCvtSecHdlToIdx_
00424128       CoffCvtIdxToSecHdl_
00424130       CoffSecScanReloc_
00424181       CoffRelocSecScan_
004241ca       CoffSymbolSecScan_
0042421f       CoffNoteSecScan_
0042425e       CoffSymbolGetName_
0042426f       CoffSymbolGetValue_
00424276       CoffSymbolGetBinding_
0042427a       CoffSymbolGetType_
0042427f       CoffSymbolGetSecHandle_
004242a0       CoffSymbolGetAssociated_
Module: ../orl/osi386/orl.lib(C:\Projects\JWlink\orl\omf\c\omfentr.c)
004242b2       OmfInit_
004242ce       OmfFini_
004242f1       OmfFileInit_
00424346       OmfFileFini_
0042434b       OmfFileScan_
004243a7       OmfFileGetMachineType_
004243ae       OmfFileGetFlags_
004243b6       OmfFileGetType_
004243bd       OmfFileGetSize_
004243c4       OmfSecGetName_
004243de       OmfSecGetBase_
004243e1       OmfGroupSize_
004243e1       OmfSecGetSize_
004243e5       OmfSecGetType_
004243e9       OmfSecGetFlags_
004243ee       OmfSecGetAlignment_
00424405       OmfSecGetClassName_
00424425       OmfSecGetCombine_
0042443d       OmfSecGetAbsFrame_
00424457       OmfSecGetAssociated_
00424474       OmfSecGetGroup_
004244a1       OmfSecGetStringTable_
004244b5       OmfSecGetSymbolTable_
004244b8       OmfFileGetSymbolTable_
004244bf       OmfSecGetRelocTable_
004244cc       OmfSymbolGetSecHandle_
004244d0       OmfSecGetContents_
00424576       OmfSecQueryReloc_
0042458d       OmfSecScanReloc_
004245a8       OmfSymbolGetValue_
004245a8       OmfCvtSecHdlToIdx_
004245ac       OmfCvtIdxToSecHdl_
004245bd       OmfRelocSecScan_
004245d8       OmfSymbolSecScan_
0042460d       OmfSecGetNumLines_
0042461b       OmfSecGetLines_
00424629       OmfSymbolGetName_
0042462d       OmfSymbolGetBinding_
00424631       OmfSymbolGetType_
00424636       OmfSymbolGetRawInfo_
00424639       OmfNoteSecScan_
00424646       OmfGroupsScan_
00424674       OmfGroupName_
0042467b       OmfGroupMember_
Module: ../orl/osi386/orl.lib(C:\Projects\JWlink\orl\c\orlflhnd.c)
004246b7       ORLAddFileLinks_
004246c5       ORLRemoveFileLinks_
Module: \watcom\lib386\nt\clib3r.lib(prtf.c)
00424710       __prtf_
Module: \watcom\lib386\nt\clib3r.lib(fprtf.c)
00425400       __fprtf_
Module: \watcom\lib386\nt\clib3r.lib(ioalloc.c)
004254c0       __ioalloc_
Module: \watcom\lib386\nt\clib3r.lib(flush.c)
00425560       __flush_
Module: \watcom\lib386\nt\clib3r.lib(tzset.c)
004341cc       ___start_dst
004341f0       ___end_dst
00434318       _tzname
00434320       _timezone
00434324       _daylight
00434328       ___dst_adjust
004256b0*      __DontCacheOSTZ_
004256c0*      __CacheOSTZ_
00425ba0+      __parse_tz_
00425f90       tzset_
Module: \watcom\lib386\nt\clib3r.lib(gmtime.c)
00426000       __brktime_
00426100+      _gmtime_
00426120*      gmtime_
Module: \watcom\lib386\nt\clib3r.lib(timeutil.c)
00426280       __isindst_
Module: \watcom\lib386\nt\clib3r.lib(leapyear.c)
004265b0       __leapyear_
0043369c       ___diyr
004336b6       ___dilyr
Module: \watcom\lib386\nt\clib3r.lib(comtflag.c)
004265f0*      __set_commode_
00434330       __commode
Module: \watcom\lib386\nt\clib3r.lib(fseek.c)
00426650       fseek_
Module: \watcom\lib386\nt\clib3r.lib(chktty.c)
00426760       __chktty_
Module: \watcom\lib386\nt\clib3r.lib(freefp.c)
004267a0       __freefp_
004267f0       __purgefp_
Module: \watcom\lib386\nt\clib3r.lib(allocfp.c)
00426820       __allocfp_
Module: \watcom\lib386\nt\clib3r.lib(fgtattr.c)
004268f0       __fixed_GetFileAttributesA_
Module: \hx\lib\imphlp.lib(_MoveFileA@8.obj)
004332ac       __imp__MoveFileA@8
Module: \watcom\lib386\nt\clib3r.lib(crwdata)
00434378       __osmajor
00434379       __osminor
0043437a       __osbuild
0043437c       __osver
00434380       __winmajor
00434384       __winminor
00434388       __winver
00434344       __LpDllName
00434348       __LpwCmdLine
0043434c       __LpwPgmName
00434350       __LpwDllName
0043433c       __LpCmdLine
00434340       __LpPgmName
00434334*      __dynend
00434338       __curbrk
00434354*      __STACKLOW
00434358       __STACKTOP
0043435c       __ASTACKSIZ
00434360       __ASTACKPTR
00434364       __cbyte
00434368*      __cbyte2
0043436c*      __child
00434372       __Envptr
00434376*      __Envseg
00434370*      __no87
0043438c       ___FPE_handler
Module: \hx\lib\imphlp.lib(_CloseHandle@4.obj)
004332b0       __imp__CloseHandle@4
Module: \watcom\lib386\nt\clib3r.lib(mbspbrk.c)
00426990       _mbspbrk_
Module: \watcom\lib386\nt\clib3r.lib(gtcwdwnt.c)
004269e0       getcwd_
Module: \hx\lib\imphlp.lib(_GetDriveTypeA@4.obj)
004332b4       __imp__GetDriveTypeA@4
Module: \hx\lib\imphlp.lib(_FindFirstFileA@8.obj)
004332b8       __imp__FindFirstFileA@8
Module: \hx\lib\imphlp.lib(_FindClose@4.obj)
004332bc       __imp__FindClose@4
Module: \watcom\lib386\nt\clib3r.lib(ntdirinf.c)
00426a70       __MakeDOSDT_
00426aa0*      __FromDOSDT_
00426ad0*      __GetNTDirInfo_
00426b10*      __NTFindNextFileWithAttr_
Module: \watcom\lib386\nt\clib3r.lib(d2ttime.c)
00426b70       _d2ttime_
Module: \hx\lib\imphlp.lib(_GetFullPathNameA@16.obj)
004332c0       __imp__GetFullPathNameA@16
Module: \watcom\lib386\nt\clib3r.lib(mbconv.c)
00426bf0       _mbvtop_
Module: \watcom\lib386\nt\clib3r.lib(mbclen.c)
00426c10       _mbclen_
Module: \watcom\lib386\nt\clib3r.lib(mbsdec.c)
00426c40       _mbsdec_
Module: \watcom\lib386\nt\clib3r.lib(vsprintf.c)
00426ce0       vsprintf_
Module: \hx\lib\imphlp.lib(_DeleteFileA@4.obj)
004332c4       __imp__DeleteFileA@4
Module: \watcom\lib386\nt\clib3r.lib(fgetc.c)
00426d00+      __fill_buffer_
00426e00       fgetc_
Module: \watcom\lib386\nt\clib3r.lib(nmemneed.c)
00426ec0       __nmemneed_
Module: \watcom\lib386\nt\clib3r.lib(mem.c)
00426ed0       __MemAllocator
00426f80       __MemFree
Module: \watcom\lib386\nt\clib3r.lib(grownear.c)
00427220       __ExpandDGROUP_
Module: \watcom\lib386\nt\clib3r.lib(nmsize.c)
00427240       _nmsize_
00427240*      _msize_
Module: \watcom\lib386\nt\clib3r.lib(nexpand.c)
00427250       _nexpand_
00427250*      _expand_
00427290+      __HeapManager_expand_
Module: \watcom\lib386\nt\clib3r.lib(initrtns.c)
00427460       __InitRtns
004274b0       __FiniRtns
Module: \hx\lib\imphlp.lib(_VirtualFree@12.obj)
004332c8       __imp__VirtualFree@12
Module: \hx\lib\imphlp.lib(_ReadConsoleInputA@16.obj)
004332cc       __imp__ReadConsoleInputA@16
Module: \watcom\lib386\nt\clib3r.lib(conutwnt.c)
00427520       __NTRealKey_
004275d0       __NTConsoleInput_
004275e0       __NTConsoleOutput_
Module: \hx\lib\imphlp.lib(_GetConsoleMode@8.obj)
004332d0       __imp__GetConsoleMode@8
Module: \hx\lib\imphlp.lib(_SetConsoleMode@8.obj)
004332d4       __imp__SetConsoleMode@8
Module: \watcom\lib386\nt\clib3r.lib(initfile.c)
00427620       __InitFiles_
Module: \watcom\lib386\nt\clib3r.lib(ioexit.c)
00427720*      fcloseall_
00427730       __full_io_exit_
Module: \watcom\lib386\nt\clib3r.lib(flushall.c)
00427740       __flushall_
00427780       flushall_
Module: \watcom\lib386\nt\clib3r.lib(environ.c)
00435588       ___env_mask
0043558c       _environ
00435590       __wenviron
Module: \watcom\lib386\nt\clib3r.lib(mbterm.c)
00427790       _mbterm_
Module: \watcom\lib386\nt\clib3r.lib(mbcupper.c)
004277d0       _mbctoupper_
Module: \hx\lib\imphlp.lib(_SetConsoleCtrlHandler@8.obj)
004332d8       __imp__SetConsoleCtrlHandler@8
Module: \watcom\lib386\nt\clib3r.lib(abort.c)
00427811*      abort_
00427823       __terminate_
00434398       ___abort
Module: \watcom\lib386\nt\clib3r.lib(excptwnt.c)
00427ea0+      ___ReportException@4
004282f0       __DefaultExceptionHandler_
00428330+      ___ExceptionFilter
00428540       __NewExceptionFilter_
00428570       __DoneExceptionFilter_
0043439c       ___oscode_check_func
004343a0       ___raise_func
00435594*      _sw
00435598+      ___ExceptionHandled
00435599+      ___ReportInvoked
Module: \hx\lib\imphlp.lib(_GetCommandLineA@0.obj)
004332dc       __imp__GetCommandLineA@0
Module: \watcom\lib386\nt\clib3r.lib(mbschr.c)
004285b0       _mbschr_
Module: \watcom\lib386\nt\clib3r.lib(mbslen.c)
00428610       _mbslen_
Module: \hx\lib\imphlp.lib(_SetEnvironmentVariableA@8.obj)
004332e0       __imp__SetEnvironmentVariableA@8
Module: \watcom\lib386\nt\clib3r.lib(mbstowcs.c)
00428640       mbstowcs_
Module: \watcom\lib386\nt\clib3r.lib(uputenv.c)
004286c0*      _wputenv_
004288e0       __wputenv_
Module: \watcom\lib386\nt\clib3r.lib(initargv.c)
004289e0       __Init_Argv_
00428a30+      _getargv_
00428bd0       __Fini_Argv_
Module: \watcom\lib386\nt\clib3r.lib(xmsgwnt.c)
00428be0+      __exit_with_msg_
00428c40       __fatal_runtime_error_
Module: \hx\lib\dkrnl32s.lib(HALLOC.ASM)
0040a940       _HeapFree@12
0040a970       _HeapAlloc@12
0040a9ec       _HeapReAlloc@16
Module: \hx\lib\dkrnl32s.lib(HDESTROY.ASM)
0040ab4c       _HeapDestroy@4
Module: \hx\lib\dkrnl32s.lib(HEAPWALK.ASM)
0040ab80       _HeapWalk@8
Module: \hx\lib\dkrnl32s.lib(MUTEX.ASM)
0040abe4       _CreateMutexA@12
0040ac70*      _OpenMutexA@12
0040ac88       _ReleaseMutex@4
Module: \hx\lib\dkrnl32s.lib(GETLERR.ASM)
0040acc8       _GetLastError@0
0040acd0       _SetLastError@4
Module: \hx\lib\dkrnl32s.lib(WAITSNGL.ASM)
0040acdc*      _WaitForSingleObjectEx@12
0040aecc       _WaitForSingleObject@8
Module: \hx\lib\dkrnl32s.lib(LSTRCMP.ASM)
0040aee0       _lstrcmp@8
0040aee0*      _lstrcmpA@8
Module: \hx\lib\dkrnl32s.lib(LSTRCPY.ASM)
0040af08       _lstrcpy@8
0040af08*      _lstrcpyA@8
Module: \hx\lib\dkrnl32s.lib(LSTRLEN.ASM)
0040af38       _lstrlen@4
0040af38       _lstrlenA@4
Module: \hx\lib\dkrnl32s.lib(GETMODH.ASM)
0040af54       _GetModuleHandleA@4
Module: \hx\lib\dkrnl32s.lib(GETPHEAP.ASM)
0040afbc       _GetProcessHeap@0
Module: \hx\lib\dkrnl32s.lib(ISBADPTR.ASM)
0040afc4       _IsBadReadPtr@8
0040b000       _IsBadWritePtr@8
0040b040*      _IsBadCodePtr@4
Module: \hx\lib\dkrnl32s.lib(TLS.ASM)
0040b054       _TlsAlloc@0
0040b06c*      _TlsFree@4
0040b0a4*      _TlsSetValue@8
0040b0c0*      _TlsGetValue@4
Module: \hx\lib\dkrnl32s.lib(GETCPROC.ASM)
0040b0e8       _GetCurrentProcess@0
0040b0f0       _GetCurrentProcessId@0
Module: \hx\lib\dkrnl32s.lib(VIRTUAL.ASM)
0040b0f8       _VirtualGetPageAttr@12
0040b144       _VirtualSetPageAttr@16
Module: \hx\lib\dkrnl32s.lib(CHECKOS.ASM)
12345678       ___CHECKOS
Module: \hx\lib\dkrnl32s.lib(DBGSUPP.ASM)
0040b4c0       _IsDebuggerPresent@0
0040b4d4*      _WaitForDebugEvent@8
0040b4e0*      _ContinueDebugEvent@12
0040b4ec*      _DebugActiveProcess@4
0040b4f8*      _GetThreadSelectorEntry@12
Module: \hx\lib\dkrnl32s.lib(EXITPROC.ASM)
0040b518       _ExitProcess@4
Module: \hx\lib\dkrnl32s.lib(FATEXIT.ASM)
0040b528       _Display_szString@4
0040b564       _FatalAppExitA@8
Module: \hx\lib\dkrnl32s.lib(DW2A.ASM)
0040b598       _byt2asc
0040b57c       ___dw2aX@0
0040b580       ___dw2a@0
0040b5c8       ___dw2aD@0
0040b604       ___dw2aDX@0
0040b60c*      ___dw2aDY@0
0040b614*      ___dw2aDebug@0
Module: \hx\lib\dkrnl32s.lib(HLPSTACK.ASM)
0040b634       _gethelperstack@0
0040b668*      _freehelperstack@0
Module: \hx\lib\dkrnl32s.lib(CONTEXT.ASM)
0040b66c       __SaveContext@28
0040b718       __LoadContext@4
Module: \hx\lib\dkrnl32s.lib(SPRINTF.ASM)
0040b7c0       __sprintf
Module: \hx\lib\dkrnl32s.lib(TOOLHELP.ASM)
0040b81c*      _CreateToolhelp32Snapshot@8
0040b8ac       _Module32First@8
0040b8c8       _Module32Next@8
0040b8e4*      _Process32First@8
0040b92c*      _Process32Next@8
0040b938*      _Thread32First@8
0040b970*      _Thread32Next@8
0040b97c*      _Heap32First@12
0040b988*      _Heap32Next@4
0040b994*      _Heap32ListFirst@8
0040b9a0*      _Heap32ListNext@8
Module: \watcom\lib386\nt\clib3r.lib(mthrdini.c)
00428c60       __InitThreadData_
004343b8       ___ThreadDataSize
Module: \watcom\lib386\nt\clib3r.lib(cmain386.c)
00428c90       __CMain
Module: \watcom\lib386\nt\clib3r.lib(dosseg)
00001234       __DOSseg__
Module: \hx\lib\imphlp.lib(_SetStdHandle@8.obj)
00433314       __imp__SetStdHandle@8
Module: \hx\lib\imphlp.lib(_CreateEventA@16.obj)
00433318       __imp__CreateEventA@16
Module: \hx\lib\imphlp.lib(_GetStdHandle@4.obj)
0043331c       __imp__GetStdHandle@4
Module: \hx\lib\dkrnl32s.lib(CREFILE.ASM)
0040ba10       _CreateFileA@28
Module: \hx\lib\imphlp.lib(_GetEnvironmentStringsA@0.obj)
00433320       __imp__GetEnvironmentStringsA@0
Module: \hx\lib\imphlp.lib(_GetVersion@0.obj)
00433324       __imp__GetVersion@0
Module: \hx\lib\imphlp.lib(_GetModuleFileNameA@12.obj)
00433328       __imp__GetModuleFileNameA@12
Module: \watcom\lib386\nt\clib3r.lib(getmodfn.c)
00428cd0       __lib_GetModuleFileNameW_
Module: \watcom\lib386\nt\clib3r.lib(strdup.c)
00428d70       __clib_strdup_
Module: \hx\lib\imphlp.lib(_GetCommandLineW@0.obj)
0043332c       __imp__GetCommandLineW@0
Module: \watcom\lib386\nt\clib3r.lib(ustrdup.c)
00428db0       __clib_wcsdup_
Module: \hx\lib\imphlp.lib(_FreeEnvironmentStringsA@4.obj)
00433330       __imp__FreeEnvironmentStringsA@4
Module: \hx\lib\imphlp.lib(_GetModuleHandleA@4.obj)
00433334       __imp__GetModuleHandleA@4
Module: \watcom\lib386\nt\clib3r.lib(stklmwnt.c)
00428de0       __init_stack_limits_
Module: \hx\lib\imphlp.lib(_ExitProcess@4.obj)
00433338       __imp__ExitProcess@4
Module: \hx\lib\dkrnl32s.lib(FORMMSG.ASM)
0040bd78*      __FormatMessage@32
0040bec0       _FormatMessageA@28
Module: \hx\lib\dkrnl32s.lib(SETFPTR.ASM)
0040bee4       _SetFilePointer@16
0040bff4       _SetFilePointerEx@20
Module: \hx\lib\dkrnl32s.lib(WRITFILE.ASM)
0040c030       _WriteFile@20
Module: \hx\lib\dkrnl32s.lib(GETFTYPE.ASM)
0040c144       _GetFileType@4
Module: \hx\lib\dkrnl32s.lib(READFILE.ASM)
0040c198       _ReadFile@20
Module: \watcom\lib386\nt\clib3r.lib(mbsnbcpy.c)
00428e50       _mbsnbcpy_
Module: \watcom\lib386\nt\clib3r.lib(mbisdbcs.c)
004355a0       ___IsDBCS
Module: \watcom\lib386\nt\clib3r.lib(mbislead.c)
00428eb0*      _ismbblead_
004355a4       ___MBCSIsTable
Module: \hx\lib\imphlp.lib(_GetLocalTime@4.obj)
00433340       __imp__GetLocalTime@4
Module: \watcom\lib386\nt\clib3r.lib(locmktim.c)
00428ed0       __local_mktime_
Module: ../orl/osi386/orl.lib(C:\Projects\JWlink\orl\elf\c\elfflhn.c)
00429091       ElfAddFileLinks_
0042909f       ElfRemoveFileLinks_
Module: ../orl/osi386/orl.lib(C:\Projects\JWlink\orl\elf\c\elfload.c)
0042a66f       ElfLoadFileStructure_
Module: ../orl/osi386/orl.lib(C:\Projects\JWlink\orl\c\orlhash.c)
0042a8e4*      ORLNumberCmp_
0042a91a       ORLHashTableInsert_
0042a9c6       ORLHashTableQuery_
0042aa15       ORLHashTableCreate_
0042aa79       ORLHashTableFree_
Module: ../orl/osi386/orl.lib(C:\Projects\JWlink\orl\elf\c\elflwlv.c)
0042b38b       ElfCreateSymbolHandles_
0042b521       ElfBuildSecNameHashTable_
0042b74d+      ElfConvertRelocType_
0042b82e       ElfCreateRelocs_
0042bb35       ElfParseDrectve_
Module: ../orl/osi386/orl.lib(C:\Projects\JWlink\orl\coff\c\coffflhn.c)
0042bce0       CoffAddFileLinks_
0042bcee       CoffRemoveFileLinks_
Module: ../orl/osi386/orl.lib(C:\Projects\JWlink\orl\coff\c\coffload.c)
0042c476       CoffLoadFileStructure_
Module: ../orl/osi386/orl.lib(C:\Projects\JWlink\orl\coff\c\cofflwlv.c)
0042c994       CoffCreateSymbolHandles_
0042cd32       CoffBuildSecNameHashTable_
0042cdf8+      CoffConvertRelocType_
0042cfc2       CoffCreateRelocs_
0042d0ad       CoffConvertLines_
0042d27b       CoffParseDrectve_
Module: ../orl/osi386/orl.lib(C:\Projects\JWlink\orl\omf\c\omfflhn.c)
0042d56c       OmfAddFileLinks_
0042d57a       OmfRemoveFileLinks_
Module: ../orl/osi386/orl.lib(C:\Projects\JWlink\orl\omf\c\omfload.c)
0042d5de       OmfGetWordSize_
0042d6df+      loadIndex_
0042e71a       OmfLoadFileStructure_
0042e796       OmfParseScanTab_
Module: ../orl/osi386/orl.lib(C:\Projects\JWlink\orl\omf\c\omfmunge.c)
0042f217       OmfModEnd_
0042f5a2       OmfAddLIData_
0042f6c5       OmfAddLEData_
0042f748       OmfAddLName_
0042f7b3       OmfAddFixupp_
0042faa4       OmfAddExtDef_
0042fb93       OmfAddComDat_
0042fe2b       OmfAddLineNum_
0042fe78       OmfAddSegDef_
0042ff9e       OmfAddPubDef_
00430058       OmfAddGrpDef_
00430109       OmfAddComment_
004301d5       OmfGetLName_
00430224       OmfGetPtrToLName_
00430248       OmfFindSegOrComdat_
0043029e       OmfExportSegmentContents_
004302b1       OmfTheadr_
Module: ../orl/osi386/orl.lib(C:\Projects\JWlink\orl\omf\c\omfdrctv.c)
00430314       OmfParseComments_
Module: \watcom\lib386\nt\clib3r.lib(wctomb.c)
004303c0       wctomb_
Module: \watcom\lib386\nt\clib3r.lib(strupr.c)
00430400       strupr_
Module: \watcom\lib386\nt\clib3r.lib(noefgfmt.c)
004343d4       ___EFG_printf
004343d8*      ___EFG_scanf
Module: \watcom\lib386\nt\clib3r.lib(lltoa.c)
00430470       ulltoa_
004304e0*      lltoa_
Module: \watcom\lib386\nt\clib3r.lib(fsync.c)
00430510       fsync_
Module: \watcom\lib386\nt\clib3r.lib(qwrit.c)
00430560       __qwrite_
Module: \hx\lib\imphlp.lib(_GetTimeZoneInformation@4.obj)
00433344       __imp__GetTimeZoneInformation@4
Module: \watcom\lib386\nt\clib3r.lib(wcstombs.c)
00430640       wcstombs_
Module: \hx\lib\imphlp.lib(_GetFileAttributesA@4.obj)
00433348       __imp__GetFileAttributesA@4
Module: \hx\lib\dkrnl32s.lib(MOVEFILE.ASM)
0040c434*      _MoveFileExA@12
0040c510       _MoveFileA@8
Module: \hx\lib\dkrnl32s.lib(CLOSEHDL.ASM)
0040c524       _CloseHandle@4
Module: \hx\lib\imphlp.lib(_GetCurrentDirectoryA@8.obj)
0043334c       __imp__GetCurrentDirectoryA@8
Module: \hx\lib\dkrnl32s.lib(GETDRVTP.ASM)
0040c57c       _GetDriveTypeA@4
0040c610*      _GetDriveTypeW@4
0040c628*      _GetLogicalDrives@0
0040c65c*      _GetLogicalDriveStringsA@8
Module: \hx\lib\dkrnl32s.lib(FNDFILE.ASM)
0040c738*      __GetVolumeName@12
0040c7d8       _FindFirstFileA@8
0040c894       _FindNextFileA@8
0040c8ec       _FindClose@4
Module: \hx\lib\imphlp.lib(_FileTimeToLocalFileTime@8.obj)
00433350       __imp__FileTimeToLocalFileTime@8
Module: \hx\lib\imphlp.lib(_FileTimeToDosDateTime@12.obj)
00433354       __imp__FileTimeToDosDateTime@12
Module: \hx\lib\imphlp.lib(_DosDateTimeToFileTime@12.obj)
00433358       __imp__DosDateTimeToFileTime@12
Module: \hx\lib\imphlp.lib(_LocalFileTimeToFileTime@8.obj)
0043335c       __imp__LocalFileTimeToFileTime@8
Module: \hx\lib\imphlp.lib(_FindNextFileA@8.obj)
00433360       __imp__FindNextFileA@8
Module: \hx\lib\dkrnl32s.lib(FULLPATH.ASM)
0040c91c       _GetFullPathNameA@16
Module: \hx\lib\dkrnl32s.lib(DELFILE.ASM)
0040c9a8       _DeleteFileA@4
Module: \watcom\lib386\nt\clib3r.lib(gtchewnt.c)
004306e0       getche_
Module: \watcom\lib386\nt\clib3r.lib(qread.c)
00430710       __qread_
Module: \watcom\lib386\nt\clib3r.lib(amblksiz.c)
004343dc       __amblksiz
Module: \watcom\lib386\nt\clib3r.lib(heapen.c)
00430780*      _heapenable_
004343e0       ___heap_enabled
Module: \hx\lib\imphlp.lib(_VirtualAlloc@16.obj)
00433364       __imp__VirtualAlloc@16
Module: \hx\lib\dkrnl32s.lib(PEEKCON.ASM)
0040ce18       _PeekConsoleInputA@16
0040ce8c       _ReadConsoleInputA@16
0040cf00*      _GetNumberOfConsoleInputEvents@8
0040cf2c*      _FlushConsoleInputBuffer@4
0040cf78*      _WriteConsoleInputA@16
Module: \hx\lib\dkrnl32s.lib(SETCMODE.ASM)
0040cfbc       _SetConsoleMode@8
0040d020       _GetConsoleMode@8
Module: \watcom\lib386\nt\clib3r.lib(setenvp.c)
004307b0       __setenvp_
00430870       __freeenvp_
Module: \hx\lib\imphlp.lib(_CharUpperA@4.obj)
00433370       __imp__CharUpperA@4
Module: \hx\lib\dkrnl32s.lib(SETCTRLH.ASM)
12345678       ___DEFCTRLHANDLER
0040d0a6       _SetConsoleCtrlHandler@8
0040d124*      _GenerateConsoleCtrlEvent@8
Module: \hx\lib\imphlp.lib(_LoadLibraryA@4.obj)
00433390       __imp__LoadLibraryA@4
Module: \hx\lib\imphlp.lib(_GetProcAddress@8.obj)
00433394       __imp__GetProcAddress@8
Module: \hx\lib\imphlp.lib(_SetUnhandledExceptionFilter@4.obj)
00433398       __imp__SetUnhandledExceptionFilter@4
Module: \watcom\lib386\nt\clib3r.lib(fclex387.c)
004308c0       _ClearFPE_
Module: \hx\lib\imphlp.lib(_UnhandledExceptionFilter@4.obj)
0043339c       __imp__UnhandledExceptionFilter@4
Module: \hx\lib\dkrnl32s.lib(GETCMDL.ASM)
0040d2e8       _GetCommandLineA@0
Module: \watcom\lib386\nt\clib3r.lib(mbccmp.c)
004308d0       _mbccmp_
Module: \hx\lib\dkrnl32s.lib(SETENVAR.ASM)
0040d354       _SetEnvironmentVariableA@8
0040d450       _SetEnvironmentVariableW@8
Module: \watcom\lib386\nt\clib3r.lib(mbtowc.c)
00430910       mbtowc_
Module: \watcom\lib386\nt\clib3r.lib(ustrchr.c)
004309a0       wcschr_
Module: \watcom\lib386\nt\clib3r.lib(memcpy.c)
004309c0       memcpy_
Module: \watcom\lib386\nt\clib3r.lib(ustrlen.c)
004309df       wcslen_
Module: \watcom\lib386\nt\clib3r.lib(setenvar.c)
00430a00       __lib_SetEnvironmentVariableW_
Module: \watcom\lib386\nt\clib3r.lib(crtwenv.c)
00430af0       __create_wide_environment_
Module: \watcom\lib386\nt\clib3r.lib(utoupper.c)
00430b58       towupper_
Module: \watcom\lib386\nt\clib3r.lib(histsplt.c)
004356ac       ___historical_splitparms
Module: \watcom\lib386\nt\clib3r.lib(___argc.c)
004356b0       ____Argc
004356b4       ____Argv
Module: \watcom\lib386\nt\clib3r.lib(enterdb.c)
00430b70       __EnterWVIDEO_
004343e4+      ___WD_Present
Module: \hx\lib\dkrnl32s.lib(GROWSEG.ASM)
0040d4ac       __growseg
Module: \hx\lib\dkrnl32s.lib(SEARCHSG.ASM)
0040d668       __searchseg
Module: \hx\lib\dkrnl32s.lib(GETTICKC.ASM)
0040d6ac       _GetTickCount@0
Module: \hx\lib\dkrnl32s.lib(LCLALLOC.ASM)
0040d6c0*      _GlobalAlloc@8
0040d6c0       _LocalAlloc@8
0040d704*      _GlobalFree@4
0040d704       _LocalFree@4
0040d728*      _GlobalReAlloc@12
0040d728*      _LocalReAlloc@12
0040d75c*      _GlobalHandle@4
0040d75c*      _LocalHandle@4
0040d77c*      _GlobalLock@4
0040d77c*      _LocalLock@4
0040d7a8*      _GlobalUnlock@4
0040d7a8*      _LocalUnlock@4
0040d7d0*      _GlobalFlags@4
0040d7d0*      _LocalFlags@4
0040d7dc*      _GlobalSize@4
0040d7dc*      _LocalSize@4
0040d7f4*      _GlobalCompact@4
Module: \hx\lib\dkrnl32s.lib(SLEEP.ASM)
0040d894       _Sleep@4
0040d8dc*      _SleepEx@8
Module: \hx\lib\dkrnl32s.lib(HCREATE.ASM)
0040d8ec*      __heapset
0040d938       _HeapAllocRegion@20
0040d9b8*      _HeapCreate@12
Module: \hx\lib\dkrnl32s.lib(INT21LFN.ASM)
0040dd20       _InstallLFNHLP@4
0040dd91       _DeinstallLFNHLP@0
Module: \hx\lib\dkrnl32s.lib(FLUSHFB.ASM)
0040ddc0       _FlushFileBuffers@4
Module: \hx\lib\dkrnl32s.lib(GSTDHDL.ASM)
0043342c       _g_bIsConsole
0040de30       _GetStdHandle@4
0040de6c       _SetStdHandle@8
Module: \hx\lib\dkrnl32s.lib(WRITCONS.ASM)
0040ded8       _WriteConsoleA@20
Module: \hx\lib\dkrnl32s.lib(THREAD2.ASM)
0040df10       _GetCurrentThreadId@0
0040df18*      _GetExitCodeThread@8
0040df38*      _SetThreadPriority@8
0040df54*      _GetThreadPriority@4
0040df70*      _SetThreadAffinityMask@8
0040df7c*      _GetThreadTimes@20
0040df88*      _GetThreadContext@8
0040dfac*      _SetThreadContext@8
Module: \hx\lib\dkrnl32s.lib(GETMODFN.ASM)
0040dfd0       _GetModuleFileNameA@12
Module: \hx\lib\imphlp.lib(_GetCurrentThreadId@0.obj)
0043344c       __imp__GetCurrentThreadId@0
Module: \watcom\lib386\nt\clib3r.lib(cinit.c)
00430ba0       __CommonInit_
Module: \hx\lib\dkrnl32s.lib(EVENT.ASM)
0040e030       _CreateEventA@16
0040e0c4*      _OpenEventA@12
0040e0dc       _SetEvent@4
0040e118*      _ResetEvent@4
0040e140*      _PulseEvent@4
Module: \hx\lib\dkrnl32s.lib(SETHDLCT.ASM)
0040e16c       _SetHandleCount@4
Module: \hx\lib\dkrnl32s.lib(CONFLAGS.ASM)
00433450       _g_consoleflags
00433454       _g_bProcessed
Module: \hx\lib\dkrnl32s.lib(GETENVS.ASM)
0040e184*      _GetEnvironmentStrings@0
0040e184       _GetEnvironmentStringsA@0
0040e1d0       _FreeEnvironmentStringsA@4
Module: \hx\lib\dkrnl32s.lib(GETVERS.ASM)
0040e1e0       _GetVersion@0
0040e1e8*      _GetVersionExA@4
Module: \hx\lib\imphlp.lib(_GetModuleFileNameW@12.obj)
00433474       __imp__GetModuleFileNameW@12
Module: \hx\lib\imphlp.lib(_MultiByteToWideChar@24.obj)
00433478       __imp__MultiByteToWideChar@24
Module: \hx\lib\dkrnl32s.lib(GETCMDLW.ASM)
0040e214       _GetCommandLineW@0
Module: \hx\lib\imphlp.lib(_VirtualQuery@12.obj)
00433480       __imp__VirtualQuery@12
Module: \hx\lib\dkrnl32s.lib(ENUMRES.ASM)
0040e360*      _EnumResourceTypesA@12
0040e394       _EnumResourceNamesA@16
0040e3e0       _EnumResourceLanguagesA@20
Module: \hx\lib\dkrnl32s.lib(FINDRES.ASM)
0040e444       _ScanResDir@12
0040e514*      _FindResourceA@12
0040e590       _FindResourceExA@16
0040e5a8       _LoadResource@8
0040e5cc*      _LockResource@4
0040e5d8*      _FreeResource@4
0040e5e4*      _SizeofResource@8
Module: \hx\lib\dkrnl32s.lib(LSTRCPYN.ASM)
0040e5f8       _lstrcpyn@12
0040e5f8*      _lstrcpynA@12
Module: \hx\lib\dkrnl32s.lib(WRITCON2.ASM)
0040e618       __WriteConsole@16
Module: \hx\lib\dkrnl32s.lib(SERIALIZ.ASM)
0040e800       _EnterSerialization@0
0040e80c       _LeaveSerialization@0
Module: \watcom\lib386\nt\clib3r.lib(mbinit.c)
00430bdb       __mbinit_
004343e8       ___MBCodePage
Module: \hx\lib\dkrnl32s.lib(TIME.ASM)
0040e818       _GetLocalTime@4
0040e85c*      _SetLocalTime@4
0040e868*      _GetSystemTime@4
0040e8a4*      _SetSystemTime@4
0040e8b0       _GetSystemTimeAsFileTime@4
Module: \watcom\lib386\nt\clib3r.lib(i8s)
00430ccc       __U8RS
00430ce6*      __I8RS
00430d01*      __I8LS
00430d01       __U8LS
Module: \watcom\lib386\nt\clib3r.lib(i8d)
00430d1c*      __I8D
00430d71       __U8D
Module: ../orl/osi386/orl.lib(C:\Projects\JWlink\orl\coff\c\coffimpl.c)
00431344+      getImportName_
00431c00       convert_import_library_
0043442a       _ImportLibData
Module: \watcom\lib386\nt\clib3r.lib(atoi.c)
00431c80       atoi_
Module: \watcom\lib386\nt\clib3r.lib(strstr.c)
00431cd0       strstr_
Module: \hx\lib\imphlp.lib(_WideCharToMultiByte@32.obj)
00433484       __imp__WideCharToMultiByte@32
Module: \hx\lib\imphlp.lib(_FlushFileBuffers@4.obj)
00433488       __imp__FlushFileBuffers@4
Module: \hx\lib\dkrnl32s.lib(TIMEHLP.ASM)
0040e8f8*      _tzset@0
0040e9b4       _localtosystem@0
0040e9c8       _systemtolocal@0
0040e9f8       _GetTimeZoneInformation@4
Module: \hx\lib\dkrnl32s.lib(ATTRIBS.ASM)
0040ea50       _GetFileAttributesA@4
0040ead0*      _GetFileAttributesExA@12
0040eb18*      _SetFileAttributesA@8
Module: \hx\lib\dkrnl32s.lib(COPYFILE.ASM)
0040eb50       _CopyFileA@12
Module: \hx\lib\dkrnl32s.lib(GETCURD.ASM)
0040ec70       _GetCurrentDirectoryA@8
0040ece4*      _GetCurrentDirectoryW@8
Module: \hx\lib\dkrnl32s.lib(CONVWSTR.ASM)
0040ed17*      _ConvertWStrN@0
0040ed0c       _ConvertWStr@0
0040ed38       _ConvertAStrN@12
0040ed60       _ConvertAStr@4
Module: \hx\lib\dkrnl32s.lib(FILLMEM.ASM)
0040ed84*      _RtlFillMemory@12
0040edac       _RtlZeroMemory@8
0040edc0       _RtlMoveMemory@12
Module: \hx\lib\dkrnl32s.lib(DOSDATE.ASM)
0040ee10       _DosDateTimeToFileTime@12
0040ee9c       _FileTimeToDosDateTime@12
0040eef4       __DosDateTimeToFileTime@12
0040ef20*      __FileTimeToDosDateTime@12
Module: \hx\lib\dkrnl32s.lib(FILETIME.ASM)
0040ef50       _SystemTimeToFileTime@8
0040f0ec       _FileTimeToSystemTime@8
0040f2ec       _FileTimeToLocalFileTime@8
0040f30c       _LocalFileTimeToFileTime@8
Module: \watcom\lib386\nt\clib3r.lib(putchwnt.c)
00431d80       putch_
Module: \hx\lib\dkrnl32s.lib(KBDQUEUE.ASM)
004334c4       _g_asciitable
0040f340       __WriteKbdEvent@0
0040f408       __GetKbdEvent@0
0040f434       __PeekKbdEvent@4
0040f468       __GetNumberOfKbdEvents@0
0040f48c*      __GetKeyTable@0
0040f498*      __SetKbdEventHandler@8
Module: \hx\lib\dkrnl32s.lib(MOUSE.ASM)
0040f4dc*      _KernelShowMouse@0
0040f500*      _KernelHideMouse@0
0040f5d8       _InitMouse@0
0040f69c       _DeinitMouse@0
0040f948       __PeekMouEvent@4
0040f97c       __GetMouEvent@0
0040f9a8       __GetNumberOfMouEvents@0
0040f9cc*      __SetMouEventHandler@8
0040fa10*      _GetNumberOfConsoleMouseButtons@4
Module: \hx\lib\dkrnl32s.lib(BOOST.ASM)
004335c0       _g_dwBoostProc
Module: \watcom\lib386\nt\clib3r.lib(dofilstr.c)
00431df0       __ParsePosixHandleStr_
Module: \watcom\lib386\nt\clib3r.lib(clearenv.c)
00431f10       clearenv_
Module: \hx\lib\duser32s.lib(CharUpp.asm)
0040fa2c*      _CharUpperBuffW@8
0040fa34*      _CharUpperBuffA@8
0040fa60       _CharUpperA@4
0040fa8c*      _CharUpperW@4
0040fabc*      _CharLowerBuffW@8
0040fac4*      _CharLowerBuffA@8
0040faf0*      _CharLowerA@4
0040fb1c*      _CharLowerW@4
0040fb4c*      _IsCharLowerA@4
0040fb64*      _IsCharLowerW@4
0040fb80*      _IsCharUpperA@4
0040fb98*      _IsCharUpperW@4
Module: \hx\lib\dkrnl32s.lib(THREAD.ASM)
0041019c*      _ExitThread@4
004101a0*      _FreeLibraryAndExitThread@8
0041031c*      _TerminateThread@8
0041035c*      _SuspendThread@4
0041038c*      _ResumeThread@4
004103cc       _CreateThread@24
004104ec       _SwitchToThread@0
Module: \hx\lib\dkrnl32s.lib(LOADLIB.ASM)
00410564       _LoadLibraryA@4
00410578       _FreeLibrary@4
00410588       _GetProcAddress@8
Module: \hx\lib\imphlp.lib(_SetEnvironmentVariableW@8.obj)
004335e8       __imp__SetEnvironmentVariableW@8
Module: \hx\lib\dkrnl32s.lib(TIMERHLP.ASM)
004335ec*      _g_dwGetTimerValue
004335f0       _g_dwGetTimerValuems
Module: \hx\lib\dkrnl32s.lib(HEAPLOCK.ASM)
00410660*      _HeapLock@4
0041067c*      _HeapUnlock@4
00410694*      _HeapCompact@8
004106a0       _HeapSize@12
Module: \hx\lib\dkrnl32s.lib(HEAPVAL.ASM)
004106b8       _HeapValidate@12
Module: \hx\lib\dkrnl32s.lib(LOADVDD.ASM)
004335f8       _g_hVdd
00410770       _HXDispatch@0
00410808*      _HXLoadVDD@0
Module: \hx\lib\dkrnl32s.lib(TIMER.ASM)
00433604       _g_cntTimer
00410944       _InitRTCTimer@0
00410974*      _DeinitRTCTimer@0
00410a9c       _CreateWaitableTimerA@12
00410af4*      _OpenWaitableTimerA@12
00410b0c       _CancelWaitableTimer@4
00410b70       _SetWaitableTimer@24
Module: \hx\lib\dkrnl32s.lib(IDLEPROC.ASM)
00433608       _g_dwIdleProc
0043360c       _g_bDispatchFlags
00410be4*      __GiveupTimeSlice@0
Module: \hx\lib\dkrnl32s.lib(SETBGINT.ASM)
00410c20       _SetIntensityBackground@0
Module: \hx\lib\dkrnl32s.lib(GETSCRPT.ASM)
00433610*      _g_dwActiveScreenBuffer
00433618*      _g_sb
00410c48       __GetScreenBuffer@0
00410c58       _getscreenptr@4
00410cd4       __SetDefaultAttribute@0
Module: \hx\lib\dkrnl32s.lib(GETMODFW.ASM)
00410d28       _GetModuleFileNameW@12
Module: \hx\lib\dkrnl32s.lib(WC2MB.ASM)
00410d4c       _WideCharToMultiByte@32
00410da8       _MultiByteToWideChar@24
00410e04*      _IsValidCodePage@4
00410e10*      _IsDBCSLeadByte@4
00410e1c*      _IsDBCSLeadByteEx@8
Module: \hx\lib\dkrnl32s.lib(VQUERY.ASM)
00410e28*      __FindNextRegion@8
00410f00       _VirtualQuery@12
004110c0*      _VirtualQueryEx@16
Module: \hx\lib\dkrnl32s.lib(CSRPROCS.ASM)
004110cc       _SetConsoleCursorPosition@8
0041112c*      _SetConsoleCursorInfo@8
004111ec*      _GetConsoleCursorInfo@8
Module: \hx\lib\dkrnl32s.lib(GTSCRBFI.ASM)
00411250       __UpdateScreenBuf@0
0041128c*      _GetConsoleScreenBufferInfo@8
004112d0*      _SetConsoleTextAttribute@8
Module: \hx\lib\imphlp.lib(_GetACP@0.obj)
00433644       __imp__GetACP@0
Module: \hx\lib\imphlp.lib(_GetOEMCP@0.obj)
00433648       __imp__GetOEMCP@0
Module: \hx\lib\imphlp.lib(_GetCPInfo@8.obj)
0043364c       __imp__GetCPInfo@8
Module: \hx\lib\dkrnl32s.lib(LOPEN.ASM)
004112ec       __lopen@8
Module: \hx\lib\dkrnl32s.lib(LREAD.ASM)
00411354       __lwrite@12
00411378       __lread@12
Module: \hx\lib\dkrnl32s.lib(LSTRLENW.ASM)
0041139c       _lstrlenW@4
Module: \hx\lib\dkrnl32s.lib(INT64.ASM)
004113bc       __mul64@12
00411414       __div64@20
Module: \hx\lib\imphlp.lib(_WriteConsoleA@20.obj)
00433650       __imp__WriteConsoleA@20
Module: \hx\lib\dkrnl32s.lib(KEYBOARD.ASM)
0043365a*      _g_bCtrlBrk
0043365b       _g_bExtState
Module: \hx\lib\dkrnl32s.lib(THREAD3.ASM)
00433660       _g_dwDispProc
00433664       _g_bDispReq
00411678       __DispatchRequest@0
Module: \hx\lib\dkrnl32s.lib(LOADLIBX.ASM)
004116c4       _LoadLibraryExA@12
Module: \hx\lib\dkrnl32s.lib(TIMER2.ASM)
00433668       _g_OldIrq08
00433670       _g_dwRTCTicks
00411720       __SetRTCTimer@0
00411774       __RestoreRTCTimer@0
Module: \hx\lib\dkrnl32s.lib(QUEUEAPC.ASM)
004117b0       _QueueUserAPC@12
Module: \hx\lib\dkrnl32s.lib(SETCWNDI.ASM)
004118a0*      _SetConsoleWindowInfo@12
004118cc*      _SetConsoleScreenBufferSize@8
004119f4       _GetLargestConsoleWindowSize@4
Module: \hx\lib\dkrnl32s.lib(GETACP.ASM)
00411a00       _GetACP@0
00411a0c*      _GetConsoleCP@0
00411a0c*      _GetConsoleOutputCP@0
00411a0c       _GetOEMCP@0
00411a18*      _SetConsoleOutputCP@4
00411a18*      _SetConsoleCP@4
Module: \hx\lib\dkrnl32s.lib(GETCPINF.ASM)
00411a2c       _GetCPInfo@8


                        +----------------------+
                        |   Imported Symbols   |
                        +----------------------+

Symbol                              Module
======                              ======



                        +--------------------+
                        |   Libraries Used   |
                        +--------------------+

\hx\lib\imphlp.lib
\hx\lib\dkrnl32s.lib
\hx\lib\duser32s.lib
../orl/osi386/orl.lib
\watcom\lib386\nt\clib3r.lib


                        +-----------------------+
                        |   Linker Statistics   |
                        +-----------------------+

Stack size:  00020000 (131072.)
Memory size:  0004cf30 (315184.)
Entry point address: 00409008
Link time: 00:00.16
