JWlink Version 1.9beta 8
Portions Copyright (c) 1985-2002 Sybase, Inc. All Rights Reserved.
Created on:       12/11/30 12:52:31
Executable Image: Release\jwlib.exe
creating a PE executable


                        +------------+
                        |   Groups   |
                        +------------+

Group                           Address              Size
=====                           =======              ====

.rdata                          00422000             00000666
DGROUP                          00423000             00102000



                        +--------------+
                        |   Segments   |
                        +--------------+

Segment                Class          Group          Address         Size
=======                =====          =====          =======         ====

BEGTEXT                CODE           AUTO           00401000        00000007
_TEXT                  CODE           AUTO           00401010        00020551
TRANSFER CODE          CODE           AUTO           00421564        00000006
.idata                 CONST          .rdata         00422000        00000666
_NULL                  BEGDATA        DGROUP         00423000        00000004
_AFTERNULL             BEGDATA        DGROUP         00423004        00000000
CONST                  DATA           DGROUP         00423004        0000005c
CONST2                 DATA           DGROUP         00423060        00000000
_DATA                  DATA           DGROUP         00423060        00000d6c
XIB                    DATA           DGROUP         00423dcc        00000000
XI                     DATA           DGROUP         00423dcc        00000024
XIE                    DATA           DGROUP         00423df0        00000000
YIB                    DATA           DGROUP         00423df0        00000000
YI                     DATA           DGROUP         00423df0        0000001e
YIE                    DATA           DGROUP         00423e0e        00000000
TIB                    DATA           DGROUP         00423e0e        00000000
TI                     DATA           DGROUP         00423e0e        00000000
TIE                    DATA           DGROUP         00423e0e        00000000
DATA                   DATA           DGROUP         00423e0e        00000000
_BSS                   BSS            DGROUP         00423e10        000011ec
STACK                  STACK          DGROUP         00425000        00100000


                        +----------------+
                        |   Memory Map   |
                        +----------------+

* = unreferenced symbol
+ = symbol only referenced locally

Address        Symbol
=======        ======

Module: Release/wlib.obj(C:\Projects\JWlink\JWlib\c\wlib.c)
00401010       InitSubSystems_
00401045       WlibMainLine_
004010a4       FiniSubSystems_
00423e10       _Env
Module: Release/libio.obj(C:\Projects\JWlink\JWlib\c\libio.c)
004010c7       InitLibIo_
004010cf       ResetLibIo_
00401104       LibOpen_
004011e7       LibReadError_
00401206*      LibWriteError_
0040121d       BadLibrary_
00401277       LibRead_
004013fb       LibWrite_
004014c5       LibClose_
0040153d       LibSeek_
004015bb       LibTell_
Module: Release/symtable.obj(C:\Projects\JWlink\JWlib\c\symtable.c)
0040166f       InitFileTab_
00401746       CleanFileTab_
00401797       ResetFileTab_
004017e4       FiniFileTab_
00401b1c       WriteFile_
00402342       WriteFileTable_
0040240a       AddSym_
00402521       RemoveObjectSymbols_
004025a8       AddObjectSymbols_
004026ac       OmfMKImport_
004027c2       CoffMKImport_
004028e1       ElfMKImport_
00402d38       ListContents_
Module: Release/omfproc.obj(C:\Projects\JWlink\JWlib\c\omfproc.c)
00402fff       InitOmfRec_
00403019       FiniOmfRec_
0040380d       OmfCopy_
0040381a       OmfSkipObject_
00403828       OmfExtract_
0040385f       OmfImportSize_
004038bb       OmfWriteImport_
00403a64       OMFWalkSymList_
Module: Release/writelib.obj(C:\Projects\JWlink\JWlib\c\writelib.c)
00403ac6       WriteNew_
00403adc       WriteNewLib_
00403c5e       WriteBigEndian32_
00403ca2       WriteLittleEndian32_
00403cbc       WriteLittleEndian16_
00424198       _ExportListFile
0042419c       _NewLibrary
Module: Release/convert.obj(C:\Projects\JWlink\JWlib\c\convert.c)
00403d0b       GetARName_
00403dba       GetFFName_
00403e77       GetARHeaderValues_
00403f77       CreateARHeader_
Module: Release/wlibutil.obj(C:\Projects\JWlink\JWlib\c\wlibutil.c)
0040404a       SymbolNameCmp_
0040405c       GetFileContents_
004040a1       NewArchHeader_
0040412c       Copy_
0040417a       SameFile_
004041bd       SameName_
00404202       MakeFName_
00404221       IsExt_
0040423f       DefaultExtension_
0040428a       MakeObjOutputName_
00404302       MakeListName_
0040433e       MakeBakName_
0040437a       MakeTmpName_
00404436       TrimPath_
0040446b       FormSym_
004044b7       LibFormat_
Module: Release/libwalk.obj(C:\Projects\JWlink\JWlib\c\libwalk.c)
00404529       LibWalk_
0040466e       OMFLibWalk_
Module: Release/symlist.obj(C:\Projects\JWlink\JWlib\c\symlist.c)
00404863       ObjWalkSymList_
Module: Release/proclib.obj(C:\Projects\JWlink\JWlib\c\proclib.c)
00404de2       ProcessCommands_
Module: Release/cmdline.obj(C:\Projects\JWlink\JWlib\c\cmdline.c)
00405bc7       ProcessCmdLine_
00405d9f       ResetCmdLine_
00405dcc       InitCmdLine_
0042462c       _Options
00424650       _CmdList
Module: Release/error.obj(C:\Projects\JWlink\JWlib\c\error.c)
00406e17       InitMsg_
00406e18       MsgGet_
00406e3f       FiniMsg_
Module: Release/implib.obj(C:\Projects\JWlink\JWlib\c\implib.c)
00407bb4       ProcessImport_
00408286       ElfImportSize_
004082dc       CoffImportSize_
004083a4       ElfWriteImport_
00408681       AddImport_
Module: Release/elfobjs.obj(C:\Projects\JWlink\JWlib\c\elfobjs.c)
004231e0       _ElfBase
00423302       _ElfOSInfo
Module: Release/orlrtns.obj(C:\Projects\JWlink\JWlib\c\orlrtns.c)
0040880a       FiniObj_
00408814       InitObj_
00408905       OpenObjFile_
00408923       OpenLibFile_
0040893a       CloseLibFile_
0040896a       CloseObjFile_
Module: Release/memfuncs.obj(C:\Projects\JWlink\JWlib\c\memfuncs.c)
0040897c       InitMem_
00408984       MemAlloc_
004089c8       MemRealloc_
00408a41       MemFree_
00408a81       MemAllocGlobal_
00408aa8*      MemReallocGlobal_
00408ad1       MemFreeGlobal_
00408ada       ResetMem_
00408ae5       FiniMem_
00408af5       DupStr_
00408b34       DupStrGlobal_
Module: Release/ideentry.obj(C:\Projects\JWlink\JWlib\c\ideentry.c)
00408c7b*      _MessageBoxA@16
00408ca9*      IDEGetVersion_
00408caf       IDEInitDLL_
00408cc5       IDEPassInitInfo_
00408cce       IDERunYourSelf_
00408cf2*      IDERunYourSelfArgv_
00408cfe       IDEStopRunning_
00408d2e*      IDEFreeHeap_
00408d33       IDEFiniDLL_
00408d38       WlibGetEnv_
00408d75*      FatalResError_
00408db3       FatalError_
00408e44       Warning_
00408ed6       Message_
00408f58       Usage_
00409052       Banner_
Module: Release/idedrv.obj(C:\Projects\JWlink\JWlib\c\idedrv.c)
00409267       IdeDrvExecDLL_
004092f4       IdeDrvUnloadDLL_
00409315*      IdeDrvStopRunning_
Module: Release/idemsgfm.obj(C:\Projects\JWlink\JWlib\c\idemsgfm.c)
004094d1       IdeMsgFormat_
00409641*      IdeMsgStartDll_
Module: Release/idemsgpr.obj(C:\Projects\JWlink\JWlib\c\idemsgpr.c)
00409649       IdeMsgInit_
0040968b*      IdeMsgSetReadable_
00409690*      IdeMsgSetMsgNo_
00409698*      IdeMsgSetMsgGroup_
004096d9*      IdeMsgSetLnkFile_
004096e1*      IdeMsgSetLnkSymbol_
004096e9*      IdeMsgSetSrcFile_
004096f1*      IdeMsgSetSrcLine_
004096f9*      IdeMsgSetSrcColumn_
00409701*      IdeMsgSetHelp_
Module: Release/maindrv.obj(C:\Projects\JWlink\JWlib\c\maindrv.c)
00409728       main_
00424710       _ImageName
Module: Release/demangle.obj(C:\Projects\JWlink\lib_misc\c\demangle.c)
0040b77e*      __demangle_t_
0040b7cf       __demangle_l_
0040b827*      __demangle_r_
0040b8aa*      __scope_name_
0040b932+      __is_mangled_
0040b9f6*      __is_mangled_internal_
0040ba22*      __unmangled_name_
0040ba92*      __demangled_basename_
Module: Release/omfutil.obj(C:\Projects\JWlink\JWlib\c\omfutil.c)
0040bae3       InitOmfUtil_
0040baf5       FiniOmfUtil_
0040bb40       PadOmf_
0040be95       WriteOmfDict_
0040bf67       WriteOmfFile_
Module: Release/coffwrt.obj(C:\Projects\JWlink\JWlib\c\coffwrt.c)
0040c45b       CoffWriteImport_
Module: Release/inlib.obj(C:\Projects\JWlink\JWlib\c\inlib.c)
0040d24c       AddInputLib_
0040d29a       CloseOneInputLib_
0040d2be       InitInputLibs_
0040d2c6       ResetInputLibs_
0040d2f6       FindInLib_
0040d30b       InLibHandle_
Module: \watcom\lib386\nt\clib3r.lib(setjmp)
0040d330       _setjmp_
0040d369       longjmp_
Module: \watcom\lib386\nt\clib3r.lib(close.c)
0040d400       close_
Module: \watcom\lib386\nt\clib3r.lib(openwnt.c)
0040d620       open_
0040d640       sopen_
Module: \watcom\lib386\nt\clib3r.lib(errno.c)
0040d670       __get_errno_ptr_
0040d680*      __get_doserrno_ptr_
Module: \watcom\lib386\nt\clib3r.lib(strerror.c)
0040d9b0       strerror_
0040d9d0*      _strerror_
0040daa0*      _doserror_
004235c4+      __sys_errlist
00423668+      __sys_nerr
Module: \watcom\lib386\nt\clib3r.lib(write.c)
0040dd20       write_
Module: \watcom\lib386\nt\clib3r.lib(read.c)
0040df80       read_
Module: \watcom\lib386\nt\clib3r.lib(lseek.c)
0040e110       lseek_
Module: \watcom\lib386\nt\clib3r.lib(filelen.c)
0040e160       filelength_
Module: \watcom\lib386\nt\clib3r.lib(tell.c)
0040e1e0       tell_
Module: \watcom\lib386\nt\clib3r.lib(memset.c)
0040e200       memset_
Module: \watcom\lib386\nt\clib3r.lib(_strcmp)
0040e220       strcmp_
Module: \watcom\lib386\nt\clib3r.lib(splitpat.c)
0040e3a0       _splitpath_
Module: \watcom\lib386\nt\clib3r.lib(qsort.c)
0040e4c0       qsort_
Module: \watcom\lib386\nt\clib3r.lib(time.c)
0040eb70       time_
Module: \watcom\lib386\nt\clib3r.lib(itoa.c)
0040ebb0+      utoa_
0040ec00       itoa_
Module: ../orl/osi386/orl.lib(C:\Projects\JWlink\orl\c\orlentry.c)
0040ec24       ORLInit_
0040ec7f*      ORLGetError_
0040ec83       ORLFini_
0040eccd       ORLFileIdentify_
0040ef88       ORLFileInit_
0040f023       ORLFileFini_
0040f063       ORLExportTableRVA_
0040f07e       ORLFileScan_
0040f0b2       ORLFileGetMachineType_
0040f0e6       ORLFileGetFlags_
0040f11a*      ORLFileGetSize_
0040f14e*      ORLFileGetType_
0040f182       ORLFileGetFormat_
0040f186       ORLFileGetSymbolTable_
0040f1ba*      ORLSecGetName_
0040f1e4       ORLSecGetBase_
0040f20e       ORLSecGetSize_
0040f238*      ORLSecGetType_
0040f262*      ORLSecGetAlignment_
0040f28c*      ORLSecGetFlags_
0040f2b6       ORLSecGetStringTable_
0040f2e0       ORLSecGetSymbolTable_
0040f30a*      ORLSecGetRelocTable_
0040f334*      ORLSecGetLines_
0040f355*      ORLSecGetNumLines_
0040f376*      ORLSecGetOffset_
0040f382*      ORLSecGetClassName_
0040f38e*      ORLSecGetCombine_
0040f39a*      ORLSecGetAbsFrame_
0040f3a9*      ORLSecGetAssociated_
0040f3b5*      ORLSecGetGroup_
0040f3c1       ORLSecGetContents_
0040f3eb*      ORLSecQueryReloc_
0040f415*      ORLSecScanReloc_
0040f43f*      ORLCvtSecHdlToIdx_
0040f469*      ORLCvtIdxToSecHdl_
0040f49d*      ORLRelocSecScan_
0040f4c7       ORLSymbolSecScan_
0040f4f1*      ORLNoteSecScan_
0040f51b       ORLSymbolGetName_
0040f545       ORLSymbolGetValue_
0040f56f       ORLSymbolGetBinding_
0040f599       ORLSymbolGetType_
0040f5c3       ORLSymbolGetRawInfo_
0040f5e6*      ORLSymbolGetSecHandle_
0040f610*      ORLSymbolGetAssociated_
0040f633*      ORLGroupsScan_
0040f657*      ORLGroupName_
0040f663*      ORLGroupSize_
0040f66f*      ORLGroupMember_
Module: \watcom\lib386\nt\clib3r.lib(bprintf.c)
0040f6b0       _vbprintf_
0040f6e0*      _bprintf_
0040f710+      _vsnprintf_
0040f770*      _snprintf_
Module: \watcom\lib386\nt\clib3r.lib(fprintf.c)
0040f7a0       fprintf_
Module: \watcom\lib386\nt\clib3r.lib(fputc.c)
0040f7d0       fputc_
Module: \watcom\lib386\nt\clib3r.lib(localtim.c)
0040f8b0+      _localtime_
0040f910       localtime_
Module: \watcom\lib386\nt\clib3r.lib(strftime.c)
0040fb8d       strftime_
Module: \watcom\lib386\nt\clib3r.lib(fopen.c)
004100d0+      __open_flags_
004102e0+      _fsopen_
00410330       fopen_
004103c0*      freopen_
Module: \watcom\lib386\nt\clib3r.lib(fclose.c)
00410430       __doclose_
004104d0       __shutdown_stream_
004104f0       fclose_
00424878+      ___RmTmpFileFn
Module: \watcom\lib386\nt\clib3r.lib(accsswnt.c)
00410540       access_
Module: \watcom\lib386\nt\clib3r.lib(remove.c)
00410570       remove_
Module: \watcom\lib386\nt\clib3r.lib(renamwnt.c)
00410580       rename_
Module: \watcom\lib386\nt\clib3r.lib(strtol.c)
004107c0       strtoul_
004107d0       strtol_
Module: \watcom\lib386\nt\clib3r.lib(strncpy.c)
004107e0       strncpy_
Module: \watcom\lib386\nt\clib3r.lib(ltoa.c)
00410820       ultoa_
00410870*      ltoa_
Module: \watcom\lib386\nt\clib3r.lib(stricmp.c)
004108a0       stricmp_
Module: \watcom\lib386\nt\clib3r.lib(statwnt.c)
004109e5       stat_
Module: \watcom\lib386\nt\clib3r.lib(fullpath.c)
00410c30+      _sys_fullpath_
00410cb0       _fullpath_
Module: \watcom\lib386\nt\clib3r.lib(makepath.c)
00410d40       _makepath_
Module: \watcom\lib386\nt\clib3r.lib(sprintf.c)
00410ef0       sprintf_
Module: \watcom\lib386\nt\clib3r.lib(strncmp.c)
00410f20       strncmp_
Module: \watcom\lib386\nt\clib3r.lib(unlnkwnt.c)
00410f50       unlink_
Module: \watcom\lib386\nt\clib3r.lib(istable.c)
00410f70       __IsTable
Module: \watcom\lib386\nt\clib3r.lib(tolower.c)
00411080       tolower_
Module: \watcom\lib386\nt\clib3r.lib(fgets.c)
00411090       fgets_
Module: \watcom\lib386\nt\clib3r.lib(printf.c)
00411100       printf_
Module: \watcom\lib386\nt\clib3r.lib(nmalloc.c)
00411130       _nmalloc_
00411130       malloc_
004236f8       ___nheapbeg
004236fc       ___MiniHeapRover
00423700       ___LargestSizeB4MiniHeapRover
Module: \watcom\lib386\nt\clib3r.lib(nrealloc.c)
00411230*      _nrealloc_
00411230       realloc_
Module: \watcom\lib386\nt\clib3r.lib(nfree.c)
004112b0       _nfree_
004112b0       free_
0042487c       ___MiniHeapFreeRover
Module: \watcom\lib386\nt\clib3r.lib(exit.c)
004113b8+      __null_int23_exit_
004113b9       exit_
00411409*      _exit_
00423704+      ___int23_exit
00423708+      ___FPE_handler_exit
Module: \watcom\lib386\nt\clib3r.lib(nheapmin.c)
00411420       _nheapshrink_
00411420*      _nheapmin_
00411420*      _heapmin_
00411420       _heapshrink_
Module: \watcom\lib386\nt\clib3r.lib(getchwnt.c)
00411610       getch_
Module: \watcom\lib386\nt\clib3r.lib(iob.c)
00423710       ___iob
00423918       __fmode
0042488c       ___OpenStreams
00424890       ___ClosedStreams
Module: \watcom\lib386\nt\clib3r.lib(fputs.c)
00411680       fputs_
Module: \watcom\lib386\nt\clib3r.lib(fflush.c)
00411720       fflush_
Module: \watcom\lib386\nt\clib3r.lib(getenv.c)
00411730       getenv_
Module: \watcom\lib386\nt\clib3r.lib(signlwnt.c)
0042391c+      __SignalTable
004117c0+      __SetSignalFunc_
00411810+      __GetSignalFunc_
00411840+      __GetSignalOSCode_
00411870+      __CheckSignalExCode_
004119b0+      __sigabort_
004119c0       __sigfpe_handler_
00411a10       signal_
00411aa0+      raise_
00411b10+      __SigInit_
00411b60+      __SigFini_
00411ba0+      __sig_init_
Module: \watcom\lib386\nt\clib3r.lib(isattwnt.c)
00411bc0       isatty_
Module: \watcom\lib386\nt\clib3r.lib(gtcmd.c)
00411c20       _bgetcmd_
00411c90*      getcmd_
Module: \watcom\lib386\nt\clib3r.lib(strrchr.c)
00411cb0       strrchr_
Module: \watcom\lib386\nt\clib3r.lib(putenv.c)
00411cd0       putenv_
00411f60       __putenv_
Module: \watcom\lib386\nt\clib3r.lib(cstrtwnt)
004120ca       _cstart_
004120ca*      mainCRTStartup
Module: \watcom\lib386\nt\clib3r.lib(argcv.c)
00424894       __argc
00424898       __argv
0042489c       ___argv
004248a0       ___argc
Module: \watcom\lib386\nt\clib3r.lib(memmove.c)
00412130       memmove_
Module: \watcom\lib386\nt\clib3r.lib(stackwnt.c)
00412190       stackavail_
Module: \watcom\lib386\nt\clib3r.lib(stk)
004121a1*      __CHK
004121b1*      __STK
004121d0       __STKOVERFLOW_
004121e0       __GRO
00412200*      __alloca_probe
Module: \watcom\lib386\nt\clib3r.lib(toupper.c)
00412220       toupper_
Module: \watcom\lib386\nt\clib3r.lib(memicmp.c)
00412230       memicmp_
Module: \watcom\lib386\nt\clib3r.lib(ljmphdl.c)
00423998       ___longjmp_handler
Module: \watcom\lib386\nt\clib3r.lib(iomode.c)
00412280       __GetIOMode_
004122a0       __SetIOMode_nogrow_
0042399c       ___NFiles
004239a0       ___init_mode
004239f0       ___io_mode
Module: \watcom\lib386\nt\clib3r.lib(_clsewnt.c)
004122c0       __close_
Module: \watcom\lib386\nt\clib3r.lib(seterrno.c)
00412316       __set_errno_
00412324*      __set_EDOM_
00412332*      __set_ERANGE_
00412340*      __set_EINVAL_
00412353       __set_doserrno_
Module: \watcom\lib386\nt\clib3r.lib(hdlman.c)
004239f4+      ___NHandles
004239f8+      ___OSHandles
004239fc+      ___FakeHandles
00412370+      __growPOSIXHandles_
00412410       __allocPOSIXHandle_
004124d0       __freePOSIXHandle_
004124f0       __getOSHandle_
00412500       __setOSHandle_
00412550+      __NTGetFakeHandle_
004125c0       __initPOSIXHandles_
004126a0*      __set_handles_
004126b0*      _grow_handles_
Module: \watcom\lib386\nt\clib3r.lib(ntfio.c)
004126f0*      __GetNTCreateAttr_
00412730       __GetNTAccessAttr_
00412760       __GetNTShareAttr_
Module: \watcom\lib386\nt\clib3r.lib(umaskval.c)
00423a08       ___umaskval
Module: \watcom\lib386\nt\clib3r.lib(stiomode.c)
004127c0       __grow_iomode_
00412890+      __shrink_iomode_
004128d0       __SetIOMode_
Module: \watcom\lib386\nt\clib3r.lib(dosret.c)
00412940*      _dosretax_
00412950*      _dosret0_
00412960       __set_errno_dos_
00412990*      __set_errno_dos_reterr_
004129a0       __set_errno_nt_
004129b0*      __set_errno_nt_reterr_
Module: \watcom\lib386\nt\clib3r.lib(mainwnt.c)
00423b10*      ___TlsIndex
00423b14+      ___FirstThreadData
00423b18       ___GetThreadPtr
00423b1c       __AccessFileH
00423b20       __ReleaseFileH
00423b24       __AccessIOB
00423b28       __ReleaseIOB
00423b2c       __AccessNHeap
00423b30*      __AccessFHeap
00423b34       __ReleaseNHeap
004129e0*      __threadid_
00412a00+      __sig_null_rtn_
00412a10+      __NTInit_
00412bf0+      __NTFini_
00412c50       __NTMainInit_
00412cb0       __exit_
00423b38*      __ReleaseFHeap
00423b3c*      __AccessTDList
00423b40*      __ReleaseTDList
00423b44       __AccessFList
00423b48       __ReleaseFList
00423b4c+      __ThreadExitRtn
00423b50       ___sig_init_rtn
00423b54       ___sig_fini_rtn
00423b58       ___process_fini
004248b0       ___Is_DLL
Module: \watcom\lib386\nt\clib3r.lib(iomodtty.c)
00412d00       __ChkTTYIOMode_
00412d40*      __IOMode_
Module: \watcom\lib386\nt\clib3r.lib(__lseek.c)
00412d60       __lseek_
Module: \watcom\lib386\nt\clib3r.lib(__stos)
00412da0       __STOSB
00412dd7*      __STOSD
Module: \watcom\lib386\nt\clib3r.lib(mbsnccnt.c)
00412e50       _mbsnccnt_
Module: \watcom\lib386\nt\clib3r.lib(mbsncpy.c)
00412e80       _mbsncpy_
Module: \watcom\lib386\nt\clib3r.lib(mbsnbcnt.c)
00412ea0       _mbsnbcnt_
Module: \watcom\lib386\nt\clib3r.lib(mbsnextc.c)
00412f10       _mbsnextc_
Module: \watcom\lib386\nt\clib3r.lib(mbsinc.c)
00412f50       _mbsinc_
Module: \watcom\lib386\nt\clib3r.lib(gtctmwnt.c)
00412f80       __getctime_
Module: \watcom\lib386\nt\clib3r.lib(mktime.c)
00412ff0       mktime_
Module: \watcom\lib386\nt\clib3r.lib(alphabet.c)
00423004       ___Alphabet
Module: ../orl/osi386/orl.lib(C:\Projects\JWlink\orl\elf\c\elfentr.c)
00413089       ElfInit_
004130a5       ElfFini_
004130c8       ElfFileInit_
00413115       ElfFileFini_
0041311a       ElfFileScan_
00413172       ElfFileGetMachineType_
00413176       ElfFileGetFlags_
0041317b       ElfFileGetType_
0041317f       ElfFileGetSize_
00413183       ElfFileGetSymbolTable_
00413187       ElfSymbolGetName_
00413187       ElfSecGetName_
0041318b       ElfSecGetBase_
0041318f       ElfSymbolGetValue_
0041318f       ElfSecGetSize_
00413193       ElfSecGetType_
00413197       ElfSecGetFlags_
0041319c       ElfSecGetAlignment_
004131a0       ElfSecGetStringTable_
004131bc       ElfSecGetSymbolTable_
004131dd       ElfSecGetRelocTable_
00413204       ElfSecGetContents_
00413216       ElfSecQueryReloc_
0041327f       ElfSecScanReloc_
004132de       ElfCvtSecHdlToIdx_
00413313       ElfCvtIdxToSecHdl_
00413342       ElfRelocSecScan_
0041339e       ElfSymbolSecScan_
004133f6       ElfNoteSecScan_
00413435       ElfSymbolGetBinding_
00413439       ElfSymbolGetType_
0041343e       ElfSymbolGetRawInfo_
00413442       ElfSymbolGetSecHandle_
0041345b       ElfSymbolGetAssociated_
Module: ../orl/osi386/orl.lib(C:\Projects\JWlink\orl\coff\c\coffentr.c)
00413475       CoffInit_
00413491       CoffFini_
004134b4       CoffFileInit_
00413516       CoffFileFini_
0041351b       CoffFileScan_
00413573       CoffExportTableRVA_
00413577       CoffFileGetMachineType_
0041357b       CoffFileGetFlags_
00413580       CoffFileGetType_
00413584       CoffSecGetBase_
00413584       CoffFileGetSize_
00413588       CoffFileGetSymbolTable_
0041358c       CoffSecGetStringTable_
00413593       CoffSecGetSymbolTable_
0041359a       CoffSecGetName_
0041359e       CoffSecGetSize_
004135a2       CoffSecGetType_
004135a6       CoffSecGetFlags_
004135ab       CoffSecGetAlignment_
004135af       CoffSecGetRelocTable_
004135bc       CoffSecGetNumLines_
004135ce       CoffSecGetLines_
004135ec       CoffSecGetOffset_
004135fd       CoffSecGetContents_
0041360f       CoffSecQueryReloc_
00413667       CoffCvtSecHdlToIdx_
00413698       CoffCvtIdxToSecHdl_
004136a0       CoffSecScanReloc_
004136f1       CoffRelocSecScan_
0041373a       CoffSymbolSecScan_
0041378f       CoffNoteSecScan_
004137ce       CoffSymbolGetName_
004137df       CoffSymbolGetValue_
004137e6       CoffSymbolGetBinding_
004137ea       CoffSymbolGetType_
004137ef       CoffSymbolGetSecHandle_
00413810       CoffSymbolGetAssociated_
Module: ../orl/osi386/orl.lib(C:\Projects\JWlink\orl\omf\c\omfentr.c)
00413822       OmfInit_
0041383e       OmfFini_
00413861       OmfFileInit_
004138b6       OmfFileFini_
004138bb       OmfFileScan_
00413917       OmfFileGetMachineType_
0041391e       OmfFileGetFlags_
00413926       OmfFileGetType_
0041392d       OmfFileGetSize_
00413934       OmfSecGetName_
0041394e       OmfSecGetBase_
00413951       OmfGroupSize_
00413951       OmfSecGetSize_
00413955       OmfSecGetType_
00413959       OmfSecGetFlags_
0041395e       OmfSecGetAlignment_
00413975       OmfSecGetClassName_
00413995       OmfSecGetCombine_
004139ad       OmfSecGetAbsFrame_
004139c7       OmfSecGetAssociated_
004139e4       OmfSecGetGroup_
00413a11       OmfSecGetStringTable_
00413a25       OmfSecGetSymbolTable_
00413a28       OmfFileGetSymbolTable_
00413a2f       OmfSecGetRelocTable_
00413a3c       OmfSymbolGetSecHandle_
00413a40       OmfSecGetContents_
00413ae6       OmfSecQueryReloc_
00413afd       OmfSecScanReloc_
00413b18       OmfSymbolGetValue_
00413b18       OmfCvtSecHdlToIdx_
00413b1c       OmfCvtIdxToSecHdl_
00413b2d       OmfRelocSecScan_
00413b48       OmfSymbolSecScan_
00413b7d       OmfSecGetNumLines_
00413b8b       OmfSecGetLines_
00413b99       OmfSymbolGetName_
00413b9d       OmfSymbolGetBinding_
00413ba1       OmfSymbolGetType_
00413ba6       OmfSymbolGetRawInfo_
00413ba9       OmfNoteSecScan_
00413bb6       OmfGroupsScan_
00413be4       OmfGroupName_
00413beb       OmfGroupMember_
Module: ../orl/osi386/orl.lib(C:\Projects\JWlink\orl\c\orlflhnd.c)
00413c27       ORLAddFileLinks_
00413c35       ORLRemoveFileLinks_
Module: \watcom\lib386\nt\clib3r.lib(prtf.c)
00413c80       __prtf_
Module: \watcom\lib386\nt\clib3r.lib(fprtf.c)
00414970       __fprtf_
Module: \watcom\lib386\nt\clib3r.lib(ioalloc.c)
00414a30       __ioalloc_
Module: \watcom\lib386\nt\clib3r.lib(flush.c)
00414ad0       __flush_
Module: \watcom\lib386\nt\clib3r.lib(tzset.c)
00423b5c       ___start_dst
00423b80       ___end_dst
00423ca8       _tzname
00423cb0       _timezone
00423cb4       _daylight
00423cb8       ___dst_adjust
00414c20*      __DontCacheOSTZ_
00414c30*      __CacheOSTZ_
00415110+      __parse_tz_
00415500       tzset_
Module: \watcom\lib386\nt\clib3r.lib(gmtime.c)
00415570       __brktime_
00415670+      _gmtime_
00415690*      gmtime_
Module: \watcom\lib386\nt\clib3r.lib(timeutil.c)
004157f0       __isindst_
Module: \watcom\lib386\nt\clib3r.lib(leapyear.c)
00415b20       __leapyear_
0042302c       ___diyr
00423046       ___dilyr
Module: \watcom\lib386\nt\clib3r.lib(comtflag.c)
00415b60*      __set_commode_
00423cc0       __commode
Module: \watcom\lib386\nt\clib3r.lib(fseek.c)
00415bc0       fseek_
Module: \watcom\lib386\nt\clib3r.lib(chktty.c)
00415cd0       __chktty_
Module: \watcom\lib386\nt\clib3r.lib(freefp.c)
00415d10       __freefp_
00415d60       __purgefp_
Module: \watcom\lib386\nt\clib3r.lib(allocfp.c)
00415d90       __allocfp_
Module: \watcom\lib386\nt\clib3r.lib(fgtattr.c)
00415e60       __fixed_GetFileAttributesA_
Module: \watcom\lib386\nt\clib3r.lib(crwdata)
00423d08       __osmajor
00423d09       __osminor
00423d0a       __osbuild
00423d0c       __osver
00423d10       __winmajor
00423d14       __winminor
00423d18       __winver
00423cd4       __LpDllName
00423cd8       __LpwCmdLine
00423cdc       __LpwPgmName
00423ce0       __LpwDllName
00423ccc       __LpCmdLine
00423cd0       __LpPgmName
00423cc4*      __dynend
00423cc8       __curbrk
00423ce4*      __STACKLOW
00423ce8       __STACKTOP
00423cec       __ASTACKSIZ
00423cf0       __ASTACKPTR
00423cf4       __cbyte
00423cf8*      __cbyte2
00423cfc*      __child
00423d02       __Envptr
00423d06*      __Envseg
00423d00*      __no87
00423d1c       ___FPE_handler
Module: \watcom\lib386\nt\clib3r.lib(mbspbrk.c)
00415f00       _mbspbrk_
Module: \watcom\lib386\nt\clib3r.lib(gtcwdwnt.c)
00415f50       getcwd_
Module: \watcom\lib386\nt\clib3r.lib(ntdirinf.c)
00415fe0       __MakeDOSDT_
00416010*      __FromDOSDT_
00416040*      __GetNTDirInfo_
00416080*      __NTFindNextFileWithAttr_
Module: \watcom\lib386\nt\clib3r.lib(d2ttime.c)
004160e0       _d2ttime_
Module: \watcom\lib386\nt\clib3r.lib(mbconv.c)
00416160       _mbvtop_
Module: \watcom\lib386\nt\clib3r.lib(mbclen.c)
00416180       _mbclen_
Module: \watcom\lib386\nt\clib3r.lib(mbsdec.c)
004161b0       _mbsdec_
Module: \watcom\lib386\nt\clib3r.lib(vsprintf.c)
00416250       vsprintf_
Module: \watcom\lib386\nt\clib3r.lib(fgetc.c)
00416270+      __fill_buffer_
00416370       fgetc_
Module: \watcom\lib386\nt\clib3r.lib(nmemneed.c)
00416430       __nmemneed_
Module: \watcom\lib386\nt\clib3r.lib(mem.c)
00416440       __MemAllocator
004164f0       __MemFree
Module: \watcom\lib386\nt\clib3r.lib(grownear.c)
00416790       __ExpandDGROUP_
Module: \watcom\lib386\nt\clib3r.lib(nmsize.c)
004167b0       _nmsize_
004167b0*      _msize_
Module: \watcom\lib386\nt\clib3r.lib(nexpand.c)
004167c0       _nexpand_
004167c0*      _expand_
00416800+      __HeapManager_expand_
Module: \watcom\lib386\nt\clib3r.lib(initrtns.c)
004169d0       __InitRtns
00416a20       __FiniRtns
Module: \watcom\lib386\nt\clib3r.lib(conutwnt.c)
00416a90       __NTRealKey_
00416b40       __NTConsoleInput_
00416b50       __NTConsoleOutput_
Module: \watcom\lib386\nt\clib3r.lib(initfile.c)
00416b90       __InitFiles_
Module: \watcom\lib386\nt\clib3r.lib(ioexit.c)
00416c90*      fcloseall_
00416ca0       __full_io_exit_
Module: \watcom\lib386\nt\clib3r.lib(flushall.c)
00416cb0       __flushall_
00416cf0       flushall_
Module: \watcom\lib386\nt\clib3r.lib(environ.c)
00424ecc       ___env_mask
00424ed0       _environ
00424ed4       __wenviron
Module: \watcom\lib386\nt\clib3r.lib(mbterm.c)
00416d00       _mbterm_
Module: \watcom\lib386\nt\clib3r.lib(mbcupper.c)
00416d40       _mbctoupper_
Module: \watcom\lib386\nt\clib3r.lib(abort.c)
00416d81*      abort_
00416d93       __terminate_
00423d28       ___abort
Module: \watcom\lib386\nt\clib3r.lib(excptwnt.c)
00417410+      ___ReportException@4
00417860       __DefaultExceptionHandler_
004178a0+      ___ExceptionFilter
00417ab0       __NewExceptionFilter_
00417ae0       __DoneExceptionFilter_
00423d2c       ___oscode_check_func
00423d30       ___raise_func
00424ed8*      _sw
00424edc+      ___ExceptionHandled
00424edd+      ___ReportInvoked
Module: \watcom\lib386\nt\clib3r.lib(mbschr.c)
00417b20       _mbschr_
Module: \watcom\lib386\nt\clib3r.lib(mbslen.c)
00417b80       _mbslen_
Module: \watcom\lib386\nt\clib3r.lib(mbstowcs.c)
00417bb0       mbstowcs_
Module: \watcom\lib386\nt\clib3r.lib(uputenv.c)
00417c30*      _wputenv_
00417e50       __wputenv_
Module: \watcom\lib386\nt\clib3r.lib(main2wnt.c)
00417f50       __NTMain
Module: \watcom\lib386\nt\clib3r.lib(segdefns)
00401003       ___begtext
00423000*      __nullarea
00423dcc       __Start_XI
00423df0       __End_XI
00423df0       __Start_YI
00423e0e       __End_YI
Module: \watcom\lib386\nt\clib3r.lib(initargv.c)
00417fb0       __Init_Argv_
00418000+      _getargv_
004181a0       __Fini_Argv_
Module: \watcom\lib386\nt\clib3r.lib(xmsgwnt.c)
004181b0+      __exit_with_msg_
00418210       __fatal_runtime_error_
Module: \watcom\lib386\nt\clib3r.lib(getmodfn.c)
00418230       __lib_GetModuleFileNameW_
Module: \watcom\lib386\nt\clib3r.lib(strdup.c)
004182d0       __clib_strdup_
Module: \watcom\lib386\nt\clib3r.lib(ustrdup.c)
00418310       __clib_wcsdup_
Module: \watcom\lib386\nt\clib3r.lib(stklmwnt.c)
00418340       __init_stack_limits_
Module: \watcom\lib386\nt\clib3r.lib(mbsnbcpy.c)
004183b0       _mbsnbcpy_
Module: \watcom\lib386\nt\clib3r.lib(mbisdbcs.c)
00424ee4       ___IsDBCS
Module: \watcom\lib386\nt\clib3r.lib(mbislead.c)
00418410*      _ismbblead_
00424ee8       ___MBCSIsTable
Module: \watcom\lib386\nt\clib3r.lib(locmktim.c)
00418430       __local_mktime_
Module: ../orl/osi386/orl.lib(C:\Projects\JWlink\orl\elf\c\elfflhn.c)
004185f1       ElfAddFileLinks_
004185ff       ElfRemoveFileLinks_
Module: ../orl/osi386/orl.lib(C:\Projects\JWlink\orl\elf\c\elfload.c)
00419bcf       ElfLoadFileStructure_
Module: ../orl/osi386/orl.lib(C:\Projects\JWlink\orl\c\orlhash.c)
00419e44*      ORLNumberCmp_
00419e7a       ORLHashTableInsert_
00419f26       ORLHashTableQuery_
00419f75       ORLHashTableCreate_
00419fd9       ORLHashTableFree_
Module: ../orl/osi386/orl.lib(C:\Projects\JWlink\orl\elf\c\elflwlv.c)
0041a8eb       ElfCreateSymbolHandles_
0041aa81       ElfBuildSecNameHashTable_
0041acad+      ElfConvertRelocType_
0041ad8e       ElfCreateRelocs_
0041b095       ElfParseDrectve_
Module: ../orl/osi386/orl.lib(C:\Projects\JWlink\orl\coff\c\coffflhn.c)
0041b240       CoffAddFileLinks_
0041b24e       CoffRemoveFileLinks_
Module: ../orl/osi386/orl.lib(C:\Projects\JWlink\orl\coff\c\coffload.c)
0041b9d6       CoffLoadFileStructure_
Module: ../orl/osi386/orl.lib(C:\Projects\JWlink\orl\coff\c\cofflwlv.c)
0041bef4       CoffCreateSymbolHandles_
0041c292       CoffBuildSecNameHashTable_
0041c358+      CoffConvertRelocType_
0041c522       CoffCreateRelocs_
0041c60d       CoffConvertLines_
0041c7db       CoffParseDrectve_
Module: ../orl/osi386/orl.lib(C:\Projects\JWlink\orl\omf\c\omfflhn.c)
0041cacc       OmfAddFileLinks_
0041cada       OmfRemoveFileLinks_
Module: ../orl/osi386/orl.lib(C:\Projects\JWlink\orl\omf\c\omfload.c)
0041cb3e       OmfGetWordSize_
0041cc3f+      loadIndex_
0041dc7a       OmfLoadFileStructure_
0041dcf6       OmfParseScanTab_
Module: ../orl/osi386/orl.lib(C:\Projects\JWlink\orl\omf\c\omfmunge.c)
0041e777       OmfModEnd_
0041eb02       OmfAddLIData_
0041ec25       OmfAddLEData_
0041eca8       OmfAddLName_
0041ed13       OmfAddFixupp_
0041f004       OmfAddExtDef_
0041f0f3       OmfAddComDat_
0041f38b       OmfAddLineNum_
0041f3d8       OmfAddSegDef_
0041f4fe       OmfAddPubDef_
0041f5b8       OmfAddGrpDef_
0041f669       OmfAddComment_
0041f735       OmfGetLName_
0041f784       OmfGetPtrToLName_
0041f7a8       OmfFindSegOrComdat_
0041f7fe       OmfExportSegmentContents_
0041f811       OmfTheadr_
Module: ../orl/osi386/orl.lib(C:\Projects\JWlink\orl\omf\c\omfdrctv.c)
0041f874       OmfParseComments_
Module: \watcom\lib386\nt\clib3r.lib(wctomb.c)
0041f920       wctomb_
Module: \watcom\lib386\nt\clib3r.lib(strupr.c)
0041f960       strupr_
Module: \watcom\lib386\nt\clib3r.lib(noefgfmt.c)
00423d60       ___EFG_printf
00423d64*      ___EFG_scanf
Module: \watcom\lib386\nt\clib3r.lib(lltoa.c)
0041f9d0       ulltoa_
0041fa40*      lltoa_
Module: \watcom\lib386\nt\clib3r.lib(fsync.c)
0041fa70       fsync_
Module: \watcom\lib386\nt\clib3r.lib(qwrit.c)
0041fac0       __qwrite_
Module: \watcom\lib386\nt\clib3r.lib(wcstombs.c)
0041fba0       wcstombs_
Module: \watcom\lib386\nt\clib3r.lib(gtchewnt.c)
0041fc40       getche_
Module: \watcom\lib386\nt\clib3r.lib(qread.c)
0041fc70       __qread_
Module: \watcom\lib386\nt\clib3r.lib(amblksiz.c)
00423d68       __amblksiz
Module: \watcom\lib386\nt\clib3r.lib(heapen.c)
0041fce0*      _heapenable_
00423d6c       ___heap_enabled
Module: \watcom\lib386\nt\clib3r.lib(setenvp.c)
0041fd10       __setenvp_
0041fdd0       __freeenvp_
Module: \watcom\lib386\nt\clib3r.lib(fclex387.c)
0041fe20       _ClearFPE_
Module: \watcom\lib386\nt\clib3r.lib(mbccmp.c)
0041fe30       _mbccmp_
Module: \watcom\lib386\nt\clib3r.lib(mbtowc.c)
0041fe70       mbtowc_
Module: \watcom\lib386\nt\clib3r.lib(ustrchr.c)
0041ff00       wcschr_
Module: \watcom\lib386\nt\clib3r.lib(memcpy.c)
0041ff20       memcpy_
Module: \watcom\lib386\nt\clib3r.lib(ustrlen.c)
0041ff3f       wcslen_
Module: \watcom\lib386\nt\clib3r.lib(setenvar.c)
0041ff60       __lib_SetEnvironmentVariableW_
Module: \watcom\lib386\nt\clib3r.lib(crtwenv.c)
00420050       __create_wide_environment_
Module: \watcom\lib386\nt\clib3r.lib(utoupper.c)
004200b8       towupper_
Module: \watcom\lib386\nt\clib3r.lib(mthrdini.c)
004200d0       __InitThreadData_
00423d70       ___ThreadDataSize
Module: \watcom\lib386\nt\clib3r.lib(cmain386.c)
00420100       __CMain
Module: \watcom\lib386\nt\clib3r.lib(dosseg)
00001234       __DOSseg__
Module: \watcom\lib386\nt\clib3r.lib(histsplt.c)
00424ff0       ___historical_splitparms
Module: \watcom\lib386\nt\clib3r.lib(___argc.c)
00424ff4       ____Argc
00424ff8       ____Argv
Module: \watcom\lib386\nt\clib3r.lib(enterdb.c)
00420140       __EnterWVIDEO_
00423d74+      ___WD_Present
Module: \watcom\lib386\nt\clib3r.lib(mbinit.c)
004201a0       __mbinit_
00423d78       ___MBCodePage
Module: \watcom\lib386\nt\clib3r.lib(i8s)
00420290       __U8RS
004202aa*      __I8RS
004202c5*      __I8LS
004202c5       __U8LS
Module: \watcom\lib386\nt\clib3r.lib(i8d)
004202e0*      __I8D
00420335       __U8D
Module: ../orl/osi386/orl.lib(C:\Projects\JWlink\orl\coff\c\coffimpl.c)
00420908+      getImportName_
004211c4       convert_import_library_
00423dba       _ImportLibData
Module: \watcom\lib386\nt\clib3r.lib(atoi.c)
00421240       atoi_
Module: \watcom\lib386\nt\clib3r.lib(strstr.c)
00421290       strstr_
Module: \watcom\lib386\nt\clib3r.lib(putchwnt.c)
00421340       putch_
Module: \watcom\lib386\nt\clib3r.lib(dofilstr.c)
004213b0       __ParsePosixHandleStr_
Module: \watcom\lib386\nt\clib3r.lib(clearenv.c)
004214d0       clearenv_
Module: \watcom\lib386\nt\clib3r.lib(cinit.c)
00421560       __CommonInit_


                        +----------------------+
                        |   Imported Symbols   |
                        +----------------------+

Symbol                              Module
======                              ======

_RtlUnwind@16                       KERNEL32.DLL
_CreateFileA@28                     KERNEL32.DLL
_FormatMessageA@28                  KERNEL32.DLL
_SetFilePointer@16                  KERNEL32.DLL
_GetLastError@0                     KERNEL32.DLL
_WriteFile@20                       KERNEL32.DLL
_GetFileType@4                      KERNEL32.DLL
_ReadFile@20                        KERNEL32.DLL
_MoveFileA@8                        KERNEL32.DLL
_CloseHandle@4                      KERNEL32.DLL
_GetDriveTypeA@4                    KERNEL32.DLL
_FindFirstFileA@8                   KERNEL32.DLL
_FindClose@4                        KERNEL32.DLL
_GetFullPathNameA@16                KERNEL32.DLL
_DeleteFileA@4                      KERNEL32.DLL
_VirtualFree@12                     KERNEL32.DLL
_ReadConsoleInputA@16               KERNEL32.DLL
_GetConsoleMode@8                   KERNEL32.DLL
_SetConsoleMode@8                   KERNEL32.DLL
_SetConsoleCtrlHandler@8            KERNEL32.DLL
_GetCommandLineA@0                  KERNEL32.DLL
_SetEnvironmentVariableA@8          KERNEL32.DLL
_SetStdHandle@8                     KERNEL32.DLL
_CreateEventA@16                    KERNEL32.DLL
_GetStdHandle@4                     KERNEL32.DLL
_GetEnvironmentStringsA@0           KERNEL32.DLL
_GetVersion@0                       KERNEL32.DLL
_GetModuleFileNameA@12              KERNEL32.DLL
_GetCommandLineW@0                  KERNEL32.DLL
_FreeEnvironmentStringsA@4          KERNEL32.DLL
_GetModuleHandleA@4                 KERNEL32.DLL
_ExitProcess@4                      KERNEL32.DLL
_GetLocalTime@4                     KERNEL32.DLL
_GetTimeZoneInformation@4           KERNEL32.DLL
_GetFileAttributesA@4               KERNEL32.DLL
_GetCurrentDirectoryA@8             KERNEL32.DLL
_FileTimeToLocalFileTime@8          KERNEL32.DLL
_FileTimeToDosDateTime@12           KERNEL32.DLL
_DosDateTimeToFileTime@12           KERNEL32.DLL
_LocalFileTimeToFileTime@8          KERNEL32.DLL
_FindNextFileA@8                    KERNEL32.DLL
_VirtualAlloc@16                    KERNEL32.DLL
_CharUpperA@4                       USER32.DLL
_LoadLibraryA@4                     KERNEL32.DLL
_GetProcAddress@8                   KERNEL32.DLL
_SetUnhandledExceptionFilter@4      KERNEL32.DLL
_UnhandledExceptionFilter@4         KERNEL32.DLL
_GetModuleFileNameW@12              KERNEL32.DLL
_MultiByteToWideChar@24             KERNEL32.DLL
_VirtualQuery@12                    KERNEL32.DLL
_WideCharToMultiByte@32             KERNEL32.DLL
_FlushFileBuffers@4                 KERNEL32.DLL
_SetEnvironmentVariableW@8          KERNEL32.DLL
_GetCurrentThreadId@0               KERNEL32.DLL
_GetACP@0                           KERNEL32.DLL
_GetOEMCP@0                         KERNEL32.DLL
_GetCPInfo@8                        KERNEL32.DLL
_WriteConsoleA@20                   KERNEL32.DLL


                        +--------------------+
                        |   Libraries Used   |
                        +--------------------+

../orl/osi386/orl.lib
\watcom\lib386\nt\kernel32.lib
\watcom\lib386\nt\user32.lib
\watcom\lib386\nt\clib3r.lib


                        +-----------------------+
                        |   Linker Statistics   |
                        +-----------------------+

Stack size:  00100000 (1048576.)
Memory size:  00122bd0 (1190864.)
Entry point address: 004120ca
Link time: 00:00.15
